// Jest Snapshot v1, https://goo.gl/fbAQLP

exports[`HeaderActions View HeaderActions renders correctly 1`] = `
.c0 {
  background-color: filterBackgroundColor;
  height: 3.5rem;
  width: 32.2rem;
  margin: 0rem 0rem 0.5rem -1rem;
  font-size: 1.4rem;
  padding: 1rem;
}

.c0 a {
  padding: 0rem 1rem;
  color: slideOutBlue;
}

<div
  class="c0 row"
>
  Actions:
  <a
    href="/"
  >
    Zoom map
  </a>
</div>
`;
