// Jest Snapshot v1, https://goo.gl/fbAQLP

exports[`Document Results Table matches snapshot 1`] = `
<DocumentFragment>
  <div
    class="Toastify"
  />
  <div
    class="container"
  />
  <div
    class="Toastify"
  />
  .c0 {
  display: -webkit-box;
  display: -webkit-flex;
  display: -ms-flexbox;
  display: flex;
  -webkit-flex-direction: column;
  -ms-flex-direction: column;
  flex-direction: column;
  -webkit-align-items: center;
  -webkit-box-align: center;
  -ms-flex-align: center;
  align-items: center;
  -webkit-box-pack: center;
  -webkit-justify-content: center;
  -ms-flex-pack: center;
  justify-content: center;
  margin-left: 0.5rem;
}

.c2 {
  width: 1.6rem;
  height: 1.6rem;
}

.c1 {
  width: 1.6rem;
  height: 1.6rem;
}

.c3 .btn.btn-primary {
  background-color: transparent;
  padding: 0;
  margin-left: 0.5rem;
}

<div
    class="table"
    data-testid="documentsTable"
    role="table"
  >
    <div
      class="thead thead-light"
    >
      <div
        class="tr"
        role="row"
        style="display: flex; flex: 1 0 auto; min-width: 177px;"
      >
        <div
          class="th"
          colspan="1"
          role="columnheader"
          style="box-sizing: border-box; flex: 40 0 auto; min-width: 40px; width: 40px; justify-content: left; text-align: left; flex-wrap: wrap; align-items: center; display: flex;"
        >
          <div
            class="sortable-column"
          >
            Document type
            <div
              class="c0"
              data-testid="sort-column-documentType"
            >
              <svg
                class="c1"
                fill="currentColor"
                height="1em"
                stroke="currentColor"
                stroke-width="0"
                style="margin-bottom: -8px;"
                viewBox="0 0 512 512"
                width="1em"
                xmlns="http://www.w3.org/2000/svg"
              >
                <path
                  d="M128 320l128-128 128 128z"
                />
              </svg>
              <svg
                class="c2"
                fill="currentColor"
                height="1em"
                stroke="currentColor"
                stroke-width="0"
                viewBox="0 0 512 512"
                width="1em"
                xmlns="http://www.w3.org/2000/svg"
              >
                <path
                  d="M128 192l128 128 128-128z"
                />
              </svg>
            </div>
          </div>
        </div>
        <div
          class="th"
          colspan="1"
          role="columnheader"
          style="box-sizing: border-box; flex: 40 0 auto; min-width: 30px; width: 40px; justify-content: left; text-align: left; flex-wrap: wrap; align-items: center; display: flex;"
        >
          <div
            class="sortable-column"
          >
            File name
            <div
              class="c0"
              data-testid="sort-column-fileName"
            >
              <svg
                class="c1"
                fill="currentColor"
                height="1em"
                stroke="currentColor"
                stroke-width="0"
                style="margin-bottom: -8px;"
                viewBox="0 0 512 512"
                width="1em"
                xmlns="http://www.w3.org/2000/svg"
              >
                <path
                  d="M128 320l128-128 128 128z"
                />
              </svg>
              <svg
                class="c2"
                fill="currentColor"
                height="1em"
                stroke="currentColor"
                stroke-width="0"
                viewBox="0 0 512 512"
                width="1em"
                xmlns="http://www.w3.org/2000/svg"
              >
                <path
                  d="M128 192l128 128 128-128z"
                />
              </svg>
            </div>
          </div>
        </div>
        <div
          class="th"
          colspan="1"
          role="columnheader"
          style="box-sizing: border-box; flex: 20 0 auto; min-width: 30px; width: 20px; justify-content: left; text-align: left; flex-wrap: wrap; align-items: center; display: flex;"
        >
          <div
            class="sortable-column"
          >
            Upload date
            <div
              class="c0"
              data-testid="sort-column-appCreateTimestamp"
            >
              <svg
                class="c1"
                fill="currentColor"
                height="1em"
                stroke="currentColor"
                stroke-width="0"
                style="margin-bottom: -8px;"
                viewBox="0 0 512 512"
                width="1em"
                xmlns="http://www.w3.org/2000/svg"
              >
                <path
                  d="M128 320l128-128 128 128z"
                />
              </svg>
              <svg
                class="c2"
                fill="currentColor"
                height="1em"
                stroke="currentColor"
                stroke-width="0"
                viewBox="0 0 512 512"
                width="1em"
                xmlns="http://www.w3.org/2000/svg"
              >
                <path
                  d="M128 192l128 128 128-128z"
                />
              </svg>
            </div>
          </div>
        </div>
        <div
          class="th"
          colspan="1"
          role="columnheader"
          style="box-sizing: border-box; flex: 20 0 auto; min-width: 30px; width: 20px; justify-content: left; text-align: left; flex-wrap: wrap; align-items: center; display: flex;"
        >
          <div
            class="sortable-column"
          >
            Uploaded by
            <div
              class="c0"
              data-testid="sort-column-appCreateUserid"
            >
              <svg
                class="c1"
                fill="currentColor"
                height="1em"
                stroke="currentColor"
                stroke-width="0"
                style="margin-bottom: -8px;"
                viewBox="0 0 512 512"
                width="1em"
                xmlns="http://www.w3.org/2000/svg"
              >
                <path
                  d="M128 320l128-128 128 128z"
                />
              </svg>
              <svg
                class="c2"
                fill="currentColor"
                height="1em"
                stroke="currentColor"
                stroke-width="0"
                viewBox="0 0 512 512"
                width="1em"
                xmlns="http://www.w3.org/2000/svg"
              >
                <path
                  d="M128 192l128 128 128-128z"
                />
              </svg>
            </div>
          </div>
        </div>
        <div
          class="th"
          colspan="1"
          role="columnheader"
          style="box-sizing: border-box; flex: 20 0 auto; min-width: 30px; width: 20px; justify-content: left; text-align: left; flex-wrap: wrap; align-items: center; display: flex;"
        >
          <div
            class="sortable-column"
          >
            Status
            <div
              class="c0"
              data-testid="sort-column-statusTypeCode"
            >
              <svg
                class="c1"
                fill="currentColor"
                height="1em"
                stroke="currentColor"
                stroke-width="0"
                style="margin-bottom: -8px;"
                viewBox="0 0 512 512"
                width="1em"
                xmlns="http://www.w3.org/2000/svg"
              >
                <path
                  d="M128 320l128-128 128 128z"
                />
              </svg>
              <svg
                class="c2"
                fill="currentColor"
                height="1em"
                stroke="currentColor"
                stroke-width="0"
                viewBox="0 0 512 512"
                width="1em"
                xmlns="http://www.w3.org/2000/svg"
              >
                <path
                  d="M128 192l128 128 128-128z"
                />
              </svg>
            </div>
          </div>
        </div>
        <div
          class="th"
          colspan="1"
          role="columnheader"
          style="box-sizing: border-box; flex: 17 0 auto; min-width: 17px; width: 17px; justify-content: left; text-align: left; flex-wrap: wrap; align-items: center; display: flex;"
        >
          <div
            class="sortable-column"
          >
            Actions
          </div>
        </div>
      </div>
    </div>
    <div
      class="tbody"
      role="rowgroup"
    >
      <div
        class="tr-wrapper"
      >
        <div
          class="tr"
          role="row"
          style="display: flex; flex: 1 0 auto; min-width: 177px;"
        >
          <div
            class="td"
            role="cell"
            style="box-sizing: border-box; flex: 40 0 auto; min-width: 40px; width: 40px; justify-content: left; text-align: left; flex-wrap: wrap; align-items: center; display: flex;"
            title=""
          />
          <div
            class="td"
            role="cell"
            style="box-sizing: border-box; flex: 40 0 auto; min-width: 30px; width: 40px; justify-content: left; text-align: left; flex-wrap: wrap; align-items: center; display: flex;"
            title=""
          >
            <span
              data-testid="document-view-filename-text"
            />
          </div>
          <div
            class="td"
            role="cell"
            style="box-sizing: border-box; flex: 20 0 auto; min-width: 30px; width: 20px; justify-content: left; text-align: left; flex-wrap: wrap; align-items: center; display: flex;"
            title=""
          >
            Jul 27, 2022
          </div>
          <div
            class="td"
            role="cell"
            style="box-sizing: border-box; flex: 20 0 auto; min-width: 30px; width: 20px; justify-content: left; text-align: left; flex-wrap: wrap; align-items: center; display: flex;"
            title=""
          >
            dbo
          </div>
          <div
            class="td"
            role="cell"
            style="box-sizing: border-box; flex: 20 0 auto; min-width: 30px; width: 20px; justify-content: left; text-align: left; flex-wrap: wrap; align-items: center; display: flex;"
            title=""
          />
          <div
            class="td"
            role="cell"
            style="box-sizing: border-box; flex: 17 0 auto; min-width: 17px; width: 17px; justify-content: left; text-align: left; flex-wrap: wrap; align-items: center; display: flex;"
            title=""
          >
            <div
              class="c3 no-gutters row"
            />
          </div>
        </div>
      </div>
      <div
        class="tr-wrapper"
      >
        <div
          class="tr"
          role="row"
          style="display: flex; flex: 1 0 auto; min-width: 177px;"
        >
          <div
            class="td"
            role="cell"
            style="box-sizing: border-box; flex: 40 0 auto; min-width: 40px; width: 40px; justify-content: left; text-align: left; flex-wrap: wrap; align-items: center; display: flex;"
            title=""
          />
          <div
            class="td"
            role="cell"
            style="box-sizing: border-box; flex: 40 0 auto; min-width: 30px; width: 40px; justify-content: left; text-align: left; flex-wrap: wrap; align-items: center; display: flex;"
            title=""
          >
            <span
              data-testid="document-view-filename-text"
            />
          </div>
          <div
            class="td"
            role="cell"
            style="box-sizing: border-box; flex: 20 0 auto; min-width: 30px; width: 20px; justify-content: left; text-align: left; flex-wrap: wrap; align-items: center; display: flex;"
            title=""
          >
            Sep 8, 2022
          </div>
          <div
            class="td"
            role="cell"
            style="box-sizing: border-box; flex: 20 0 auto; min-width: 30px; width: 20px; justify-content: left; text-align: left; flex-wrap: wrap; align-items: center; display: flex;"
            title=""
          >
            admin
          </div>
          <div
            class="td"
            role="cell"
            style="box-sizing: border-box; flex: 20 0 auto; min-width: 30px; width: 20px; justify-content: left; text-align: left; flex-wrap: wrap; align-items: center; display: flex;"
            title=""
          />
          <div
            class="td"
            role="cell"
            style="box-sizing: border-box; flex: 17 0 auto; min-width: 17px; width: 17px; justify-content: left; text-align: left; flex-wrap: wrap; align-items: center; display: flex;"
            title=""
          >
            <div
              class="c3 no-gutters row"
            />
          </div>
        </div>
      </div>
    </div>
  </div>
  .c0 {
  margin-top: 0.3rem;
}

<div
    class="row"
  >
    <div
      class="align-self-center col-auto"
    >
      <span>
        1 - 2 of  2
      </span>
    </div>
    <div
      class="ml-auto align-self-center col-auto"
    />
    <div
      class="align-self-center col-auto"
    >
      <div>
        <div
          class="Menu-root"
        >
          <div
            class="Menu-button"
          >
            <div
              style="display: flex;"
            >
              <span
                class="c0"
              >
                Show
              </span>
              <input
                class="form-control form-control-sm"
                style="width: 50px; margin-left: 10px; margin-right: 10px;"
                type="number"
                value="10"
              />
              <span
                class="c0"
              >
                Entries
              </span>
            </div>
          </div>
          <div
            class="Menu-items"
            style="width: 10.0rem;"
          >
            <div
              class="Menu-options scrollable list-group"
            >
              <div
                class="Menu-item list-group-item"
                title="menu-item-5"
              >
                5
              </div>
              <div
                class="Menu-item list-group-item"
                title="menu-item-10"
              >
                10
              </div>
              <div
                class="Menu-item list-group-item"
                title="menu-item-20"
              >
                20
              </div>
              <div
                class="Menu-item list-group-item"
                title="menu-item-50"
              >
                50
              </div>
              <div
                class="Menu-item list-group-item"
                title="menu-item-100"
              >
                100
              </div>
            </div>
          </div>
        </div>
      </div>
    </div>
    <div
      class="align-self-center col-auto"
    >
      <ul
        class="pagination"
      >
        <li
          class="page-item disabled"
        >
          <a
            aria-disabled="true"
            aria-label="Previous page"
            class="page-link"
            rel="prev"
            role="button"
            tabindex="0"
          >
            &lt;
          </a>
        </li>
        <li
          class="page-item active"
        >
          <a
            aria-current="page"
            aria-label="Page 1 is your current page"
            class="page-link"
            role="button"
            tabindex="0"
          >
            1
          </a>
        </li>
        <li
          class="page-item disabled"
        >
          <a
            aria-disabled="true"
            aria-label="Next page"
            class="page-link"
            rel="next"
            role="button"
            tabindex="0"
          >
            &gt;
          </a>
        </li>
      </ul>
    </div>
  </div>
</DocumentFragment>
`;
