// Jest Snapshot v1, https://goo.gl/fbAQLP

exports[`PropertyDetailsTabView component renders as expected when provided valid data object 1`] = `
<DocumentFragment>
  <div
    class="Toastify"
  />
  <div
    class="Toastify"
  />
  .c5 {
  display: -webkit-box;
  display: -webkit-flex;
  display: -ms-flexbox;
  display: flex;
  -webkit-flex-wrap: nowrap;
  -ms-flex-wrap: nowrap;
  flex-wrap: nowrap;
  -webkit-flex-direction: row;
  -ms-flex-direction: row;
  flex-direction: row;
  -webkit-align-items: center;
  -webkit-box-align: center;
  -ms-flex-align: center;
  align-items: center;
  gap: 0.8rem;
}

.c8 {
  border-left: 1px solid #8c8c8c;
}

.c6 {
  width: 100%;
  font-weight: bold;
  padding-bottom: 0.7rem;
  margin-bottom: 0;
  border-bottom: 2px solid #8c8c8c;
}

.c2 {
  font-weight: bold;
  border-bottom: 0.2rem solid;
  margin-bottom: 2rem;
}

.c1 {
  margin: 1.5rem;
  padding: 1.5rem;
  background-color: white;
  text-align: left;
}

.c4.required::before {
  content: '*';
  position: absolute;
  top: 0.75rem;
  left: 0rem;
}

.c3 {
  font-weight: bold;
}

.c7.table .no-rows-message {
  -webkit-align-items: flex-start;
  -webkit-box-align: flex-start;
  -ms-flex-align: flex-start;
  align-items: flex-start;
}

.c7.table .tbody .tr .td {
  min-height: 3.6rem;
}

.c0 {
  text-align: right;
}

<div
    class=""
  >
    <div
      class="c0 mr-3 my-1"
    />
    <div
      class="c1 form-section"
    >
      <h2
        class="c2"
      >
        <div
          class="row"
        >
          <div
            class="col"
          >
            Property Attributes
          </div>
          <div
            class="col-1"
          />
        </div>
      </h2>
      <div
        class="collapse show"
      >
        <div
          class="pb-2 row"
        >
          <div
            class="pr-0 text-left col-4"
          >
            <label
              class="c3"
            >
              MOTI region:
            </label>
          </div>
          <div
            class="c4 text-left col"
          />
        </div>
        <div
          class="pb-2 row"
        >
          <div
            class="pr-0 text-left col-4"
          >
            <label
              class="c3"
            >
              Highways district:
            </label>
          </div>
          <div
            class="c4 text-left col"
          >
            <div
              class="c5"
            >
              -
            </div>
          </div>
        </div>
        <div
          class="pb-2 row"
        >
          <div
            class="pr-0 text-left col-4"
          >
            <label
              class="c3"
            >
              Electoral district:
            </label>
          </div>
          <div
            class="c4 text-left col"
          />
        </div>
        <div
          class="pb-2 row"
        >
          <div
            class="pr-0 text-left col-4"
          >
            <label
              class="c3"
            >
              Agricultural Land Reserve:
            </label>
          </div>
          <div
            class="c4 text-left col"
          >
            No
          </div>
        </div>
        <div
          class="pb-2 row"
        >
          <div
            class="pr-0 text-left col-4"
          >
            <label
              class="c3"
            >
              Railway belt / Dominion patent:
            </label>
          </div>
          <div
            class="c4 text-left col"
          >
            Unknown
          </div>
        </div>
        <div
          class="pb-2 row"
        >
          <div
            class="pr-0 text-left col-4"
          >
            <label
              class="c3"
            >
              Land parcel type:
            </label>
          </div>
          <div
            class="c4 text-left col"
          >
            Titled
          </div>
        </div>
        <div
          class="pb-2 row"
        >
          <div
            class="pr-0 text-left col-4"
          >
            <label
              class="c3"
            >
              Municipal zoning:
            </label>
          </div>
          <div
            class="c4 text-left col"
          >
            Some municipal zoning comments
          </div>
        </div>
        <div
          class="pb-2 row"
        >
          <div
            class="pr-0 text-left col-4"
          >
            <label
              class="c3"
            >
              Anomalies:
            </label>
          </div>
          <div
            class="c4 text-left col"
          >
            <div>
              <div
                class="multiselect-container multiSelectContainer disable_ms "
                id="multiselectContainerReact"
                style="opacity: 1;"
              >
                <div
                  class="search-wrapper searchWrapper "
                  style="padding: 0px;"
                >
                  <span
                    class="chip  false disableSelection"
                    style="opacity: 1; background: rgb(242, 242, 242); border-radius: 4px; color: black; font-size: 16px; margin-right: 1em;"
                  >
                    Building liens
                  </span>
                  <input
                    autocomplete="off"
                    class="searchBox "
                    disabled=""
                    id="search_input"
                    name="search_name_input"
                    placeholder=""
                    type="text"
                    value=""
                  />
                </div>
                <div
                  class="optionListContainer displayNone"
                >
                  <ul
                    class="optionContainer"
                  >
                    <span
                      class="notFound"
                    >
                      No Options Available
                    </span>
                  </ul>
                </div>
              </div>
            </div>
          </div>
        </div>
      </div>
    </div>
    <div
      class="c1 form-section"
    >
      <h2
        class="c2"
      >
        <div
          class="row"
        >
          <div
            class="col"
          >
            Tenure Status
          </div>
          <div
            class="col-1"
          />
        </div>
      </h2>
      <div
        class="collapse show"
      >
        <div
          class="pb-2 row"
        >
          <div
            class="pr-0 text-left col-4"
          >
            <label
              class="c3"
            >
              Tenure status:
            </label>
          </div>
          <div
            class="c4 text-left col"
          >
            <div>
              <div
                class="multiselect-container multiSelectContainer disable_ms "
                id="multiselectContainerReact"
                style="opacity: 1;"
              >
                <div
                  class="search-wrapper searchWrapper "
                  style="padding: 0px;"
                >
                  <span
                    class="chip  false disableSelection"
                    style="opacity: 1; background: rgb(242, 242, 242); border-radius: 4px; color: black; font-size: 16px; margin-right: 1em;"
                  >
                    Closed Road
                  </span>
                  <input
                    autocomplete="off"
                    class="searchBox "
                    disabled=""
                    id="search_input"
                    name="search_name_input"
                    placeholder=""
                    type="text"
                    value=""
                  />
                </div>
                <div
                  class="optionListContainer displayNone"
                >
                  <ul
                    class="optionContainer"
                  >
                    <span
                      class="notFound"
                    >
                      No Options Available
                    </span>
                  </ul>
                </div>
              </div>
            </div>
          </div>
        </div>
        <div
          class="pb-2 row"
        >
          <div
            class="pr-0 text-left col-4"
          >
            <label
              class="c3"
            >
              Provincial Public Hwy:
            </label>
          </div>
          <div
            class="c4 text-left col"
          >
            Unknown
          </div>
        </div>
      </div>
    </div>
    <div
      class="c1 form-section"
    >
      <h2
        class="c2"
      >
        <div
          class="row"
        >
          <div
            class="col"
          >
            Area
          </div>
          <div
            class="col-1"
          />
        </div>
      </h2>
      <div
        class="collapse show"
      >
        <div
          class="row"
        >
          <div
            class="col"
          >
            <div
              class="row"
            >
              <div
                class="col-10 col"
              >
                <label
                  class="c6"
                >
                  Land measurement
                </label>
                <div
                  class="table c7"
                  data-testid="land-measurements"
                  role="table"
                >
                  <div
                    class="thead thead-light"
                  >
                    <div
                      class="tr"
                      role="row"
                      style="display: flex; flex: 1 0 auto; min-width: 60px;"
                    >
                      <div
                        class="th"
                        colspan="1"
                        role="columnheader"
                        style="box-sizing: border-box; flex: 100 0 auto; min-width: 30px; width: 100px; justify-content: right; text-align: right; flex-wrap: wrap; align-items: center; display: none;"
                      >
                        <div
                          class="sortable-column"
                        >
                           
                        </div>
                      </div>
                      <div
                        class="th"
                        colspan="1"
                        role="columnheader"
                        style="box-sizing: border-box; flex: 100 0 auto; min-width: 30px; width: 100px; justify-content: left; text-align: left; flex-wrap: wrap; align-items: center; display: none;"
                      >
                        <div
                          class="sortable-column"
                        >
                           
                        </div>
                      </div>
                    </div>
                  </div>
                  <div
                    class="tbody"
                    role="rowgroup"
                  >
                    <div
                      class="tr-wrapper"
                    >
                      <div
                        class="tr"
                        role="row"
                        style="display: flex; flex: 1 0 auto; min-width: 60px;"
                      >
                        <div
                          class="td"
                          role="cell"
                          style="box-sizing: border-box; flex: 100 0 auto; min-width: 30px; width: 100px; justify-content: right; text-align: right; flex-wrap: wrap; align-items: center; display: flex;"
                          title=""
                        >
                          10,000
                        </div>
                        <div
                          class="td"
                          role="cell"
                          style="box-sizing: border-box; flex: 100 0 auto; min-width: 30px; width: 100px; justify-content: left; text-align: left; flex-wrap: wrap; align-items: center; display: flex;"
                          title=""
                        >
                          sq. metres
                        </div>
                      </div>
                    </div>
                    <div
                      class="tr-wrapper"
                    >
                      <div
                        class="tr"
                        role="row"
                        style="display: flex; flex: 1 0 auto; min-width: 60px;"
                      >
                        <div
                          class="td"
                          role="cell"
                          style="box-sizing: border-box; flex: 100 0 auto; min-width: 30px; width: 100px; justify-content: right; text-align: right; flex-wrap: wrap; align-items: center; display: flex;"
                          title=""
                        >
                          107,639.1
                        </div>
                        <div
                          class="td"
                          role="cell"
                          style="box-sizing: border-box; flex: 100 0 auto; min-width: 30px; width: 100px; justify-content: left; text-align: left; flex-wrap: wrap; align-items: center; display: flex;"
                          title=""
                        >
                          sq. feet
                        </div>
                      </div>
                    </div>
                    <div
                      class="tr-wrapper"
                    >
                      <div
                        class="tr"
                        role="row"
                        style="display: flex; flex: 1 0 auto; min-width: 60px;"
                      >
                        <div
                          class="td"
                          role="cell"
                          style="box-sizing: border-box; flex: 100 0 auto; min-width: 30px; width: 100px; justify-content: right; text-align: right; flex-wrap: wrap; align-items: center; display: flex;"
                          title=""
                        >
                          1
                        </div>
                        <div
                          class="td"
                          role="cell"
                          style="box-sizing: border-box; flex: 100 0 auto; min-width: 30px; width: 100px; justify-content: left; text-align: left; flex-wrap: wrap; align-items: center; display: flex;"
                          title=""
                        >
                          hectares
                        </div>
                      </div>
                    </div>
                    <div
                      class="tr-wrapper"
                    >
                      <div
                        class="tr"
                        role="row"
                        style="display: flex; flex: 1 0 auto; min-width: 60px;"
                      >
                        <div
                          class="td"
                          role="cell"
                          style="box-sizing: border-box; flex: 100 0 auto; min-width: 30px; width: 100px; justify-content: right; text-align: right; flex-wrap: wrap; align-items: center; display: flex;"
                          title=""
                        >
                          2.47
                        </div>
                        <div
                          class="td"
                          role="cell"
                          style="box-sizing: border-box; flex: 100 0 auto; min-width: 30px; width: 100px; justify-content: left; text-align: left; flex-wrap: wrap; align-items: center; display: flex;"
                          title=""
                        >
                          acres
                        </div>
                      </div>
                    </div>
                  </div>
                </div>
              </div>
            </div>
          </div>
          <div
            class="c8 col"
          >
            <label
              class="c3"
            >
              Is this a volumetric parcel?
            </label>
            <div
              class="pb-3 row"
            >
              <div
                class="col"
              >
                <div
                  class="form-check form-check-inline"
                >
                  <input
                    class="form-check-input"
                    disabled=""
                    id="inline-isVolumetric-yes"
                    name="is-volumetric-radio"
                    type="radio"
                  />
                  <label
                    class="form-check-label"
                    for="inline-isVolumetric-yes"
                    title=""
                  >
                    Yes
                  </label>
                </div>
                <div
                  class="form-check form-check-inline"
                >
                  <input
                    checked=""
                    class="form-check-input"
                    disabled=""
                    id="inline-isVolumetric-no"
                    name="is-volumetric-radio"
                    type="radio"
                    value="yes"
                  />
                  <label
                    class="form-check-label"
                    for="inline-isVolumetric-no"
                    title=""
                  >
                    No
                  </label>
                </div>
              </div>
            </div>
          </div>
        </div>
      </div>
    </div>
    <div
      class="c1 form-section"
    >
      <h2
        class="c2"
      >
        <div
          class="row"
        >
          <div
            class="col"
          >
            Notes
          </div>
          <div
            class="col-1"
          />
        </div>
      </h2>
      <div
        class="collapse show"
      >
        <p>
          Lorem ipsum dolor sit amet, consectetur adipiscing elit. Nam porttitor nisl at elit vestibulum vestibulum. Nullam eget consectetur felis, id porta eros. Proin at massa rutrum, molestie lorem a, congue lorem.
        </p>
      </div>
    </div>
  </div>
</DocumentFragment>
`;
