// Jest Snapshot v1, https://goo.gl/fbAQLP

exports[`DocumentUploadView component renders as expected 1`] = `
.c8.btn {
  display: -webkit-box;
  display: -webkit-flex;
  display: -ms-flexbox;
  display: flex;
  -webkit-align-items: center;
  -webkit-box-align: center;
  -ms-flex-align: center;
  align-items: center;
  -webkit-box-pack: center;
  -webkit-justify-content: center;
  -ms-flex-pack: center;
  justify-content: center;
  padding: 0.4rem 1.2rem;
  min-height: 3rem;
  border: 0.2rem solid transparent;
  border-radius: 0.4rem;
  text-align: center;
  -webkit-text-decoration: none;
  text-decoration: none;
  font-size: 1.8rem;
  font-family: 'BCSans','Noto Sans',Verdana,Arial,sans-serif;
  font-weight: 700;
  -webkit-letter-spacing: 0.1rem;
  -moz-letter-spacing: 0.1rem;
  -ms-letter-spacing: 0.1rem;
  letter-spacing: 0.1rem;
  cursor: pointer;
}

.c8.btn:hover {
  -webkit-text-decoration: underline;
  text-decoration: underline;
  opacity: 0.8;
}

.c8.btn:focus {
  outline-width: 0.4rem;
  outline-style: solid;
  outline-offset: 1px;
  box-shadow: none;
}

.c8.btn.btn-primary {
  border: none;
}

.c8.btn.btn-secondary {
  background: none;
}

.c8.btn.btn-info {
  border: none;
  background: none;
  padding-left: 0.6rem;
  padding-right: 0.6rem;
}

.c8.btn.btn-info:hover,
.c8.btn.btn-info:active,
.c8.btn.btn-info:focus {
  background: none;
}

.c8.btn.btn-light {
  border: none;
}

.c8.btn.btn-dark {
  border: none;
}

.c8.btn.btn-link {
  font-size: 1.6rem;
  font-weight: 400;
  background: none;
  border: none;
  -webkit-text-decoration: none;
  text-decoration: none;
  min-height: 2.5rem;
  line-height: 3rem;
  -webkit-box-pack: left;
  -webkit-justify-content: left;
  -ms-flex-pack: left;
  justify-content: left;
  -webkit-letter-spacing: unset;
  -moz-letter-spacing: unset;
  -ms-letter-spacing: unset;
  letter-spacing: unset;
  text-align: left;
  padding: 0;
}

.c8.btn.btn-link:hover,
.c8.btn.btn-link:active,
.c8.btn.btn-link:focus {
  -webkit-text-decoration: underline;
  text-decoration: underline;
  border: none;
  background: none;
  box-shadow: none;
  outline: none;
}

.c8.btn.btn-link:disabled,
.c8.btn.btn-link.disabled {
  background: none;
  pointer-events: none;
}

.c8.btn:disabled,
.c8.btn:disabled:hover {
  box-shadow: none;
  -webkit-user-select: none;
  -moz-user-select: none;
  -ms-user-select: none;
  user-select: none;
  pointer-events: none;
  cursor: not-allowed;
  opacity: 0.65;
}

.c8.Button .Button__icon {
  margin-right: 1.6rem;
}

.c8.Button--icon-only:focus {
  outline: none;
}

.c8.Button--icon-only .Button__icon {
  margin-right: 0;
}

.c2.required::before {
  content: '*';
  position: absolute;
  top: 0.75rem;
  left: 0rem;
}

.c1 {
  font-weight: bold;
}

.c6 {
  width: 100%;
  -webkit-box-flex: 1;
  -webkit-flex-grow: 1;
  -ms-flex-positive: 1;
  flex-grow: 1;
  overflow-y: auto;
}

.c3 {
  padding: 1rem;
}

.c4 {
  font-weight: 700;
}

.c5 {
  font-weight: 700;
  font-size: 1.7rem;
  margin-bottom: 1rem;
  text-align: left;
  padding-top: 1rem;
  border-bottom: solid 0.1rem;
}

.c7 {
  overflow-x: hidden;
  max-height: 50rem;
}

.c0 {
  padding: 1rem;
}

<body>
  <div>
    <div
      class="Toastify"
    />
    <div />
    <div
      class="c0"
    >
      <div
        class="pb-4"
      >
        Choose the document type and select "Browse" to choose the file to upload from your computer or network to PIMS.
      </div>
      <div
        class="pb-2 row"
      >
        <div
          class="pr-0 text-left col-3"
        >
          <label
            class="c1"
          >
            Document type
            :
          </label>
        </div>
        <div
          class="c2 text-left col"
        >
          <div
            class="form-group"
          >
            <select
              class="form-select form-control"
              data-testid="document-type"
              id="input-documentTypeId"
              name="documentTypeId"
            >
              <option
                value=""
              >
                Select Document type
              </option>
              <option
                class="option"
                value="1"
              >
                BC Assessment Search
              </option>
              <option
                class="option"
                value="2"
              >
                Privy Council
              </option>
            </select>
          </div>
        </div>
      </div>
      <div
        class="mb-4 row"
      >
        <div
          class="pr-0 text-left col-12"
        >
          <label
            class="c1"
          >
            Choose document to upload
            :
          </label>
        </div>
        <div
          class="c2 text-left col"
        >
          <div
            class="pt-2"
          >
            <input
              data-testid="upload-input"
              id="uploadInput"
              name="documentFile"
              type="file"
            />
          </div>
        </div>
      </div>
      <div
        class="c3"
      >
        <div
          class="pb-3 row"
        >
          <div
            class="col-auto"
          >
            <h2
              class="c4"
            >
              Document information
            </h2>
          </div>
          <div
            class="col-auto"
          >
            <span
              class="tooltip-icon"
              data-testid="tooltip-icon-initiator-tooltip"
              id="initiator-tooltip"
            >
              <svg
                class="tooltip-icon"
                fill="currentColor"
                height="1em"
                stroke="currentColor"
                stroke-width="0"
                viewBox="0 0 512 512"
                width="1em"
                xmlns="http://www.w3.org/2000/svg"
              >
                <path
                  d="M256 8C119.043 8 8 119.083 8 256c0 136.997 111.043 248 248 248s248-111.003 248-248C504 119.083 392.957 8 256 8zm0 110c23.196 0 42 18.804 42 42s-18.804 42-42 42-42-18.804-42-42 18.804-42 42-42zm56 254c0 6.627-5.373 12-12 12h-88c-6.627 0-12-5.373-12-12v-24c0-6.627 5.373-12 12-12h12v-64h-12c-6.627 0-12-5.373-12-12v-24c0-6.627 5.373-12 12-12h64c6.627 0 12 5.373 12 12v100h12c6.627 0 12 5.373 12 12v24z"
                />
              </svg>
            </span>
          </div>
        </div>
        <div
          class="pb-2 row"
        >
          <div
            class="pr-0 text-left col-4"
          >
            <label
              class="c1"
            >
              Status
              :
            </label>
          </div>
          <div
            class="c2 text-left col"
          >
            <div
              class="form-group"
            >
              <select
                class="form-select form-control"
                id="input-documentStatusCode"
                name="documentStatusCode"
              >
                <option
                  class="option"
                  value="AMENDD"
                >
                  Amended
                </option>
                <option
                  class="option"
                  value="APPROVD"
                >
                  Approved
                </option>
                <option
                  class="option"
                  value="CNCLD"
                >
                  Cancelled
                </option>
                <option
                  class="option"
                  value="DRAFT"
                >
                  Draft
                </option>
                <option
                  class="option"
                  value="FINAL"
                >
                  Final
                </option>
                <option
                  class="option"
                  value="NONE"
                >
                  None
                </option>
                <option
                  class="option"
                  value="RGSTRD"
                >
                  Registered
                </option>
                <option
                  class="option"
                  value="SENT"
                >
                  Sent
                </option>
                <option
                  class="option"
                  value="SIGND"
                >
                  Signed
                </option>
                <option
                  class="option"
                  value="UNREGD"
                >
                  Unregistered
                </option>
              </select>
            </div>
          </div>
        </div>
        <h3
          class="c5"
        >
          Details
        </h3>
        <div
          class="c6 c7"
        >
          <div
            class="pb-2 row"
          >
            <div
              class="pr-0 text-left col-4"
            >
              <label
                class="c1"
              >
                Tag
                :
              </label>
            </div>
            <div
              class="c2 required text-left col"
            >
              <div
                class="required input form-group"
              >
                <input
                  class="form-control"
                  data-testid="metadata-input-Tag"
                  id="input-documentMetadata.1"
                  name="documentMetadata.1"
                  title=""
                  value=""
                />
              </div>
            </div>
          </div>
          <div
            style="color: red;"
          />
        </div>
      </div>
      <div
        class="justify-content-end pt-4 row"
      >
        <div
          class="col-auto"
        >
          <button
            class="c8 Button btn btn-secondary"
            data-testid="cancel"
            type="button"
          >
            <div
              class="Button__value"
            >
              Cancel
            </div>
          </button>
        </div>
        <div
          class="col-auto"
        >
          <button
            class="c8 Button Button--disabled btn btn-primary"
            data-testid="save"
            disabled=""
            type="submit"
          >
            <div
              class="Button__value"
            >
              Save
            </div>
          </button>
        </div>
      </div>
    </div>
  </div>
</body>
`;
