// Jest Snapshot v1, https://goo.gl/fbAQLP

exports[`Help Box tests renders properly 1`] = `<DocumentFragment />`;
