// Jest Snapshot v1, https://goo.gl/fbAQLP

exports[`AcquisitionMenu component matches snapshot 1`] = `
<DocumentFragment>
  <div
    class="Toastify"
  />
  <div
    class="container"
  />
  <div
    class="Toastify"
  />
  .c0 {
  text-align: left;
  padding: 0px;
  margin: 0px;
  width: 100%;
}

.c1 {
  font-weight: normal;
  cursor: pointer;
  padding-bottom: 0.5rem;
}

.c1.selected {
  font-weight: bold;
  cursor: default;
}

.c4 {
  font-size: 1.5rem;
  border-radius: 50%;
  width: 2.5rem;
  height: 2.5rem;
  padding: 1rem;
  display: -webkit-box;
  display: -webkit-flex;
  display: -ms-flexbox;
  display: flex;
  -webkit-box-pack: center;
  -webkit-justify-content: center;
  -ms-flex-pack: center;
  justify-content: center;
  -webkit-align-items: center;
  -webkit-box-align: center;
  -ms-flex-align: center;
  align-items: center;
}

.c2 {
  display: -webkit-box;
  display: -webkit-flex;
  display: -ms-flexbox;
  display: flex;
  -webkit-box-pack: justify;
  -webkit-justify-content: space-between;
  -ms-flex-pack: justify;
  justify-content: space-between;
  width: 100%;
  margin-top: 1rem;
  border-bottom: 1px solid;
}

.c3 {
  font-size: 1.4rem;
  line-height: 2.2rem;
}

<div
    class="c0"
  >
    <div
      class="c1 no-gutters selected row"
      data-testid="menu-item-row-0"
    >
      <div
        class="col-1"
      >
        <svg
          fill="currentColor"
          height="1em"
          stroke="currentColor"
          stroke-width="0"
          viewBox="0 0 192 512"
          width="1em"
          xmlns="http://www.w3.org/2000/svg"
        >
          <path
            d="M0 384.662V127.338c0-17.818 21.543-26.741 34.142-14.142l128.662 128.662c7.81 7.81 7.81 20.474 0 28.284L34.142 398.804C21.543 411.404 0 402.48 0 384.662z"
          />
        </svg>
      </div>
      <div
        class="col"
      >
        one
      </div>
      <div
        class="c2"
      >
        <span
          class="c3"
        >
          Properties
        </span>
        <button
          class="btn btn-link"
          title="Edit acquisition properties"
          type="button"
        >
          <svg
            fill="currentColor"
            height="2rem"
            stroke="currentColor"
            stroke-width="0"
            viewBox="0 0 576 512"
            width="2rem"
            xmlns="http://www.w3.org/2000/svg"
          >
            <path
              d="M402.6 83.2l90.2 90.2c3.8 3.8 3.8 10 0 13.8L274.4 405.6l-92.8 10.3c-12.4 1.4-22.9-9.1-21.5-21.5l10.3-92.8L388.8 83.2c3.8-3.8 10-3.8 13.8 0zm162-22.9l-48.8-48.8c-15.2-15.2-39.9-15.2-55.2 0l-35.4 35.4c-3.8 3.8-3.8 10 0 13.8l90.2 90.2c3.8 3.8 10 3.8 13.8 0l35.4-35.4c15.2-15.3 15.2-40 0-55.2zM384 346.2V448H64V128h229.8c3.2 0 6.2-1.3 8.5-3.5l40-40c7.6-7.6 2.2-20.5-8.5-20.5H48C21.5 64 0 85.5 0 112v352c0 26.5 21.5 48 48 48h352c26.5 0 48-21.5 48-48V306.2c0-10.7-12.9-16-20.5-8.5l-40 40c-2.2 2.3-3.5 5.3-3.5 8.5z"
            />
          </svg>
        </button>
      </div>
    </div>
    <div
      class="c1 no-gutters row"
      data-testid="menu-item-row-1"
    >
      <div
        class="col-1"
      />
      <div
        class="pr-2 col-auto"
      >
        <div
          class="c4"
        >
          1
        </div>
      </div>
      <div
        class="col"
      >
        two
      </div>
    </div>
    <div
      class="c1 no-gutters row"
      data-testid="menu-item-row-2"
    >
      <div
        class="col-1"
      />
      <div
        class="pr-2 col-auto"
      >
        <div
          class="c4"
        >
          2
        </div>
      </div>
      <div
        class="col"
      >
        three
      </div>
    </div>
  </div>
</DocumentFragment>
`;
