// Vitest Snapshot v1, https://vitest.dev/guide/snapshot.html

exports[`PaymentsView component > renders as expected 1`] = `
<DocumentFragment>
  <div
    class="Toastify"
  />
  <div />
  .c4.btn {
  display: -webkit-box;
  display: -webkit-flex;
  display: -ms-flexbox;
  display: flex;
  -webkit-align-items: center;
  -webkit-box-align: center;
  -ms-flex-align: center;
  align-items: center;
  -webkit-box-pack: center;
  -webkit-justify-content: center;
  -ms-flex-pack: center;
  justify-content: center;
  padding: 0.4rem 1.2rem;
  min-height: 3rem;
  border: 0.2rem solid transparent;
  border-radius: 0.4rem;
  text-align: center;
  -webkit-text-decoration: none;
  text-decoration: none;
  font-size: 1.8rem;
  font-family: 'BCSans','Noto Sans',Verdana,Arial,sans-serif;
  font-weight: 700;
  -webkit-letter-spacing: 0.1rem;
  -moz-letter-spacing: 0.1rem;
  -ms-letter-spacing: 0.1rem;
  letter-spacing: 0.1rem;
  cursor: pointer;
  height: 3.8rem;
}

.c4.btn .Button__value {
  width: -webkit-max-content;
  width: -moz-max-content;
  width: max-content;
}

.c4.btn:hover {
  -webkit-text-decoration: underline;
  text-decoration: underline;
  opacity: 0.8;
}

.c4.btn:focus {
  outline-width: 0.4rem;
  outline-style: solid;
  outline-offset: 1px;
  box-shadow: none;
}

.c4.btn.btn-primary {
  border: none;
}

.c4.btn.btn-secondary {
  background: none;
}

.c4.btn.btn-info {
  border: none;
  background: none;
  padding-left: 0.6rem;
  padding-right: 0.6rem;
}

.c4.btn.btn-info:hover,
.c4.btn.btn-info:active,
.c4.btn.btn-info:focus {
  background: none;
}

.c4.btn.btn-light {
  border: none;
}

.c4.btn.btn-dark {
  border: none;
}

.c4.btn.btn-link {
  font-size: 1.6rem;
  font-weight: 400;
  background: none;
  border: none;
  -webkit-text-decoration: none;
  text-decoration: none;
  min-height: 2.5rem;
  line-height: 3rem;
  -webkit-box-pack: left;
  -webkit-justify-content: left;
  -ms-flex-pack: left;
  justify-content: left;
  -webkit-letter-spacing: unset;
  -moz-letter-spacing: unset;
  -ms-letter-spacing: unset;
  letter-spacing: unset;
  text-align: left;
  padding: 0;
}

.c4.btn.btn-link:hover,
.c4.btn.btn-link:active,
.c4.btn.btn-link:focus {
  -webkit-text-decoration: underline;
  text-decoration: underline;
  border: none;
  background: none;
  box-shadow: none;
  outline: none;
}

.c4.btn.btn-link:disabled,
.c4.btn.btn-link.disabled {
  background: none;
  pointer-events: none;
}

.c4.btn:disabled,
.c4.btn:disabled:hover {
  box-shadow: none;
  -webkit-user-select: none;
  -moz-user-select: none;
  -ms-user-select: none;
  user-select: none;
  pointer-events: none;
  cursor: not-allowed;
  opacity: 0.65;
}

.c4.Button .Button__icon {
  margin-right: 1.6rem;
}

.c4.Button--icon-only:focus {
  outline: none;
}

.c4.Button--icon-only .Button__icon {
  margin-right: 0;
}

.c1 {
  font-weight: bold;
  border-bottom: 0.2rem solid;
  margin-bottom: 2rem;
}

.c0 {
  margin: 1.6rem;
  padding: 1.6rem;
  background-color: white;
  text-align: left;
  border-radius: 0.5rem;
}

.c6 {
  display: -webkit-box;
  display: -webkit-flex;
  display: -ms-flexbox;
  display: flex;
  -webkit-flex-wrap: nowrap;
  -ms-flex-wrap: nowrap;
  flex-wrap: nowrap;
}

.c5.c5 {
  display: inline-block;
  margin-left: 1.5rem;
  margin-bottom: 0.5rem;
}

.c2 {
  -webkit-box-pack: justify;
  -webkit-justify-content: space-between;
  -ms-flex-pack: justify;
  justify-content: space-between;
  -webkit-align-items: end;
  -webkit-box-align: end;
  -ms-flex-align: end;
  align-items: end;
  min-height: 4.5rem;
}

.c2 .btn {
  margin: 0;
}

.c7 {
  gap: 3rem;
  background-color: white;
  min-height: 6rem;
}

.c3 {
  font-size: 1.8rem;
}

<div
    class="c0 form-section ml-20 p-0"
  >
    <h2
      class="c1"
    >
      <div
        class="no-gutters row"
      >
        <div
          class="col"
        >
          <div
            class="c2 no-gutters c3 row"
          >
            <div
              class="px-2 my-1 col-auto"
            >
              Payments
            </div>
            <div
              class="my-1 col-auto"
            >
              <button
                class="c4 Button c5 btn btn-primary"
                type="button"
              >
                <div
                  class="Button__value"
                >
                  <svg
                    fill="currentColor"
                    height="2rem"
                    stroke="currentColor"
                    stroke-width="0"
                    viewBox="0 0 448 512"
                    width="2rem"
                    xmlns="http://www.w3.org/2000/svg"
                  >
                    <path
                      d="M416 208H272V64c0-17.67-14.33-32-32-32h-32c-17.67 0-32 14.33-32 32v144H32c-17.67 0-32 14.33-32 32v32c0 17.67 14.33 32 32 32h144v144c0 17.67 14.33 32 32 32h32c17.67 0 32-14.33 32-32V304h144c17.67 0 32-14.33 32-32v-32c0-17.67-14.33-32-32-32z"
                    />
                  </svg>
                  Â Add a Payment
                </div>
              </button>
            </div>
          </div>
        </div>
      </div>
    </h2>
    <div
      class="collapse show"
    >
      <div
        class="c6 c7"
      >
        <p>
          There are no recorded payments for this period.
        </p>
      </div>
    </div>
  </div>
</DocumentFragment>
`;

exports[`PaymentsView component > renders with data as expected 1`] = `
<DocumentFragment>
  <div
    class="Toastify"
  />
  <div />
  .c4.btn {
  display: -webkit-box;
  display: -webkit-flex;
  display: -ms-flexbox;
  display: flex;
  -webkit-align-items: center;
  -webkit-box-align: center;
  -ms-flex-align: center;
  align-items: center;
  -webkit-box-pack: center;
  -webkit-justify-content: center;
  -ms-flex-pack: center;
  justify-content: center;
  padding: 0.4rem 1.2rem;
  min-height: 3rem;
  border: 0.2rem solid transparent;
  border-radius: 0.4rem;
  text-align: center;
  -webkit-text-decoration: none;
  text-decoration: none;
  font-size: 1.8rem;
  font-family: 'BCSans','Noto Sans',Verdana,Arial,sans-serif;
  font-weight: 700;
  -webkit-letter-spacing: 0.1rem;
  -moz-letter-spacing: 0.1rem;
  -ms-letter-spacing: 0.1rem;
  letter-spacing: 0.1rem;
  cursor: pointer;
  height: 3.8rem;
}

.c4.btn .Button__value {
  width: -webkit-max-content;
  width: -moz-max-content;
  width: max-content;
}

.c4.btn:hover {
  -webkit-text-decoration: underline;
  text-decoration: underline;
  opacity: 0.8;
}

.c4.btn:focus {
  outline-width: 0.4rem;
  outline-style: solid;
  outline-offset: 1px;
  box-shadow: none;
}

.c4.btn.btn-primary {
  border: none;
}

.c4.btn.btn-secondary {
  background: none;
}

.c4.btn.btn-info {
  border: none;
  background: none;
  padding-left: 0.6rem;
  padding-right: 0.6rem;
}

.c4.btn.btn-info:hover,
.c4.btn.btn-info:active,
.c4.btn.btn-info:focus {
  background: none;
}

.c4.btn.btn-light {
  border: none;
}

.c4.btn.btn-dark {
  border: none;
}

.c4.btn.btn-link {
  font-size: 1.6rem;
  font-weight: 400;
  background: none;
  border: none;
  -webkit-text-decoration: none;
  text-decoration: none;
  min-height: 2.5rem;
  line-height: 3rem;
  -webkit-box-pack: left;
  -webkit-justify-content: left;
  -ms-flex-pack: left;
  justify-content: left;
  -webkit-letter-spacing: unset;
  -moz-letter-spacing: unset;
  -ms-letter-spacing: unset;
  letter-spacing: unset;
  text-align: left;
  padding: 0;
}

.c4.btn.btn-link:hover,
.c4.btn.btn-link:active,
.c4.btn.btn-link:focus {
  -webkit-text-decoration: underline;
  text-decoration: underline;
  border: none;
  background: none;
  box-shadow: none;
  outline: none;
}

.c4.btn.btn-link:disabled,
.c4.btn.btn-link.disabled {
  background: none;
  pointer-events: none;
}

.c4.btn:disabled,
.c4.btn:disabled:hover {
  box-shadow: none;
  -webkit-user-select: none;
  -moz-user-select: none;
  -ms-user-select: none;
  user-select: none;
  pointer-events: none;
  cursor: not-allowed;
  opacity: 0.65;
}

.c4.Button .Button__icon {
  margin-right: 1.6rem;
}

.c4.Button--icon-only:focus {
  outline: none;
}

.c4.Button--icon-only .Button__icon {
  margin-right: 0;
}

.c1 {
  font-weight: bold;
  border-bottom: 0.2rem solid;
  margin-bottom: 2rem;
}

.c0 {
  margin: 1.6rem;
  padding: 1.6rem;
  background-color: white;
  text-align: left;
  border-radius: 0.5rem;
}

.c6 {
  display: -webkit-box;
  display: -webkit-flex;
  display: -ms-flexbox;
  display: flex;
  -webkit-flex-wrap: nowrap;
  -ms-flex-wrap: nowrap;
  flex-wrap: nowrap;
}

.c5.c5 {
  display: inline-block;
  margin-left: 1.5rem;
  margin-bottom: 0.5rem;
}

.c2 {
  -webkit-box-pack: justify;
  -webkit-justify-content: space-between;
  -ms-flex-pack: justify;
  justify-content: space-between;
  -webkit-align-items: end;
  -webkit-box-align: end;
  -ms-flex-align: end;
  align-items: end;
  min-height: 4.5rem;
}

.c2 .btn {
  margin: 0;
}

.c7 {
  gap: 3rem;
  background-color: white;
  min-height: 6rem;
}

.c3 {
  font-size: 1.8rem;
}

<div
    class="c0 form-section ml-20 p-0"
  >
    <h2
      class="c1"
    >
      <div
        class="no-gutters row"
      >
        <div
          class="col"
        >
          <div
            class="c2 no-gutters c3 row"
          >
            <div
              class="px-2 my-1 col-auto"
            >
              Payments
            </div>
            <div
              class="my-1 col-auto"
            >
              <button
                class="c4 Button c5 btn btn-primary"
                type="button"
              >
                <div
                  class="Button__value"
                >
                  <svg
                    fill="currentColor"
                    height="2rem"
                    stroke="currentColor"
                    stroke-width="0"
                    viewBox="0 0 448 512"
                    width="2rem"
                    xmlns="http://www.w3.org/2000/svg"
                  >
                    <path
                      d="M416 208H272V64c0-17.67-14.33-32-32-32h-32c-17.67 0-32 14.33-32 32v144H32c-17.67 0-32 14.33-32 32v32c0 17.67 14.33 32 32 32h144v144c0 17.67 14.33 32 32 32h32c17.67 0 32-14.33 32-32V304h144c17.67 0 32-14.33 32-32v-32c0-17.67-14.33-32-32-32z"
                    />
                  </svg>
                  Â Add a Payment
                </div>
              </button>
            </div>
          </div>
        </div>
      </div>
    </h2>
    <div
      class="collapse show"
    >
      <div
        class="c6 c7"
      >
        <p>
          There are no recorded payments for this period.
        </p>
      </div>
    </div>
  </div>
</DocumentFragment>
`;
