// Jest Snapshot v1, https://goo.gl/fbAQLP

exports[`ReceivedDepositModal component renders as expected 1`] = `
<DocumentFragment>
  <div
    class="Toastify"
  />
  <div
    class="Toastify"
  />
  <div
    class="container"
  />
</DocumentFragment>
`;

exports[`ReceivedDepositModal component renders with data as expected 1`] = `
<DocumentFragment>
  <div
    class="Toastify"
  />
  <div
    class="Toastify"
  />
  <div
    class="container"
  />
</DocumentFragment>
`;
