// Jest Snapshot v1, https://goo.gl/fbAQLP

exports[`ActivityView test Renders as expected 1`] = `
<DocumentFragment>
  <div
    class="Toastify"
  />
  .c1 {
  margin-top: 0.5rem;
  margin-bottom: 1.5rem;
  border-bottom-style: solid;
  border-bottom-color: grey;
  border-bottom-width: 0.1rem;
}

.c0 {
  font-weight: bold;
}

<div
    class="no-gutters row"
  >
    <div
      class="col"
    >
      <div
        class="no-gutters row"
      >
        <div
          class="col-5"
        >
          <div
            class="flex-nowrap row"
          >
            <div
              class="pr-0 text-left col-3"
            >
              <label>
                File:
              </label>
            </div>
            <div
              class="pl-1 text-left col-auto"
            >
              <strong>
                1-12345-01 - Test ACQ File
              </strong>
            </div>
          </div>
        </div>
        <div
          class="text-right col"
        >
          Created: 
          <strong>
            Jan 1, 0001
          </strong>
           by 
          <span
            class="tooltip-icon"
            data-testid="tooltip-icon"
            id="userNameTooltip"
          >
            <span
              class="c0"
            >
              USER
            </span>
          </span>
        </div>
      </div>
      <div
        class="no-gutters row"
      >
        <div
          class="col-5"
        />
        <div
          class="text-right col"
        >
          Last updated: 
          <strong>
            Feb 1, 0001
          </strong>
           by 
          <span
            class="tooltip-icon"
            data-testid="tooltip-icon"
            id="userNameTooltip"
          >
            <span
              class="c0"
            >
              USER
            </span>
          </span>
        </div>
      </div>
      <div
        class="no-gutters row"
      >
        <div
          class="col-5"
        />
        <div
          class="col"
        >
          <div
            class="justify-content-end row"
          >
            <div
              class="pr-0 text-left col-auto"
            >
              <label>
                Status:
              </label>
            </div>
            <div
              class="pl-1 text-left col-auto"
            >
              <strong>
                Not Started
              </strong>
            </div>
          </div>
        </div>
      </div>
      <div
        class="c1"
      />
    </div>
  </div>
  .c3.btn {
  display: -webkit-box;
  display: -webkit-flex;
  display: -ms-flexbox;
  display: flex;
  -webkit-align-items: center;
  -webkit-box-align: center;
  -ms-flex-align: center;
  align-items: center;
  -webkit-box-pack: center;
  -webkit-justify-content: center;
  -ms-flex-pack: center;
  justify-content: center;
  padding: 0.4rem 1.2rem;
  min-height: 3rem;
  border: 0.2rem solid transparent;
  border-radius: 0.4rem;
  text-align: center;
  -webkit-text-decoration: none;
  text-decoration: none;
  font-size: 1.8rem;
  font-family: 'BCSans','Noto Sans',Verdana,Arial,sans-serif;
  font-weight: 700;
  -webkit-letter-spacing: 0.1rem;
  -moz-letter-spacing: 0.1rem;
  -ms-letter-spacing: 0.1rem;
  letter-spacing: 0.1rem;
  cursor: pointer;
}

.c3.btn:hover {
  -webkit-text-decoration: underline;
  text-decoration: underline;
  opacity: 0.8;
}

.c3.btn:focus {
  outline-width: 0.4rem;
  outline-style: solid;
  outline-offset: 1px;
  box-shadow: none;
}

.c3.btn.btn-primary {
  border: none;
}

.c3.btn.btn-secondary {
  background: none;
}

.c3.btn.btn-info {
  border: none;
  background: none;
  padding-left: 0.6rem;
  padding-right: 0.6rem;
}

.c3.btn.btn-info:hover,
.c3.btn.btn-info:active,
.c3.btn.btn-info:focus {
  background: none;
}

.c3.btn.btn-light {
  border: none;
}

.c3.btn.btn-dark {
  border: none;
}

.c3.btn.btn-link {
  font-size: 1.6rem;
  font-weight: 400;
  background: none;
  border: none;
  -webkit-text-decoration: none;
  text-decoration: none;
  min-height: 2.5rem;
  line-height: 3rem;
  -webkit-box-pack: left;
  -webkit-justify-content: left;
  -ms-flex-pack: left;
  justify-content: left;
  -webkit-letter-spacing: unset;
  -moz-letter-spacing: unset;
  -ms-letter-spacing: unset;
  letter-spacing: unset;
  text-align: left;
  padding: 0;
}

.c3.btn.btn-link:hover,
.c3.btn.btn-link:active,
.c3.btn.btn-link:focus {
  -webkit-text-decoration: underline;
  text-decoration: underline;
  border: none;
  background: none;
  box-shadow: none;
  outline: none;
}

.c3.btn.btn-link:disabled,
.c3.btn.btn-link.disabled {
  background: none;
  pointer-events: none;
}

.c3.btn:disabled,
.c3.btn:disabled:hover {
  box-shadow: none;
  -webkit-user-select: none;
  -moz-user-select: none;
  -ms-user-select: none;
  user-select: none;
  pointer-events: none;
  cursor: not-allowed;
  opacity: 0.65;
}

.c3.Button .Button__icon {
  margin-right: 1.6rem;
}

.c3.Button--icon-only:focus {
  outline: none;
}

.c3.Button--icon-only .Button__icon {
  margin-right: 0;
}

.c4 {
  float: right;
  cursor: pointer;
}

.c2 {
  font-weight: bold;
  border-bottom: 0.2rem solid;
  margin-bottom: 2rem;
}

.c1 {
  margin: 1.5rem;
  padding: 1.5rem;
  background-color: white;
  text-align: left;
}

.c0 {
  margin-bottom: 1.5rem;
}

<div
    class="c0"
  >
    <div
      class="c1 form-section"
    >
      <h2
        class="c2"
      >
        <div
          class="row"
        >
          <div
            class="col"
          >
            Details
          </div>
          <div
            class="col-1"
          />
        </div>
      </h2>
      <div
        class="collapse show"
      >
        <div
          class="row"
        >
          <div
            class="col"
          >
            <button
              class="c3 Button ml-auto btn btn-secondary "
              type="button"
            >
              <div
                class="Button__value"
              >
                Related properties
              </div>
            </button>
          </div>
        </div>
      </div>
    </div>
    <div
      class="c1 form-section"
    >
      <h2
        class="c2"
      >
        <div
          class="row"
        >
          <div
            class="col"
          >
            Description
          </div>
          <div
            class="col-1"
          >
            <svg
              class="c4"
              fill="currentColor"
              height="1em"
              stroke="currentColor"
              stroke-width="0"
              viewBox="0 0 24 24"
              width="1em"
              xmlns="http://www.w3.org/2000/svg"
            >
              <title>
                collapse-description
              </title>
              <path
                d="M0 0h24v24H0z"
                fill="none"
              />
              <path
                d="M7 14l5-5 5 5z"
              />
            </svg>
          </div>
        </div>
      </h2>
      <div
        class="collapse show"
      >
        <p>
          test description
        </p>
      </div>
    </div>
  </div>
</DocumentFragment>
`;
