// Jest Snapshot v1, https://goo.gl/fbAQLP

exports[`renders correctly... 1`] = `
<DocumentFragment>
  <div
    class="input-group"
  >
    <div
      class="input-group-prepend"
    >
      <div
        class="form-group"
      >
        <select
          class="form-select form-control"
          id="input-searchBy"
          name="searchBy"
        >
          <option
            class="option"
            value="pid"
          >
            PID/PIN
          </option>
          <option
            class="option"
            value="address"
          >
            Address
          </option>
        </select>
      </div>
    </div>
    <div
      class="input-group-content"
    >
      <div
        class="input form-group"
      >
        <input
          class="form-control"
          id="input-undefined"
          placeholder=""
          value=""
        />
      </div>
    </div>
  </div>
</DocumentFragment>
`;
