// Vitest Snapshot v1, https://vitest.dev/guide/snapshot.html

exports[`Disposition search results table > matches snapshot 1`] = `
<DocumentFragment>
  <div
    class="Toastify"
  />
  <div />
  .c0 {
  display: -webkit-box;
  display: -webkit-flex;
  display: -ms-flexbox;
  display: flex;
  -webkit-flex-direction: column;
  -ms-flex-direction: column;
  flex-direction: column;
  -webkit-align-items: center;
  -webkit-box-align: center;
  -ms-flex-align: center;
  align-items: center;
  -webkit-box-pack: center;
  -webkit-justify-content: center;
  -ms-flex-pack: center;
  justify-content: center;
  margin-left: 0.5rem;
}

.c2 {
  width: 1.6rem;
  height: 1.6rem;
}

.c1 {
  width: 1.6rem;
  height: 1.6rem;
}

<div
    class="table"
    data-testid="dispositionFilesTable"
    role="table"
  >
    <div
      class="thead thead-light"
    >
      <div
        class="tr"
        role="row"
        style="display: flex; flex: 1 0 auto; min-width: 270px;"
      >
        <div
          class="th"
          colspan="1"
          role="columnheader"
          style="box-sizing: border-box; flex: 20 0 auto; min-width: 30px; width: 20px; justify-content: right; text-align: right; flex-wrap: wrap; align-items: center; display: flex;"
        >
          <div
            class="sortable-column"
          >
            Disposition file #
            <div
              class="c0"
              data-testid="sort-column-fileNumber"
            >
              <svg
                class="c1"
                fill="currentColor"
                height="1em"
                stroke="currentColor"
                stroke-width="0"
                style="margin-bottom: -8px;"
                viewBox="0 0 512 512"
                width="1em"
                xmlns="http://www.w3.org/2000/svg"
              >
                <path
                  d="M128 320l128-128 128 128z"
                />
              </svg>
              <svg
                class="c2"
                fill="currentColor"
                height="1em"
                stroke="currentColor"
                stroke-width="0"
                viewBox="0 0 512 512"
                width="1em"
                xmlns="http://www.w3.org/2000/svg"
              >
                <path
                  d="M128 192l128 128 128-128z"
                />
              </svg>
            </div>
          </div>
        </div>
        <div
          class="th"
          colspan="1"
          role="columnheader"
          style="box-sizing: border-box; flex: 20 0 auto; min-width: 30px; width: 20px; justify-content: right; text-align: right; flex-wrap: wrap; align-items: center; display: flex;"
        >
          <div
            class="sortable-column"
          >
            Reference #
            <div
              class="c0"
              data-testid="sort-column-fileReference"
            >
              <svg
                class="c1"
                fill="currentColor"
                height="1em"
                stroke="currentColor"
                stroke-width="0"
                style="margin-bottom: -8px;"
                viewBox="0 0 512 512"
                width="1em"
                xmlns="http://www.w3.org/2000/svg"
              >
                <path
                  d="M128 320l128-128 128 128z"
                />
              </svg>
              <svg
                class="c2"
                fill="currentColor"
                height="1em"
                stroke="currentColor"
                stroke-width="0"
                viewBox="0 0 512 512"
                width="1em"
                xmlns="http://www.w3.org/2000/svg"
              >
                <path
                  d="M128 192l128 128 128-128z"
                />
              </svg>
            </div>
          </div>
        </div>
        <div
          class="th"
          colspan="1"
          role="columnheader"
          style="box-sizing: border-box; flex: 30 0 auto; min-width: 30px; width: 30px; justify-content: left; text-align: left; flex-wrap: wrap; align-items: center; display: flex;"
        >
          <div
            class="sortable-column"
          >
            Disposition file name
            <div
              class="c0"
              data-testid="sort-column-fileName"
            >
              <svg
                class="c1"
                fill="currentColor"
                height="1em"
                stroke="currentColor"
                stroke-width="0"
                style="margin-bottom: -8px;"
                viewBox="0 0 512 512"
                width="1em"
                xmlns="http://www.w3.org/2000/svg"
              >
                <path
                  d="M128 320l128-128 128 128z"
                />
              </svg>
              <svg
                class="c2"
                fill="currentColor"
                height="1em"
                stroke="currentColor"
                stroke-width="0"
                viewBox="0 0 512 512"
                width="1em"
                xmlns="http://www.w3.org/2000/svg"
              >
                <path
                  d="M128 192l128 128 128-128z"
                />
              </svg>
            </div>
          </div>
        </div>
        <div
          class="th"
          colspan="1"
          role="columnheader"
          style="box-sizing: border-box; flex: 30 0 auto; min-width: 30px; width: 30px; justify-content: left; text-align: left; flex-wrap: wrap; align-items: center; display: flex;"
        >
          <div
            class="sortable-column"
          >
            Disposition type
            <div
              class="c0"
              data-testid="sort-column-dispositionTypeCode"
            >
              <svg
                class="c1"
                fill="currentColor"
                height="1em"
                stroke="currentColor"
                stroke-width="0"
                style="margin-bottom: -8px;"
                viewBox="0 0 512 512"
                width="1em"
                xmlns="http://www.w3.org/2000/svg"
              >
                <path
                  d="M128 320l128-128 128 128z"
                />
              </svg>
              <svg
                class="c2"
                fill="currentColor"
                height="1em"
                stroke="currentColor"
                stroke-width="0"
                viewBox="0 0 512 512"
                width="1em"
                xmlns="http://www.w3.org/2000/svg"
              >
                <path
                  d="M128 192l128 128 128-128z"
                />
              </svg>
            </div>
          </div>
        </div>
        <div
          class="th"
          colspan="1"
          role="columnheader"
          style="box-sizing: border-box; flex: 20 0 auto; min-width: 30px; width: 20px; justify-content: left; text-align: left; flex-wrap: wrap; align-items: center; display: flex;"
        >
          <div
            class="sortable-column"
          >
            MOTI Region
          </div>
        </div>
        <div
          class="th"
          colspan="1"
          role="columnheader"
          style="box-sizing: border-box; flex: 40 0 auto; min-width: 30px; width: 40px; justify-content: left; text-align: left; flex-wrap: wrap; align-items: center; display: flex;"
        >
          <div
            class="sortable-column"
          >
            Team member
          </div>
        </div>
        <div
          class="th"
          colspan="1"
          role="columnheader"
          style="box-sizing: border-box; flex: 100 0 auto; min-width: 30px; width: 100px; justify-content: left; text-align: left; flex-wrap: wrap; align-items: center; display: flex;"
        >
          <div
            class="sortable-column"
          >
            Civic Address / PID / PIN
          </div>
        </div>
        <div
          class="th"
          colspan="1"
          role="columnheader"
          style="box-sizing: border-box; flex: 20 0 auto; min-width: 30px; width: 20px; justify-content: left; text-align: left; flex-wrap: wrap; align-items: center; display: flex;"
        >
          <div
            class="sortable-column"
          >
            Disposition status
            <div
              class="c0"
              data-testid="sort-column-dispositionStatusTypeCode"
            >
              <svg
                class="c1"
                fill="currentColor"
                height="1em"
                stroke="currentColor"
                stroke-width="0"
                style="margin-bottom: -8px;"
                viewBox="0 0 512 512"
                width="1em"
                xmlns="http://www.w3.org/2000/svg"
              >
                <path
                  d="M128 320l128-128 128 128z"
                />
              </svg>
              <svg
                class="c2"
                fill="currentColor"
                height="1em"
                stroke="currentColor"
                stroke-width="0"
                viewBox="0 0 512 512"
                width="1em"
                xmlns="http://www.w3.org/2000/svg"
              >
                <path
                  d="M128 192l128 128 128-128z"
                />
              </svg>
            </div>
          </div>
        </div>
        <div
          class="th"
          colspan="1"
          role="columnheader"
          style="box-sizing: border-box; flex: 20 0 auto; min-width: 30px; width: 20px; justify-content: left; text-align: left; flex-wrap: wrap; align-items: center; display: flex;"
        >
          <div
            class="sortable-column"
          >
            Status
            <div
              class="c0"
              data-testid="sort-column-dispositionFileStatusTypeCode"
            >
              <svg
                class="c1"
                fill="currentColor"
                height="1em"
                stroke="currentColor"
                stroke-width="0"
                style="margin-bottom: -8px;"
                viewBox="0 0 512 512"
                width="1em"
                xmlns="http://www.w3.org/2000/svg"
              >
                <path
                  d="M128 320l128-128 128 128z"
                />
              </svg>
              <svg
                class="c2"
                fill="currentColor"
                height="1em"
                stroke="currentColor"
                stroke-width="0"
                viewBox="0 0 512 512"
                width="1em"
                xmlns="http://www.w3.org/2000/svg"
              >
                <path
                  d="M128 192l128 128 128-128z"
                />
              </svg>
            </div>
          </div>
        </div>
      </div>
    </div>
    <div
      class="tbody"
      role="rowgroup"
    >
      <div
        class="tr-wrapper"
      >
        <div
          class="tr"
          role="row"
          style="display: flex; flex: 1 0 auto; min-width: 270px;"
        >
          <div
            class="td clickable"
            role="cell"
            style="box-sizing: border-box; flex: 20 0 auto; min-width: 30px; width: 20px; justify-content: right; text-align: right; flex-wrap: wrap; align-items: center; display: flex;"
            title=""
          >
            <a
              href="/mapview/sidebar/disposition/1"
            >
              D-FILE_NUMBER 3A8F46B
            </a>
          </div>
          <div
            class="td clickable"
            role="cell"
            style="box-sizing: border-box; flex: 20 0 auto; min-width: 30px; width: 20px; justify-content: right; text-align: right; flex-wrap: wrap; align-items: center; display: flex;"
            title=""
          >
            FILE_REFERENCE 8128827 3EAD56A
          </div>
          <div
            class="td clickable"
            role="cell"
            style="box-sizing: border-box; flex: 30 0 auto; min-width: 30px; width: 30px; justify-content: left; text-align: left; flex-wrap: wrap; align-items: center; display: flex;"
            title=""
          >
            test disposition
          </div>
          <div
            class="td clickable"
            role="cell"
            style="box-sizing: border-box; flex: 30 0 auto; min-width: 30px; width: 30px; justify-content: left; text-align: left; flex-wrap: wrap; align-items: center; display: flex;"
            title=""
          >
            Road Closure
          </div>
          <div
            class="td"
            role="cell"
            style="box-sizing: border-box; flex: 20 0 auto; min-width: 30px; width: 20px; justify-content: left; text-align: left; flex-wrap: wrap; align-items: center; display: flex;"
            title=""
          >
            Cannot determine
          </div>
          <div
            class="td clickable"
            role="cell"
            style="box-sizing: border-box; flex: 40 0 auto; min-width: 30px; width: 40px; justify-content: left; text-align: left; flex-wrap: wrap; align-items: center; display: flex;"
            title=""
          >
            <span>
              Alejandro Sanchez (MoTI Solicitor), 
            </span>
            <span>
              Aman Monga (Negotiation agent)
            </span>
          </div>
          <div
            class="td"
            role="cell"
            style="box-sizing: border-box; flex: 100 0 auto; min-width: 30px; width: 100px; justify-content: left; text-align: left; flex-wrap: wrap; align-items: center; display: flex;"
            title=""
          >
            <div
              class="w-100"
            />
          </div>
          <div
            class="td clickable"
            role="cell"
            style="box-sizing: border-box; flex: 20 0 auto; min-width: 30px; width: 20px; justify-content: left; text-align: left; flex-wrap: wrap; align-items: center; display: flex;"
            title=""
          />
          <div
            class="td clickable"
            role="cell"
            style="box-sizing: border-box; flex: 20 0 auto; min-width: 30px; width: 20px; justify-content: left; text-align: left; flex-wrap: wrap; align-items: center; display: flex;"
            title=""
          >
            Draft
          </div>
        </div>
      </div>
    </div>
  </div>
  .c0 {
  margin-top: 0.3rem;
}

.c1 {
  min-width: 5rem;
  max-width: 5rem;
  margin-left: 1rem;
  margin-right: 1rem;
  text-align: center;
  padding: 0;
}

.c1:disabled {
  background: white;
}

<div
    class="row"
  >
    <div
      class="align-self-center col-auto"
    >
      <span>
        1 - 1 of 1
      </span>
    </div>
    <div
      class="ml-auto align-self-center col-auto"
    />
    <div
      class="align-self-center col-auto"
    >
      <div
        class="Menu-root"
      >
        <div
          class="Menu-button"
        >
          <div
            class="d-flex"
          >
            <span
              class="c0"
            >
              Show
            </span>
            <input
              class="c1 form-control"
              type="number"
              value="10"
            />
            <span
              class="c0"
            >
              Entries
            </span>
          </div>
        </div>
        <div
          class="Menu-items"
          style="width: 10.0rem;"
        >
          <div
            class="Menu-options scrollable list-group"
          >
            <div
              class="Menu-item list-group-item"
              title="menu-item-5"
            >
              5
            </div>
            <div
              class="Menu-item list-group-item"
              title="menu-item-10"
            >
              10
            </div>
            <div
              class="Menu-item list-group-item"
              title="menu-item-20"
            >
              20
            </div>
            <div
              class="Menu-item list-group-item"
              title="menu-item-50"
            >
              50
            </div>
            <div
              class="Menu-item list-group-item"
              title="menu-item-100"
            >
              100
            </div>
          </div>
        </div>
      </div>
    </div>
    <div
      class="align-self-center col-auto"
    >
      <ul
        class="pagination"
      >
        <li
          class="page-item disabled"
        >
          <a
            aria-disabled="true"
            aria-label="Previous page"
            class="page-link "
            rel="prev"
            role="button"
            tabindex="-1"
          >
            &lt;
          </a>
        </li>
        <li
          class="page-item active"
        >
          <a
            aria-current="page"
            aria-label="Page 1 is your current page"
            class="page-link"
            rel="canonical"
            role="button"
            tabindex="-1"
          >
            1
          </a>
        </li>
        <li
          class="page-item disabled"
        >
          <a
            aria-disabled="true"
            aria-label="Next page"
            class="page-link "
            rel="next"
            role="button"
            tabindex="-1"
          >
            &gt;
          </a>
        </li>
      </ul>
    </div>
  </div>
</DocumentFragment>
`;
