// Jest Snapshot v1, https://goo.gl/fbAQLP

exports[`Tenant component renders as expected 1`] = `
<DocumentFragment>
  @media only screen and (max-width:1500px) {

}

@media only screen and (max-width:1500px) {

}

<div
    class="Toastify"
  />
  @media only screen and (max-width:1500px) {

}

@media only screen and (max-width:1500px) {

}

<div
    class="Toastify"
  />
  .c5 {
  display: -webkit-box;
  display: -webkit-flex;
  display: -ms-flexbox;
  display: flex;
  -webkit-align-items: baseline;
  -webkit-box-align: baseline;
  -ms-flex-align: baseline;
  align-items: baseline;
  gap: 0.8rem;
}

.c5 .form-label {
  -webkit-flex-shrink: 0;
  -ms-flex-negative: 0;
  flex-shrink: 0;
}

.c0 {
  border-radius: 1rem;
  width: 100%;
  padding: 2.5rem;
}

.c4 {
  font-size: 2rem;
  margin-bottom: 1rem;
  text-align: left;
  padding: 1rem 0 0.5rem 0;
  border-bottom: solid 0.3rem;
}

.c3 {
  display: grid;
  grid-template-columns: [labels] minMax(min-content,1fr) [controls] 5fr;
  grid-auto-flow: row;
}

.c3 .form-label,
.c3 .form-group {
  margin: 0 0.5rem 0 0;
}

.c3 > .input {
  grid-column: controls;
  grid-row: auto;
  border-left: 1px solid black;
}

.c3 .form-control {
  font-weight: 700;
}

.c3 > label,
.c3 > fieldset {
  grid-column: labels;
  grid-row: auto;
}

.c3 > .textarea,
.c3 > h3 {
  grid-column: span 2;
  border-left: none;
}

.c3 .form-label {
  display: -webkit-box;
  display: -webkit-flex;
  display: -ms-flexbox;
  display: flex;
  -webkit-align-items: center;
  -webkit-box-align: center;
  -ms-flex-align: center;
  align-items: center;
}

.c2 {
  -webkit-column-gap: 5rem;
  column-gap: 5rem;
  display: -webkit-box;
  display: -webkit-flex;
  display: -ms-flexbox;
  display: flex;
  -webkit-flex-wrap: nowrap;
  -ms-flex-wrap: nowrap;
  flex-wrap: nowrap;
}

.c6 {
  padding: 0.6rem 1.2rem;
  display: -webkit-box;
  display: -webkit-flex;
  display: -ms-flexbox;
  display: flex;
}

.c6 .form-label {
  min-width: 7rem;
}

.c1 {
  -webkit-column-count: 2;
  column-count: 2;
  -webkit-column-gap: 10rem;
  column-gap: 10rem;
}

.c1 > * {
  -webkit-break-inside: avoid-column;
  break-inside: avoid-column;
}

.c1 li {
  list-style-type: none;
  padding: 2rem 0;
  margin: 0;
}

@media only screen and (max-width:1500px) {
  .c1 {
    -webkit-column-count: 1;
    column-count: 1;
  }
}

@media only screen and (max-width:1500px) {

}

<div
    class="c0 c1"
  >
    <li
      class="c2"
    >
      <div
        class="c0"
      >
        <div
          class="c3"
        >
          <label
            class="form-label"
          >
            Tenant Name:
          </label>
          <div
            class="input form-group"
          >
            <input
              class="form-control"
              disabled=""
              id="input-persons.0.fullName"
              name="persons.0.fullName"
              value=""
            />
          </div>
          <h3
            class="c4"
          >
            Contact Info
          </h3>
          <label
            class="form-label"
          >
            Address:
          </label>
          <div
            class="input form-group"
          >
            <input
              class="form-control"
              disabled=""
              id="input-persons.0.address.province"
              name="persons.0.address.province"
              value=""
            />
          </div>
          <br />
          <label
            class="form-label"
          >
            E-mail address:
          </label>
          <div
            class="input form-group"
          >
            <input
              class="form-control"
              disabled=""
              id="input-persons.0.email"
              name="persons.0.email"
              value="admin@pims.gov.bc.ca"
            />
          </div>
          <label
            class="form-label"
          >
            Phone:
          </label>
          <div
            class="c5 c6 input form-group"
          >
            <label
              class="form-label"
              for="input-persons.0.landline"
            >
              Landline: 
            </label>
            <input
              class="form-control"
              disabled=""
              id="input-persons.0.landline"
              name="persons.0.landline"
              value="1 222-333-4444"
            />
          </div>
          <div
            class="c5 c6 input form-group"
          >
            <label
              class="form-label"
              for="input-persons.0.mobile"
            >
              Mobile: 
            </label>
            <input
              class="form-control"
              disabled=""
              id="input-persons.0.mobile"
              name="persons.0.mobile"
              value="1 555-666-7777"
            />
          </div>
        </div>
      </div>
    </li>
    <li
      class="c2"
    >
      <div
        class="c0"
      >
        <div
          class="c3"
        >
          <label
            class="form-label"
          >
            Tenant organization:
          </label>
          <div
            class="input form-group"
          >
            <input
              class="form-control"
              disabled=""
              id="input-organizations.0.name"
              name="organizations.0.name"
              value="Ministry of Transportation & Infrastructure"
            />
          </div>
          <label
            class="form-label"
          >
            Contact name:
          </label>
          <div
            class="input form-group"
          >
            <input
              class="form-control"
              disabled=""
              id="input-organizations.0.contactName"
              name="organizations.0.contactName"
              value=""
            />
          </div>
          <h3
            class="c4"
          >
            Contact Info
          </h3>
          <label
            class="form-label"
          >
            Address:
          </label>
          <div
            class="input form-group"
          >
            <input
              class="form-control"
              disabled=""
              id="input-organizations.0.address.streetAddress1"
              name="organizations.0.address.streetAddress1"
              value="1234 mock Street"
            />
          </div>
          <div
            class="input form-group"
          >
            <input
              class="form-control"
              disabled=""
              id="input-organizations.0.address.streetAddress2"
              name="organizations.0.address.streetAddress2"
              value="N/A"
            />
          </div>
          <div
            class="input form-group"
          >
            <input
              class="form-control"
              disabled=""
              id="input-organizations.0.address.municipality"
              name="organizations.0.address.municipality"
              value="Victoria"
            />
          </div>
          <div
            class="input form-group"
          >
            <input
              class="form-control"
              disabled=""
              id="input-organizations.0.address.postal"
              name="organizations.0.address.postal"
              value="V1V1V1"
            />
          </div>
          <div
            class="input form-group"
          >
            <input
              class="form-control"
              disabled=""
              id="input-organizations.0.address.province"
              name="organizations.0.address.province"
              value="BC"
            />
          </div>
          <br />
          <label
            class="form-label"
          >
            E-mail address:
          </label>
          <div
            class="input form-group"
          >
            <input
              class="form-control"
              disabled=""
              id="input-organizations.0.email"
              name="organizations.0.email"
              value=""
            />
          </div>
          <label
            class="form-label"
          >
            Phone:
          </label>
          <div
            class="c5 c6 input form-group"
          >
            <label
              class="form-label"
              for="input-organizations.0.landline"
            >
              Landline: 
            </label>
            <input
              class="form-control"
              disabled=""
              id="input-organizations.0.landline"
              name="organizations.0.landline"
              value="1 222-333-4444"
            />
          </div>
          <div
            class="c5 c6 input form-group"
          >
            <label
              class="form-label"
              for="input-organizations.0.mobile"
            >
              Mobile: 
            </label>
            <input
              class="form-control"
              disabled=""
              id="input-organizations.0.mobile"
              name="organizations.0.mobile"
              value="1 555-666-7777"
            />
          </div>
        </div>
      </div>
    </li>
  </div>
</DocumentFragment>
`;
