// Jest Snapshot v1, https://goo.gl/fbAQLP

exports[`Compensation Detail View container renders as expected 1`] = `
<DocumentFragment>
  <div
    class="Toastify"
  />
  <div />
</DocumentFragment>
`;
