// Jest Snapshot v1, https://goo.gl/fbAQLP

exports[`login login renders correctly 1`] = `
.c0 {
  position: relative;
  background-image: url("/tenants/MOTI/background-image.jpg");
  background-size: cover;
  background-position: center;
  overflow: auto;
  grid-area: content;
}

.c0 .btn.btn-primary {
  display: inline-block;
}

.c0 .btn.btn-primary {
  display: inline-block;
}

.c0 .unauth {
  font-size: 2.4rem;
  margin: 9.1rem auto;
  background-color: rgba(250,250,250,0.9);
  padding-top: 1.5rem;
  padding-bottom: 2rem;
  max-width: 75rem;
  border-radius: 0.4rem;
}

.c0 .unauth .sign-in {
  -webkit-box-pack: center;
  -webkit-justify-content: center;
  -ms-flex-pack: center;
  justify-content: center;
}

.c0 .unauth .block {
  padding: 2rem 0;
  max-width: 65rem;
  max-height: 47.5rem;
  text-align: center;
  border-radius: 0.4rem;
  min-width: 90%;
}

.c0 .unauth h1 {
  padding-bottom: 1.8rem;
  font-family: 'BCSans',Fallback,sans-serif;
  font-weight: 700;
  font-size: 2.4rem;
  font-style: italic;
}

.c0 .unauth h6 {
  margin-bottom: 2rem;
}

.c0 .unauth p {
  font-size: 1.2rem;
  font-family: 'BCSans',Fallback,sans-serif;
  line-height: 130%;
  margin-left: 3rem;
  margin-right: 3rem;
  margin-bottom: 0.2rem;
}

.c0 .unauth .btn {
  margin-top: 3rem;
  margin-bottom: 3rem;
}

.c0 .unauth .btn-link {
  margin-left: 3rem;
  margin-top: 1rem;
  font-size: 1.2rem;
}

.c0 .unauth .btn-link:focus,
.c0 .unauth .btn-link:active {
  background: none !important;
}

.c0 .unauth .bceid {
  margin-bottom: -3rem;
}

.c0 .unauth .jumbotron {
  background-color: white;
  padding: 2rem;
  margin-left: 4rem;
  margin-right: 4rem;
  width: 90%;
  -webkit-box-pack: left;
  -webkit-justify-content: left;
  -ms-flex-pack: left;
  justify-content: left;
  border: 0.1rem;
  border-style: solid;
  border-color: #707070;
  text-align: left;
}

.c0 .unauth .jumbotron p {
  margin: 1rem;
}

.c0 .unauth .blockText {
  margin: 0 auto 3.8rem auto;
}

.c0 .unauth .or {
  margin: 2rem auto;
}

.c0 .unauth .border-dark {
  border-color: !important;
  color: !important;
}

.c0 .unauth .pims-logo {
  margin-bottom: 1rem;
}

<div
  className="c0 login container-fluid"
>
  <div
    className="unauth container-fluid"
  >
    <img
      alt="PIMS logo"
      className="pims-logo"
      src="/tenants/MOTI/PIMS-logo-with-text.png"
    />
    <div
      className="sign-in row"
    >
      <div
        className="col-md-3 col-1"
      />
      <div
        className="block col-md-6 col-16"
      >
        <h1>
          TRAN Property Information Management System (PIMS)
        </h1>
        <h6>
          PIMS enables you to view highways and properties owned by the Ministry of Transportation and Infrastructure
        </h6>
        <p>
          WARNING: Not all data included within has been vetted for accuracy and completeness. Please use caution when proceeding and confirm data before relying on it.
        </p>
        <button
          className="btn btn-primary"
          disabled={false}
          onClick={[Function]}
          type="button"
        >
          Sign In
        </button>
        <p>
          Sign into PIMS with your government issued IDIR or with your Business BCeID.
        </p>
        <div
          className="bceid row"
        >
          <button
            className="btn btn-link"
            disabled={false}
            onClick={[Function]}
            type="button"
          >
            Don't have a Business BCeID?
          </button>
        </div>
        <div
          className="row"
        />
      </div>
      <div
        className="col-md-3 col-1"
      />
    </div>
  </div>
</div>
`;
