// Vitest Snapshot v1, https://vitest.dev/guide/snapshot.html

exports[`DispositionHeader component > renders as expected when no data is provided 1`] = `
<DocumentFragment>
  <div
    class="Toastify"
  />
  <div />
  .c2 {
  font-size: 0.87em;
  line-height: 1.9;
}

.c0 {
  margin-top: 0.5rem;
  margin-bottom: 1.5rem;
  border-bottom-style: solid;
  border-bottom-color: grey;
  border-bottom-width: 0.1rem;
}

.c1 {
  height: 100%;
  display: -webkit-box;
  display: -webkit-flex;
  display: -ms-flexbox;
  display: flex;
  -webkit-flex-direction: column;
  -ms-flex-direction: column;
  flex-direction: column;
}

<div
    class="c0 no-gutters row"
  >
    <div
      class="col-7"
    >
      <div
        class="row"
      >
        <div
          class="pr-0 text-left col-3"
        >
          <strong>
            <label>
              File:
            </label>
          </strong>
        </div>
        <div
          class="pl-1 text-left col-9"
        >
          D-
        </div>
      </div>
      <div
        class="row"
      >
        <div
          class="pr-0 text-left col-3"
        >
          <strong>
            <label>
              Historical File #:
            </label>
          </strong>
        </div>
        <div
          class="pl-1 text-left col-9"
        >
          <div />
        </div>
      </div>
    </div>
    <div
      class="col-5"
    >
      <div
        class="c1"
      >
        <div
          class="no-gutters row"
        >
          <div
            class="text-right col"
          >
            <span
              class="c2"
            >
              <strong>
                Created: 
              </strong>
               by 
              <span
                class="tooltip-icon"
                data-testid="tooltip-icon-userNameTooltip"
                id="userNameTooltip"
              >
                <strong>
                  USER
                </strong>
              </span>
            </span>
          </div>
        </div>
        <div
          class="no-gutters row"
        >
          <div
            class="text-right col"
          >
            <span
              class="c2"
            >
              <strong>
                Updated: 
              </strong>
               by 
              <span
                class="tooltip-icon"
                data-testid="tooltip-icon-userNameTooltip"
                id="userNameTooltip"
              >
                <strong>
                  USER
                </strong>
              </span>
            </span>
          </div>
        </div>
      </div>
    </div>
  </div>
</DocumentFragment>
`;
