// Vitest Snapshot v1, https://vitest.dev/guide/snapshot.html

exports[`ReceivedDepositForm component > renders as expected 1`] = `
<DocumentFragment>
  <div
    class="Toastify"
  />
  <div />
  .c7.btn {
  display: -webkit-box;
  display: -webkit-flex;
  display: -ms-flexbox;
  display: flex;
  -webkit-align-items: center;
  -webkit-box-align: center;
  -ms-flex-align: center;
  align-items: center;
  -webkit-box-pack: center;
  -webkit-justify-content: center;
  -ms-flex-pack: center;
  justify-content: center;
  padding: 0.4rem 1.2rem;
  border: 0.2rem solid transparent;
  border-radius: 0.4rem;
  text-align: center;
  -webkit-text-decoration: none;
  text-decoration: none;
  font-size: 1.8rem;
  font-family: 'BCSans','Noto Sans',Verdana,Arial,sans-serif;
  font-weight: 700;
  -webkit-letter-spacing: 0.1rem;
  -moz-letter-spacing: 0.1rem;
  -ms-letter-spacing: 0.1rem;
  letter-spacing: 0.1rem;
  cursor: pointer;
}

.c7.btn .Button__value {
  width: -webkit-max-content;
  width: -moz-max-content;
  width: max-content;
}

.c7.btn:hover {
  -webkit-text-decoration: underline;
  text-decoration: underline;
  opacity: 0.8;
}

.c7.btn:focus {
  outline-width: 0.4rem;
  outline-style: solid;
  outline-color: var(--surface-color-primary-button-hover);
  outline-offset: 1px;
  box-shadow: none;
}

.c7.btn.btn-primary {
  color: #FFFFFF;
  background-color: #013366;
}

.c7.btn.btn-primary:hover,
.c7.btn.btn-primary:active,
.c7.btn.btn-primary:focus {
  background-color: #1E5189;
}

.c7.btn.btn-secondary {
  color: #013366;
  background: none;
  border-color: #013366;
}

.c7.btn.btn-secondary:hover,
.c7.btn.btn-secondary:active,
.c7.btn.btn-secondary:focus {
  color: #FFFFFF;
  background-color: #013366;
}

.c7.btn.btn-info {
  color: #9F9D9C;
  border: none;
  background: none;
  padding-left: 0.6rem;
  padding-right: 0.6rem;
}

.c7.btn.btn-info:hover,
.c7.btn.btn-info:active,
.c7.btn.btn-info:focus {
  color: var(--surface-color-primary-button-hover);
  background: none;
}

.c7.btn.btn-light {
  color: #FFFFFF;
  background-color: #606060;
  border: none;
}

.c7.btn.btn-light:hover,
.c7.btn.btn-light:active,
.c7.btn.btn-light:focus {
  color: #FFFFFF;
  background-color: #606060;
}

.c7.btn.btn-dark {
  color: #FFFFFF;
  background-color: #474543;
  border: none;
}

.c7.btn.btn-dark:hover,
.c7.btn.btn-dark:active,
.c7.btn.btn-dark:focus {
  color: #FFFFFF;
  background-color: #474543;
}

.c7.btn.btn-danger {
  color: #FFFFFF;
  background-color: #CE3E39;
}

.c7.btn.btn-danger:hover,
.c7.btn.btn-danger:active,
.c7.btn.btn-danger:focus {
  color: #FFFFFF;
  background-color: #CE3E39;
}

.c7.btn.btn-warning {
  color: #FFFFFF;
  background-color: #FCBA19;
  border-color: #FCBA19;
}

.c7.btn.btn-warning:hover,
.c7.btn.btn-warning:active,
.c7.btn.btn-warning:focus {
  color: #FFFFFF;
  border-color: #FCBA19;
  background-color: #FCBA19;
}

.c7.btn.btn-link {
  font-size: 1.6rem;
  font-weight: 400;
  color: var(--surface-color-primary-button-default);
  background: none;
  border: none;
  -webkit-text-decoration: none;
  text-decoration: none;
  min-height: 2.5rem;
  line-height: 3rem;
  -webkit-box-pack: left;
  -webkit-justify-content: left;
  -ms-flex-pack: left;
  justify-content: left;
  -webkit-letter-spacing: unset;
  -moz-letter-spacing: unset;
  -ms-letter-spacing: unset;
  letter-spacing: unset;
  text-align: left;
  padding: 0;
}

.c7.btn.btn-link:hover,
.c7.btn.btn-link:active,
.c7.btn.btn-link:focus {
  color: var(--surface-color-primary-button-hover);
  -webkit-text-decoration: underline;
  text-decoration: underline;
  border: none;
  background: none;
  box-shadow: none;
  outline: none;
}

.c7.btn.btn-link:disabled,
.c7.btn.btn-link.disabled {
  color: #9F9D9C;
  background: none;
  pointer-events: none;
}

.c7.btn:disabled,
.c7.btn:disabled:hover {
  box-shadow: none;
  -webkit-user-select: none;
  -moz-user-select: none;
  -ms-user-select: none;
  user-select: none;
  pointer-events: none;
  cursor: not-allowed;
  opacity: 0.65;
}

.c7.Button .Button__icon {
  margin-right: 1.6rem;
}

.c7.Button--icon-only:focus {
  outline: none;
}

.c7.Button--icon-only .Button__icon {
  margin-right: 0;
}

.c3 .react-datepicker__calendar-icon {
  width: 2.4rem;
  height: 3rem;
  margin-top: 0.5rem;
  margin-right: 1.2rem;
  right: 0;
  fill: var(--surface-color-primary-button-default);
  pointer-events: none;
}

.c3 .react-datepicker__view-calendar-icon input {
  padding: 0.8rem 1.2rem 0.8rem 1.2rem;
}

.c3 .react-datepicker-wrapper {
  max-width: 17rem;
}

.c5.c5.form-control.is-valid {
  background-image: none;
}

.c5.c5.form-control.is-invalid {
  border-color: #d8292f !important;
}

.c4 {
  display: -webkit-box;
  display: -webkit-flex;
  display: -ms-flexbox;
  display: flex;
  -webkit-align-items: baseline;
  -webkit-box-align: baseline;
  -ms-flex-align: baseline;
  align-items: baseline;
}

.c4 .form-label {
  -webkit-flex-shrink: 0;
  -ms-flex-negative: 0;
  flex-shrink: 0;
}

.c6 {
  position: relative;
  border-radius: 0.4rem;
  padding-top: 0.8rem;
  padding-bottom: 0.8rem;
  padding-left: 1.2rem;
  padding-right: 2.8rem;
  background-image: none;
  color: #9F9D9C;
  border: #606060 solid 0.1rem;
  cursor: pointer;
}

.c6.is-invalid {
  border: #CE3E39 solid 0.1rem;
}

.c2.required::before {
  content: '*';
  position: absolute;
  top: 0.75rem;
  left: 0rem;
}

.c1 {
  font-weight: bold;
}

.c0 .form-group {
  -webkit-flex-direction: column;
  -ms-flex-direction: column;
  flex-direction: column;
}

.c0 .form-group .form-label {
  font-weight: bold;
}

.c0 .form-group textarea {
  resize: none;
}

<form
    class="c0"
  >
    <div
      class="row"
    >
      <div
        class="col"
      >
        <div
          class="pb-2 row"
        >
          <div
            class="pr-0 text-left col-4"
          >
            <label
              class="c1"
            >
              Deposit type:
            </label>
          </div>
          <div
            class="c2 required text-left col-5"
          >
            <div
              class="form-group"
            >
              <select
                class="form-select form-control"
                id="input-depositTypeCode"
                name="depositTypeCode"
              >
                <option
                  value=""
                >
                  Select...
                </option>
                <option
                  class="option"
                  data-testid="select-option-OTHER"
                  value="OTHER"
                >
                  Other deposit
                </option>
                <option
                  class="option"
                  data-testid="select-option-PET"
                  value="PET"
                >
                  Pet deposit
                </option>
                <option
                  class="option"
                  data-testid="select-option-SECURITY"
                  value="SECURITY"
                >
                  Security deposit
                </option>
              </select>
            </div>
          </div>
        </div>
      </div>
    </div>
    <div
      class="row"
    >
      <div
        class="col"
      >
        <div
          class="textarea input form-group"
        >
          <label
            class="form-label"
            for="input-description"
          >
            Description: 
          </label>
          <textarea
            class="form-control"
            id="input-description"
            name="description"
            rows="4"
            title=""
          />
        </div>
      </div>
    </div>
    <div
      class="row"
    >
      <div
        class="col-md-6"
      >
        <div
          class="required form-group"
        >
          <label
            class="form-label"
            for="input-amountPaid"
          >
            Deposit amount: 
          </label>
          <div
            class="input-tooltip-wrapper"
          >
            <input
              class="form-control input-number"
              id="input-amountPaid"
              inputmode="numeric"
              name="amountPaid"
              placeholder=""
              required=""
              type="text"
              value=""
            />
          </div>
        </div>
      </div>
      <div
        class="col-md-6"
      >
        <div
          class="c3 required c4 form-group"
        >
          <label
            class="form-label"
            for="datepicker-depositDate"
          >
            <span
              class="datepicker-label"
            >
              Paid date:
            </span>
             
          </label>
          <div
            class="react-datepicker-wrapper d-block"
          >
            <div
              class="react-datepicker__input-container react-datepicker__view-calendar-icon"
            >
              <svg
                class="react-datepicker__calendar-icon"
                viewBox="0 0 448 512"
                xmlns="http://www.w3.org/2000/svg"
              >
                <path
                  d="M96 32V64H48C21.5 64 0 85.5 0 112v48H448V112c0-26.5-21.5-48-48-48H352V32c0-17.7-14.3-32-32-32s-32 14.3-32 32V64H160V32c0-17.7-14.3-32-32-32S96 14.3 96 32zM448 192H0V464c0 26.5 21.5 48 48 48H400c26.5 0 48-21.5 48-48V192z"
                />
              </svg>
              <input
                autocomplete="off"
                class="c5 form-control date-picker"
                id="datepicker-depositDate"
                name="depositDate"
                placeholder="MMM DD, YYYY"
                required=""
                type="text"
                value=""
              />
            </div>
          </div>
        </div>
      </div>
    </div>
    <div
      class="row"
    >
      <div
        class="col-md-9"
      >
        <div
          class="required input form-group"
        >
          <label
            class="form-label"
            for="input-contactHolder"
          >
            Deposit holder:
          </label>
          <div
            class="row"
          >
            <div
              class="col"
            >
              <div
                class="c6"
              >
                Select from contacts
              </div>
              <div
                class="d-none input form-group"
              >
                <input
                  class="form-control"
                  id="input-contactHolder.id"
                  name="contactHolder.id"
                  placeholder="Select from Contacts"
                  value=""
                />
              </div>
            </div>
            <div
              class="pl-0 col-auto"
            >
              <button
                class="c7 Button Button--icon-only px-2 btn btn-primary"
                type="button"
              >
                <div
                  class="Button__icon"
                >
                  <svg
                    fill="currentColor"
                    height="20"
                    stroke="currentColor"
                    stroke-width="0"
                    viewBox="0 0 448 512"
                    width="20"
                    xmlns="http://www.w3.org/2000/svg"
                  >
                    <path
                      d="M436 160c6.6 0 12-5.4 12-12v-40c0-6.6-5.4-12-12-12h-20V48c0-26.5-21.5-48-48-48H48C21.5 0 0 21.5 0 48v416c0 26.5 21.5 48 48 48h320c26.5 0 48-21.5 48-48v-48h20c6.6 0 12-5.4 12-12v-40c0-6.6-5.4-12-12-12h-20v-64h20c6.6 0 12-5.4 12-12v-40c0-6.6-5.4-12-12-12h-20v-64h20zm-228-32c35.3 0 64 28.7 64 64s-28.7 64-64 64-64-28.7-64-64 28.7-64 64-64zm112 236.8c0 10.6-10 19.2-22.4 19.2H118.4C106 384 96 375.4 96 364.8v-19.2c0-31.8 30.1-57.6 67.2-57.6h5c12.3 5.1 25.7 8 39.8 8s27.6-2.9 39.8-8h5c37.1 0 67.2 25.8 67.2 57.6v19.2z"
                    />
                  </svg>
                </div>
              </button>
            </div>
          </div>
        </div>
      </div>
    </div>
    <div
      class="row"
    >
      <div
        class="col-md-12"
      >
        <div
          style="margin-top: 24px;"
        >
          <p>
            Do you want to save it?
          </p>
        </div>
      </div>
    </div>
    <div />
  </form>
</DocumentFragment>
`;

exports[`ReceivedDepositForm component > renders with data as expected 1`] = `
<DocumentFragment>
  <div
    class="Toastify"
  />
  <div />
  .c7.btn {
  display: -webkit-box;
  display: -webkit-flex;
  display: -ms-flexbox;
  display: flex;
  -webkit-align-items: center;
  -webkit-box-align: center;
  -ms-flex-align: center;
  align-items: center;
  -webkit-box-pack: center;
  -webkit-justify-content: center;
  -ms-flex-pack: center;
  justify-content: center;
  padding: 0.4rem 1.2rem;
  border: 0.2rem solid transparent;
  border-radius: 0.4rem;
  text-align: center;
  -webkit-text-decoration: none;
  text-decoration: none;
  font-size: 1.8rem;
  font-family: 'BCSans','Noto Sans',Verdana,Arial,sans-serif;
  font-weight: 700;
  -webkit-letter-spacing: 0.1rem;
  -moz-letter-spacing: 0.1rem;
  -ms-letter-spacing: 0.1rem;
  letter-spacing: 0.1rem;
  cursor: pointer;
}

.c7.btn .Button__value {
  width: -webkit-max-content;
  width: -moz-max-content;
  width: max-content;
}

.c7.btn:hover {
  -webkit-text-decoration: underline;
  text-decoration: underline;
  opacity: 0.8;
}

.c7.btn:focus {
  outline-width: 0.4rem;
  outline-style: solid;
  outline-color: var(--surface-color-primary-button-hover);
  outline-offset: 1px;
  box-shadow: none;
}

.c7.btn.btn-primary {
  color: #FFFFFF;
  background-color: #013366;
}

.c7.btn.btn-primary:hover,
.c7.btn.btn-primary:active,
.c7.btn.btn-primary:focus {
  background-color: #1E5189;
}

.c7.btn.btn-secondary {
  color: #013366;
  background: none;
  border-color: #013366;
}

.c7.btn.btn-secondary:hover,
.c7.btn.btn-secondary:active,
.c7.btn.btn-secondary:focus {
  color: #FFFFFF;
  background-color: #013366;
}

.c7.btn.btn-info {
  color: #9F9D9C;
  border: none;
  background: none;
  padding-left: 0.6rem;
  padding-right: 0.6rem;
}

.c7.btn.btn-info:hover,
.c7.btn.btn-info:active,
.c7.btn.btn-info:focus {
  color: var(--surface-color-primary-button-hover);
  background: none;
}

.c7.btn.btn-light {
  color: #FFFFFF;
  background-color: #606060;
  border: none;
}

.c7.btn.btn-light:hover,
.c7.btn.btn-light:active,
.c7.btn.btn-light:focus {
  color: #FFFFFF;
  background-color: #606060;
}

.c7.btn.btn-dark {
  color: #FFFFFF;
  background-color: #474543;
  border: none;
}

.c7.btn.btn-dark:hover,
.c7.btn.btn-dark:active,
.c7.btn.btn-dark:focus {
  color: #FFFFFF;
  background-color: #474543;
}

.c7.btn.btn-danger {
  color: #FFFFFF;
  background-color: #CE3E39;
}

.c7.btn.btn-danger:hover,
.c7.btn.btn-danger:active,
.c7.btn.btn-danger:focus {
  color: #FFFFFF;
  background-color: #CE3E39;
}

.c7.btn.btn-warning {
  color: #FFFFFF;
  background-color: #FCBA19;
  border-color: #FCBA19;
}

.c7.btn.btn-warning:hover,
.c7.btn.btn-warning:active,
.c7.btn.btn-warning:focus {
  color: #FFFFFF;
  border-color: #FCBA19;
  background-color: #FCBA19;
}

.c7.btn.btn-link {
  font-size: 1.6rem;
  font-weight: 400;
  color: var(--surface-color-primary-button-default);
  background: none;
  border: none;
  -webkit-text-decoration: none;
  text-decoration: none;
  min-height: 2.5rem;
  line-height: 3rem;
  -webkit-box-pack: left;
  -webkit-justify-content: left;
  -ms-flex-pack: left;
  justify-content: left;
  -webkit-letter-spacing: unset;
  -moz-letter-spacing: unset;
  -ms-letter-spacing: unset;
  letter-spacing: unset;
  text-align: left;
  padding: 0;
}

.c7.btn.btn-link:hover,
.c7.btn.btn-link:active,
.c7.btn.btn-link:focus {
  color: var(--surface-color-primary-button-hover);
  -webkit-text-decoration: underline;
  text-decoration: underline;
  border: none;
  background: none;
  box-shadow: none;
  outline: none;
}

.c7.btn.btn-link:disabled,
.c7.btn.btn-link.disabled {
  color: #9F9D9C;
  background: none;
  pointer-events: none;
}

.c7.btn:disabled,
.c7.btn:disabled:hover {
  box-shadow: none;
  -webkit-user-select: none;
  -moz-user-select: none;
  -ms-user-select: none;
  user-select: none;
  pointer-events: none;
  cursor: not-allowed;
  opacity: 0.65;
}

.c7.Button .Button__icon {
  margin-right: 1.6rem;
}

.c7.Button--icon-only:focus {
  outline: none;
}

.c7.Button--icon-only .Button__icon {
  margin-right: 0;
}

.c3 .react-datepicker__calendar-icon {
  width: 2.4rem;
  height: 3rem;
  margin-top: 0.5rem;
  margin-right: 1.2rem;
  right: 0;
  fill: var(--surface-color-primary-button-default);
  pointer-events: none;
}

.c3 .react-datepicker__view-calendar-icon input {
  padding: 0.8rem 1.2rem 0.8rem 1.2rem;
}

.c3 .react-datepicker-wrapper {
  max-width: 17rem;
}

.c5.c5.form-control.is-valid {
  background-image: none;
}

.c5.c5.form-control.is-invalid {
  border-color: #d8292f !important;
}

.c4 {
  display: -webkit-box;
  display: -webkit-flex;
  display: -ms-flexbox;
  display: flex;
  -webkit-align-items: baseline;
  -webkit-box-align: baseline;
  -ms-flex-align: baseline;
  align-items: baseline;
}

.c4 .form-label {
  -webkit-flex-shrink: 0;
  -ms-flex-negative: 0;
  flex-shrink: 0;
}

.c6 {
  position: relative;
  border-radius: 0.4rem;
  padding-top: 0.8rem;
  padding-bottom: 0.8rem;
  padding-left: 1.2rem;
  padding-right: 2.8rem;
  background-image: none;
  color: #9F9D9C;
  border: #606060 solid 0.1rem;
  cursor: pointer;
}

.c6.is-invalid {
  border: #CE3E39 solid 0.1rem;
}

.c2.required::before {
  content: '*';
  position: absolute;
  top: 0.75rem;
  left: 0rem;
}

.c1 {
  font-weight: bold;
}

.c0 .form-group {
  -webkit-flex-direction: column;
  -ms-flex-direction: column;
  flex-direction: column;
}

.c0 .form-group .form-label {
  font-weight: bold;
}

.c0 .form-group textarea {
  resize: none;
}

<form
    class="c0"
  >
    <div
      class="row"
    >
      <div
        class="col"
      >
        <div
          class="pb-2 row"
        >
          <div
            class="pr-0 text-left col-4"
          >
            <label
              class="c1"
            >
              Deposit type:
            </label>
          </div>
          <div
            class="c2 required text-left col-5"
          >
            <div
              class="form-group"
            >
              <select
                class="form-select form-control"
                id="input-depositTypeCode"
                name="depositTypeCode"
              >
                <option
                  value=""
                >
                  Select...
                </option>
                <option
                  class="option"
                  data-testid="select-option-OTHER"
                  value="OTHER"
                >
                  Other deposit
                </option>
                <option
                  class="option"
                  data-testid="select-option-PET"
                  value="PET"
                >
                  Pet deposit
                </option>
                <option
                  class="option"
                  data-testid="select-option-SECURITY"
                  value="SECURITY"
                >
                  Security deposit
                </option>
              </select>
            </div>
          </div>
        </div>
      </div>
    </div>
    <div
      class="row"
    >
      <div
        class="col"
      >
        <div
          class="textarea input form-group"
        >
          <label
            class="form-label"
            for="input-description"
          >
            Description: 
          </label>
          <textarea
            class="form-control"
            id="input-description"
            name="description"
            rows="4"
            title=""
          />
        </div>
      </div>
    </div>
    <div
      class="row"
    >
      <div
        class="col-md-6"
      >
        <div
          class="required form-group"
        >
          <label
            class="form-label"
            for="input-amountPaid"
          >
            Deposit amount: 
          </label>
          <div
            class="input-tooltip-wrapper"
          >
            <input
              class="form-control input-number"
              id="input-amountPaid"
              inputmode="numeric"
              name="amountPaid"
              placeholder=""
              required=""
              type="text"
              value=""
            />
          </div>
        </div>
      </div>
      <div
        class="col-md-6"
      >
        <div
          class="c3 required c4 form-group"
        >
          <label
            class="form-label"
            for="datepicker-depositDate"
          >
            <span
              class="datepicker-label"
            >
              Paid date:
            </span>
             
          </label>
          <div
            class="react-datepicker-wrapper d-block"
          >
            <div
              class="react-datepicker__input-container react-datepicker__view-calendar-icon"
            >
              <svg
                class="react-datepicker__calendar-icon"
                viewBox="0 0 448 512"
                xmlns="http://www.w3.org/2000/svg"
              >
                <path
                  d="M96 32V64H48C21.5 64 0 85.5 0 112v48H448V112c0-26.5-21.5-48-48-48H352V32c0-17.7-14.3-32-32-32s-32 14.3-32 32V64H160V32c0-17.7-14.3-32-32-32S96 14.3 96 32zM448 192H0V464c0 26.5 21.5 48 48 48H400c26.5 0 48-21.5 48-48V192z"
                />
              </svg>
              <input
                autocomplete="off"
                class="c5 form-control date-picker"
                id="datepicker-depositDate"
                name="depositDate"
                placeholder="MMM DD, YYYY"
                required=""
                type="text"
                value=""
              />
            </div>
          </div>
        </div>
      </div>
    </div>
    <div
      class="row"
    >
      <div
        class="col-md-9"
      >
        <div
          class="required input form-group"
        >
          <label
            class="form-label"
            for="input-contactHolder"
          >
            Deposit holder:
          </label>
          <div
            class="row"
          >
            <div
              class="col"
            >
              <div
                class="c6"
              >
                Select from contacts
              </div>
              <div
                class="d-none input form-group"
              >
                <input
                  class="form-control"
                  id="input-contactHolder.id"
                  name="contactHolder.id"
                  placeholder="Select from Contacts"
                  value=""
                />
              </div>
            </div>
            <div
              class="pl-0 col-auto"
            >
              <button
                class="c7 Button Button--icon-only px-2 btn btn-primary"
                type="button"
              >
                <div
                  class="Button__icon"
                >
                  <svg
                    fill="currentColor"
                    height="20"
                    stroke="currentColor"
                    stroke-width="0"
                    viewBox="0 0 448 512"
                    width="20"
                    xmlns="http://www.w3.org/2000/svg"
                  >
                    <path
                      d="M436 160c6.6 0 12-5.4 12-12v-40c0-6.6-5.4-12-12-12h-20V48c0-26.5-21.5-48-48-48H48C21.5 0 0 21.5 0 48v416c0 26.5 21.5 48 48 48h320c26.5 0 48-21.5 48-48v-48h20c6.6 0 12-5.4 12-12v-40c0-6.6-5.4-12-12-12h-20v-64h20c6.6 0 12-5.4 12-12v-40c0-6.6-5.4-12-12-12h-20v-64h20zm-228-32c35.3 0 64 28.7 64 64s-28.7 64-64 64-64-28.7-64-64 28.7-64 64-64zm112 236.8c0 10.6-10 19.2-22.4 19.2H118.4C106 384 96 375.4 96 364.8v-19.2c0-31.8 30.1-57.6 67.2-57.6h5c12.3 5.1 25.7 8 39.8 8s27.6-2.9 39.8-8h5c37.1 0 67.2 25.8 67.2 57.6v19.2z"
                    />
                  </svg>
                </div>
              </button>
            </div>
          </div>
        </div>
      </div>
    </div>
    <div
      class="row"
    >
      <div
        class="col-md-12"
      >
        <div
          style="margin-top: 24px;"
        >
          <p>
            Do you want to save it?
          </p>
        </div>
      </div>
    </div>
    <div />
  </form>
</DocumentFragment>
`;
