// Vitest Snapshot v1, https://vitest.dev/guide/snapshot.html

exports[`TakesDetailView component > renders as expected 1`] = `
<DocumentFragment>
  <div
    class="Toastify"
  />
  <div />
  .c2 {
  font-family: 'BCSans-Bold';
  font-size: 2.6rem;
  border-bottom: solid 0.2rem;
  width: 100%;
  text-align: left;
  margin-bottom: 2.4rem;
}

.c0 {
  padding-top: 1rem;
}

.c1 {
  margin: 1.6rem;
  padding: 1.6rem;
  background-color: white;
  text-align: left;
  border-radius: 0.5rem;
}

.c5.required::before {
  content: '*';
  position: absolute;
  top: 0.75rem;
  left: 0rem;
}

.c4 {
  font-weight: bold;
}

.c6 {
  -webkit-box-pack: justify;
  -webkit-justify-content: space-between;
  -ms-flex-pack: justify;
  justify-content: space-between;
  -webkit-align-items: end;
  -webkit-box-align: end;
  -ms-flex-align: end;
  align-items: end;
  min-height: 4.5rem;
}

.c6 .btn {
  margin: 0;
}

.c3 {
  border-radius: 0.5rem;
  padding: 1rem;
}

<div
    class="c0"
  >
    <div
      class="c1 form-section"
    >
      <div
        class="collapse show"
      >
        <h2
          class="c2"
        >
          Takes for 007-723-385
        </h2>
        <div
          class="c3"
        >
          <div
            class="pb-2 row"
          >
            <div
              class="pr-0 text-left col-8"
            >
              <label
                class="c4"
              >
                Takes for this property in the current file:
                <span
                  class="ml-2"
                >
                  <span
                    class="tooltip-icon"
                    data-testid="tooltip-icon-section-field-tooltip"
                    id="section-field-tooltip"
                  >
                    <svg
                      class="tooltip-icon"
                      fill="currentColor"
                      height="1em"
                      stroke="currentColor"
                      stroke-width="0"
                      viewBox="0 0 512 512"
                      width="1em"
                      xmlns="http://www.w3.org/2000/svg"
                    >
                      <path
                        d="M256 8C119.043 8 8 119.083 8 256c0 136.997 111.043 248 248 248s248-111.003 248-248C504 119.083 392.957 8 256 8zm0 110c23.196 0 42 18.804 42 42s-18.804 42-42 42-42-18.804-42-42 18.804-42 42-42zm56 254c0 6.627-5.373 12-12 12h-88c-6.627 0-12-5.373-12-12v-24c0-6.627 5.373-12 12-12h12v-64h-12c-6.627 0-12-5.373-12-12v-24c0-6.627 5.373-12 12-12h64c6.627 0 12 5.373 12 12v100h12c6.627 0 12 5.373 12 12v24z"
                      />
                    </svg>
                  </span>
                </span>
              </label>
            </div>
            <div
              class="c5 text-left col"
            >
              0
            </div>
          </div>
          <div
            class="pb-2 row"
          >
            <div
              class="pr-0 text-left col-8"
            >
              <label
                class="c4"
              >
                Takes for this property in other files:
                <span
                  class="ml-2"
                >
                  <span
                    class="tooltip-icon"
                    data-testid="tooltip-icon-section-field-tooltip"
                    id="section-field-tooltip"
                  >
                    <svg
                      class="tooltip-icon"
                      fill="currentColor"
                      height="1em"
                      stroke="currentColor"
                      stroke-width="0"
                      viewBox="0 0 512 512"
                      width="1em"
                      xmlns="http://www.w3.org/2000/svg"
                    >
                      <path
                        d="M256 8C119.043 8 8 119.083 8 256c0 136.997 111.043 248 248 248s248-111.003 248-248C504 119.083 392.957 8 256 8zm0 110c23.196 0 42 18.804 42 42s-18.804 42-42 42-42-18.804-42-42 18.804-42 42-42zm56 254c0 6.627-5.373 12-12 12h-88c-6.627 0-12-5.373-12-12v-24c0-6.627 5.373-12 12-12h12v-64h-12c-6.627 0-12-5.373-12-12v-24c0-6.627 5.373-12 12-12h64c6.627 0 12 5.373 12 12v100h12c6.627 0 12 5.373 12 12v24z"
                      />
                    </svg>
                  </span>
                </span>
              </label>
            </div>
            <div
              class="c5 text-left col"
              data-testid="takes-in-other-files"
            >
              0
            </div>
          </div>
        </div>
      </div>
    </div>
    <div
      class="c1 form-section"
    >
      <div
        class="collapse show"
      >
        <h2
          class="c2 mb-8"
        >
          <div
            class="c6 no-gutters row"
          >
            <div
              class="px-2 my-1 col-auto"
            >
              Takes
            </div>
            <div
              class="my-1 col-auto"
            />
          </div>
        </h2>
      </div>
    </div>
  </div>
</DocumentFragment>
`;
