// Jest Snapshot v1, https://goo.gl/fbAQLP

exports[`MapContainer Renders the map 1`] = `
<DocumentFragment>
  <div
    class="Toastify"
  />
  <div />
  .c7.btn {
  display: -webkit-box;
  display: -webkit-flex;
  display: -ms-flexbox;
  display: flex;
  -webkit-align-items: center;
  -webkit-box-align: center;
  -ms-flex-align: center;
  align-items: center;
  -webkit-box-pack: center;
  -webkit-justify-content: center;
  -ms-flex-pack: center;
  justify-content: center;
  padding: 0.4rem 1.2rem;
  min-height: 3rem;
  border: 0.2rem solid transparent;
  border-radius: 0.4rem;
  text-align: center;
  -webkit-text-decoration: none;
  text-decoration: none;
  font-size: 1.8rem;
  font-family: 'BCSans','Noto Sans',Verdana,Arial,sans-serif;
  font-weight: 700;
  -webkit-letter-spacing: 0.1rem;
  -moz-letter-spacing: 0.1rem;
  -ms-letter-spacing: 0.1rem;
  letter-spacing: 0.1rem;
  cursor: pointer;
}

.c7.btn:hover {
  -webkit-text-decoration: underline;
  text-decoration: underline;
  opacity: 0.8;
}

.c7.btn:focus {
  outline-width: 0.4rem;
  outline-style: solid;
  outline-offset: 1px;
  box-shadow: none;
}

.c7.btn.btn-primary {
  border: none;
}

.c7.btn.btn-secondary {
  background: none;
}

.c7.btn.btn-info {
  border: none;
  background: none;
  padding-left: 0.6rem;
  padding-right: 0.6rem;
}

.c7.btn.btn-info:hover,
.c7.btn.btn-info:active,
.c7.btn.btn-info:focus {
  background: none;
}

.c7.btn.btn-light {
  border: none;
}

.c7.btn.btn-dark {
  border: none;
}

.c7.btn.btn-link {
  font-size: 1.6rem;
  font-weight: 400;
  background: none;
  border: none;
  -webkit-text-decoration: none;
  text-decoration: none;
  min-height: 2.5rem;
  line-height: 3rem;
  -webkit-box-pack: left;
  -webkit-justify-content: left;
  -ms-flex-pack: left;
  justify-content: left;
  -webkit-letter-spacing: unset;
  -moz-letter-spacing: unset;
  -ms-letter-spacing: unset;
  letter-spacing: unset;
  text-align: left;
  padding: 0;
}

.c7.btn.btn-link:hover,
.c7.btn.btn-link:active,
.c7.btn.btn-link:focus {
  -webkit-text-decoration: underline;
  text-decoration: underline;
  border: none;
  background: none;
  box-shadow: none;
  outline: none;
}

.c7.btn.btn-link:disabled,
.c7.btn.btn-link.disabled {
  background: none;
  pointer-events: none;
}

.c7.btn:disabled,
.c7.btn:disabled:hover {
  box-shadow: none;
  -webkit-user-select: none;
  -moz-user-select: none;
  -ms-user-select: none;
  user-select: none;
  pointer-events: none;
  cursor: not-allowed;
  opacity: 0.65;
}

.c7.Button .Button__icon {
  margin-right: 1.6rem;
}

.c7.Button--icon-only:focus {
  outline: none;
}

.c7.Button--icon-only .Button__icon {
  margin-right: 0;
}

.c11 {
  grid-area: map;
}

.c11 .leaflet-div-icon {
  background: none;
  border: none;
}

.c11 .leaflet-div-icon img {
  width: inherit;
  height: inherit;
  -webkit-filter: drop-shadow(3px 1px 10px rgb(0 0 0 / 0.6));
  filter: drop-shadow(3px 1px 10px rgb(0 0 0 / 0.6));
}

.c11 .leaflet-container {
  height: 100%;
  margin: auto;
  font-size: 1.2rem;
}

.c11 .leaflet-container .leaflet-control-attribution {
  font-size: 1.1rem;
}

.c11 .leaflet-container .leaflet-popup-content-wrapper {
  border-radius: 0;
}

.c11 .leaflet-container .leaflet-popup-content {
  margin: 0rem;
}

.c11 .leaflet-container .leaflet-control-container .leaflet-top {
  z-index: 500;
}

.c11 .leaflet-control-layers.leaflet-control-layers-expanded {
  border-radius: 0rem;
}

.c11 .leaflet-control-layers .leaflet-control-layers-overlays {
  display: -webkit-box;
  display: -webkit-flex;
  display: -ms-flexbox;
  display: flex;
  -webkit-flex-direction: column;
  -ms-flex-direction: column;
  flex-direction: column;
  padding: 1rem;
  width: 15rem;
}

.c11 .leaflet-control-layers .leaflet-control-layers-overlays label {
  display: -webkit-box;
  display: -webkit-flex;
  display: -ms-flexbox;
  display: flex;
}

.c2 {
  width: 100%;
  display: grid;
  grid-template-rows: 1fr;
  grid-template-columns: min-content 1fr;
  grid-template-areas: 'filter filter' 'map map';
  -webkit-transition: margin 1s,width 1s;
  transition: margin 1s,width 1s;
  position: relative;
}

.c2.sidebar {
  grid-template-rows: 0 1fr;
  -webkit-transition: 1s;
  transition: 1s;
}

.c14.btn {
  width: 5.2rem;
  height: 5.2rem;
  background-color: #fff;
  box-shadow: -0.2rem 0.1rem 0.4rem rgba(0,0,0,0.2);
  -webkit-transition: 1s;
  transition: 1s;
}

.c14.btn.open {
  border-top-right-radius: 0;
  border-bottom-right-radius: 0;
}

.c19 {
  display: -webkit-box;
  display: -webkit-flex;
  display: -ms-flexbox;
  display: flex;
  -webkit-align-items: center;
  -webkit-box-align: center;
  -ms-flex-align: center;
  align-items: center;
  padding-left: 0rem;
  border: none;
  padding-top: 0.5rem;
  padding-bottom: 0.5rem;
}

.c19 .form-group .form-check label {
  font-weight: bold;
  color: textColor;
  font-size: 1.3rem;
}

.c20 {
  margin-right: 1rem;
  font-size: 1.5rem;
}

.c21 {
  margin-bottom: 0rem;
}

.c21 .form-check {
  display: -webkit-box;
  display: -webkit-flex;
  display: -ms-flexbox;
  display: flex;
  -webkit-align-items: center;
  -webkit-box-align: center;
  -ms-flex-align: center;
  align-items: center;
}

.c21 .form-check input {
  margin-top: 0rem;
}

.c21 .form-check label {
  display: -webkit-box;
  display: -webkit-flex;
  display: -ms-flexbox;
  display: flex;
  -webkit-align-items: center;
  -webkit-box-align: center;
  -ms-flex-align: center;
  align-items: center;
}

.c15 {
  margin-right: -1rem;
  width: 34.1rem;
  min-height: 5.2rem;
  height: 50rem;
  max-height: 50rem;
  background-color: #fff;
  position: relative;
  border-radius: 0.4rem;
  box-shadow: -0.2rem 0.1rem 0.4rem rgba(0,0,0,0.2);
  z-index: 1000;
}

.c15.closed {
  width: 0rem;
  height: 0rem;
}

.c18 {
  width: 100%;
  height: calc(100% - 8rem);
  padding: 1.6rem;
}

.c18.open {
  overflow-y: scroll;
}

.c17 {
  font-size: 3rem;
}

.c16.btn {
  width: 5.2rem;
  height: 5.2rem;
  margin-left: -5.1rem;
  background-color: #fff;
  box-shadow: -0.2rem 0.1rem 0.4rem rgba(0,0,0,0.2);
}

.c16.btn.open {
  border-top-right-radius: 0;
  border-bottom-right-radius: 0;
  margin-top: -5.2rem;
}

.c12.c12.btn {
  background-color: #ffffff;
  width: 4rem;
  height: 4rem;
  display: -webkit-box;
  display: -webkit-flex;
  display: -ms-flexbox;
  display: flex;
  -webkit-align-items: center;
  -webkit-box-align: center;
  -ms-flex-align: center;
  align-items: center;
}

.c13.c13.btn {
  background-color: #ffffff;
  width: 4rem;
  height: 4rem;
}

.c8 {
  display: -webkit-box;
  display: -webkit-flex;
  display: -ms-flexbox;
  display: flex;
}

.c8 div:nth-child(1) div:nth-child(1) {
  cursor: auto;
}

.c8 div:nth-child(1) div:nth-child(1) svg {
  fill: #909090;
}

.c8 div:nth-child(2) div:nth-child(1) {
  cursor: pointer;
}

.c8 div:nth-child(2) div:nth-child(1) svg {
  fill: #003366;
}

.c9 {
  -webkit-flex: 1;
  -ms-flex: 1;
  flex: 1;
  width: 100%;
}

.c10 {
  display: -webkit-box;
  display: -webkit-flex;
  display: -ms-flexbox;
  display: flex;
  -webkit-flex-shrink: 0;
  -ms-flex-negative: 0;
  flex-shrink: 0;
  -webkit-flex-direction: row;
  -ms-flex-direction: row;
  flex-direction: row;
  -webkit-align-items: center;
  -webkit-box-align: center;
  -ms-flex-align: center;
  align-items: center;
}

.c10 svg {
  min-width: -webkit-max-content;
  min-width: -moz-max-content;
  min-width: max-content;
}

.c5 {
  padding-right: 0 !important;
}

.c5 .form-control {
  border-top-right-radius: 0;
  border-bottom-right-radius: 0;
}

.c4 {
  padding-right: 0 !important;
  border-right: 0 !important;
}

.c6 {
  padding-left: 0 !important;
}

.c6 .form-control {
  border-top-left-radius: 0;
  border-bottom-left-radius: 0;
}

.c3 {
  -webkit-transition: margin 1s;
  transition: margin 1s;
  grid-area: filter;
  background-color: #f2f2f2;
  box-shadow: 0px 4px 5px rgba(0,0,0,0.2);
  z-index: 500;
}

.c3 .map-filter-bar {
  -webkit-align-items: center;
  -webkit-box-align: center;
  -ms-flex-align: center;
  align-items: center;
  -webkit-box-pack: center;
  -webkit-justify-content: center;
  -ms-flex-pack: center;
  justify-content: center;
  padding: 0.5rem 0;
  margin: 0;
}

.c3 .map-filter-bar .vl {
  border-left: 6px solid rgba(96,96,96,0.2);
  height: 4rem;
  margin-left: 1%;
  margin-right: 1%;
  border-width: 0.2rem;
}

.c3 .map-filter-bar .btn-primary {
  color: white;
  font-weight: bold;
  height: 3.5rem;
  width: 3.5rem;
  min-height: unset;
  padding: 0;
}

.c3 .map-filter-bar .form-control {
  font-size: 1.4rem;
}

.c3 .form-group {
  margin-bottom: 0;
}

.c22 {
  display: -webkit-box;
  display: -webkit-flex;
  display: -ms-flexbox;
  display: flex;
  -webkit-flex-flow: column;
  -ms-flex-flow: column;
  flex-flow: column;
  position: relative;
  margin: 0;
  min-height: 5.2rem;
  height: calc(100vh - 7.2rem - 4.8rem);
  max-width: 0;
  width: 0;
  margin-left: 0;
  visibility: hidden;
  opacity: 0;
  border-radius: 0.4rem;
  box-shadow: -0.2rem 0.1rem 0.4rem rgba(0,0,0,0.2);
  -webkit-transition: all 1s ease-in-out;
  transition: all 1s ease-in-out;
  z-index: 1000;
  overflow: hidden;
}

.c23 {
  display: -webkit-box;
  display: -webkit-flex;
  display: -ms-flexbox;
  display: flex;
  -webkit-flex-direction: row;
  -ms-flex-direction: row;
  flex-direction: row;
  -webkit-flex-shrink: 0;
  -ms-flex-negative: 0;
  flex-shrink: 0;
  position: relative;
  width: 100%;
  height: 5.2rem;
  -webkit-align-items: center;
  -webkit-box-align: center;
  -ms-flex-align: center;
  align-items: center;
  padding: 1rem 1.8rem;
  gap: 1.5rem;
}

.c24 {
  font-size: 1.8rem;
  -webkit-text-decoration: none solid rgb(255,255,255);
  text-decoration: none solid rgb(255,255,255);
  line-height: 1.8rem;
  font-weight: bold;
  margin: 0;
}

.c25 {
  position: absolute;
  top: 0.6rem;
  right: 0.8rem;
  font-size: 22px;
  cursor: pointer;
}

.c26 {
  -webkit-box-flex: 1;
  -webkit-flex-grow: 1;
  -ms-flex-positive: 1;
  flex-grow: 1;
  overflow-y: auto;
}

.c1 {
  display: -webkit-box;
  display: -webkit-flex;
  display: -ms-flexbox;
  display: flex;
  position: relative;
  -webkit-flex-flow: column;
  -ms-flex-flow: column;
  flex-flow: column;
  min-width: 93rem;
  margin-left: -93rem;
  padding: 1.4rem 1.6rem;
  padding-bottom: 2rem;
  overflow: hidden;
  -webkit-transition: 1s;
  transition: 1s;
  width: 0;
}

.c1 h1 {
  border-bottom: none;
  margin-bottom: 0.2rem;
}

.c0 {
  display: -webkit-box;
  display: -webkit-flex;
  display: -ms-flexbox;
  display: flex;
  -webkit-flex-direction: row;
  -ms-flex-direction: row;
  flex-direction: row;
  width: 100%;
}

.c0.draft-cursor,
.c0.draft-cursor .leaflet-grab,
.c0.draft-cursor .leaflet-interactive {
  cursor: url(icon-draft.svg) 15 45,pointer;
}

<div
    class="c0 default"
  >
    <div
      class="c1"
    />
    <div
      class="c2 px-0 map"
    >
      <div
        class="c3 px-0 container-fluid"
      >
        <form
          class=""
          novalidate=""
        >
          <div
            class="map-filter-bar pb-4 form-row"
          >
            <div
              class="col-auto"
            >
              <span>
                Search:
              </span>
            </div>
            <div
              class="c4 col-xl-1 col-lg-1 col-md-1 col-1"
            >
              <div
                class="c5 idir-input-group form-group"
              >
                <select
                  class="form-select form-control"
                  id="input-searchBy"
                  name="searchBy"
                >
                  <option
                    class="option"
                    data-testid="select-option-pinOrPid"
                    value="pinOrPid"
                  >
                    PID/PIN
                  </option>
                  <option
                    class="option"
                    data-testid="select-option-address"
                    value="address"
                  >
                    Address
                  </option>
                </select>
              </div>
            </div>
            <div
              class="c6 col-xl-3 col-lg-4 col-md-2 col-3"
            >
              <div
                class="input form-group"
              >
                <input
                  class="form-control"
                  id="input-pinOrPid"
                  name="pinOrPid"
                  placeholder="Enter a PID or PIN"
                  title=""
                  value=""
                />
              </div>
            </div>
            <div
              class="col-auto"
            >
              <button
                class="c7 Button Button--icon-only primary btn btn-primary"
                data-testid="search"
                id="search-button"
                title="search"
                type="submit"
              >
                <div
                  class="Button__icon"
                >
                  <svg
                    fill="currentColor"
                    height="20"
                    stroke="currentColor"
                    stroke-width="0"
                    viewBox="0 0 512 512"
                    width="20"
                    xmlns="http://www.w3.org/2000/svg"
                  >
                    <path
                      d="M505 442.7L405.3 343c-4.5-4.5-10.6-7-17-7H372c27.6-35.3 44-79.7 44-128C416 93.1 322.9 0 208 0S0 93.1 0 208s93.1 208 208 208c48.3 0 92.7-16.4 128-44v16.3c0 6.4 2.5 12.5 7 17l99.7 99.7c9.4 9.4 24.6 9.4 33.9 0l28.3-28.3c9.4-9.4 9.4-24.6.1-34zM208 336c-70.7 0-128-57.2-128-128 0-70.7 57.2-128 128-128 70.7 0 128 57.2 128 128 0 70.7-57.2 128-128 128z"
                    />
                  </svg>
                </div>
              </button>
            </div>
            <div
              class="col-auto"
            >
              <button
                class="c7 Button Button--icon-only btn btn-info"
                data-testid="reset-button"
                id="reset-button"
                title="reset-button"
                type="reset"
              >
                <div
                  class="Button__icon"
                >
                  <svg
                    fill="currentColor"
                    height="20"
                    stroke="currentColor"
                    stroke-width="0"
                    viewBox="0 0 512 512"
                    width="20"
                    xmlns="http://www.w3.org/2000/svg"
                  >
                    <path
                      d="M212.333 224.333H12c-6.627 0-12-5.373-12-12V12C0 5.373 5.373 0 12 0h48c6.627 0 12 5.373 12 12v78.112C117.773 39.279 184.26 7.47 258.175 8.007c136.906.994 246.448 111.623 246.157 248.532C504.041 393.258 393.12 504 256.333 504c-64.089 0-122.496-24.313-166.51-64.215-5.099-4.622-5.334-12.554-.467-17.42l33.967-33.967c4.474-4.474 11.662-4.717 16.401-.525C170.76 415.336 211.58 432 256.333 432c97.268 0 176-78.716 176-176 0-97.267-78.716-176-176-176-58.496 0-110.28 28.476-142.274 72.333h98.274c6.627 0 12 5.373 12 12v48c0 6.627-5.373 12-12 12z"
                    />
                  </svg>
                </div>
              </button>
            </div>
            <div
              class="bar-item col-auto"
            >
              <div
                class="c8"
              >
                <div
                  class="c9"
                >
                  <div
                    class="c10"
                  >
                    <svg>
                      icon-map.svg
                    </svg>
                  </div>
                </div>
                <div
                  class="c9"
                >
                  <div
                    class="c10"
                  >
                    <svg>
                      icon-table.svg
                    </svg>
                  </div>
                </div>
              </div>
            </div>
          </div>
        </form>
      </div>
      <div
        class="c11"
      >
        <div
          class="basemap-container"
        >
          <button
            class="basemap-item current"
          />
          <label
            class="caption"
          >
            Satellite
          </label>
          <div
            class="basemap-item basemap-item-button secondary"
          >
            <img
              alt="Map Thumbnail"
              role="presentation"
              src="/satellite.jpg"
            />
          </div>
        </div>
        <div
          class="leaflet-container leaflet-touch leaflet-grab leaflet-touch-drag leaflet-touch-zoom"
          style="position: relative;"
          tabindex="0"
        >
          <div
            class="leaflet-pane leaflet-map-pane"
            style="left: 0px; top: 0px;"
          >
            <div
              class="leaflet-pane leaflet-tile-pane"
            >
              <div
                class="leaflet-layer "
                style="z-index: 20; opacity: 0.8;"
              >
                <div
                  class="leaflet-tile-container leaflet-zoom-animated"
                  style="z-index: 20; left: 0px; top: 0px;"
                >
                  <img
                    alt=""
                    class="leaflet-tile"
                    src="https://openmaps.gov.bc.ca/geo/pub/WHSE_CADASTRE.PMBC_PARCEL_FABRIC_POLY_SVW/ows?&service=WMS&request=GetMap&layers=pub%3AWHSE_CADASTRE.PMBC_PARCEL_FABRIC_POLY_SVW&styles=&format=image%2Fpng&transparent=true&version=1.1.1&key=parcelBoundaries&label=Parcel%20Boundaries&on=true&url=https%3A%2F%2Fopenmaps.gov.bc.ca%2Fgeo%2Fpub%2FWHSE_CADASTRE.PMBC_PARCEL_FABRIC_POLY_SVW%2Fows%3F&id=parcelLayer&color=%23E9AD34&width=256&height=256&srs=EPSG%3A3857&bbox=-14401959.121379772,6887893.492833805,-13775786.985667607,7514065.628545967"
                    style="width: 256px; height: 256px; left: -214px; top: -231px;"
                  />
                </div>
              </div>
              <div
                class="leaflet-layer "
                style="z-index: 0;"
              >
                <div
                  class="leaflet-tile-container leaflet-zoom-animated"
                  style="z-index: 20; left: 0px; top: 0px;"
                >
                  <img
                    alt=""
                    class="leaflet-tile"
                    src="https://maps.gov.bc.ca/arcgis/rest/services/province/roads_wm/MapServer/tile/6/20/9"
                    style="width: 256px; height: 256px; left: -214px; top: -231px;"
                  />
                </div>
              </div>
            </div>
            <div
              class="leaflet-pane leaflet-overlay-pane"
            />
            <div
              class="leaflet-pane leaflet-shadow-pane"
            />
            <div
              class="leaflet-pane leaflet-marker-pane"
            >
              <div
                class="leaflet-marker-icon marker-cluster marker-cluster-small leaflet-zoom-hide leaflet-interactive"
                role="button"
                style="margin-left: -20px; margin-top: -20px; width: 40px; height: 40px; left: 88px; top: -242px; z-index: -242;"
                tabindex="0"
              >
                <div>
                  <span>
                    3
                  </span>
                </div>
              </div>
            </div>
            <div
              class="leaflet-pane leaflet-tooltip-pane"
            />
            <div
              class="leaflet-pane leaflet-popup-pane"
            />
          </div>
          <div
            class="leaflet-control-container"
          >
            <div
              class="leaflet-top leaflet-left"
            >
              <div
                class="leaflet-control-zoom leaflet-bar leaflet-control"
              >
                <a
                  aria-disabled="false"
                  aria-label="Zoom in"
                  class="leaflet-control-zoom-in"
                  href="#"
                  role="button"
                  title="Zoom in"
                >
                  <span
                    aria-hidden="true"
                  >
                    +
                  </span>
                </a>
                <a
                  aria-disabled="false"
                  aria-label="Zoom out"
                  class="leaflet-control-zoom-out"
                  href="#"
                  role="button"
                  title="Zoom out"
                >
                  <span
                    aria-hidden="true"
                  >
                    −
                  </span>
                </a>
              </div>
              <div
                class="leaflet-control"
              >
                <div>
                  <button
                    class="c7 Button c12 btn btn-primary"
                    type="button"
                  >
                    <div
                      class="Button__value"
                    >
                      <svg
                        fill="none"
                        height="1em"
                        stroke="currentColor"
                        stroke-linecap="round"
                        stroke-linejoin="round"
                        stroke-width="2"
                        viewBox="0 0 24 24"
                        width="1em"
                        xmlns="http://www.w3.org/2000/svg"
                      >
                        <path
                          d="M21 10c0 7-9 13-9 13s-9-6-9-13a9 9 0 0 1 18 0z"
                        />
                        <circle
                          cx="12"
                          cy="10"
                          r="3"
                        />
                      </svg>
                    </div>
                  </button>
                </div>
              </div>
              <div
                class="leaflet-control"
              >
                <button
                  class="c7 Button c13 btn btn-primary"
                  type="button"
                >
                  <div
                    class="Button__value"
                  >
                    <svg
                      fill="currentColor"
                      height="1em"
                      stroke="currentColor"
                      stroke-width="0"
                      viewBox="0 0 448 512"
                      width="1em"
                      xmlns="http://www.w3.org/2000/svg"
                    >
                      <path
                        d="M448 344v112a23.94 23.94 0 0 1-24 24H312c-21.39 0-32.09-25.9-17-41l36.2-36.2L224 295.6 116.77 402.9 153 439c15.09 15.1 4.39 41-17 41H24a23.94 23.94 0 0 1-24-24V344c0-21.4 25.89-32.1 41-17l36.19 36.2L184.46 256 77.18 148.7 41 185c-15.1 15.1-41 4.4-41-17V56a23.94 23.94 0 0 1 24-24h112c21.39 0 32.09 25.9 17 41l-36.2 36.2L224 216.4l107.23-107.3L295 73c-15.09-15.1-4.39-41 17-41h112a23.94 23.94 0 0 1 24 24v112c0 21.4-25.89 32.1-41 17l-36.19-36.2L263.54 256l107.28 107.3L407 327.1c15.1-15.2 41-4.5 41 16.9z"
                      />
                    </svg>
                  </div>
                </button>
              </div>
            </div>
            <div
              class="leaflet-top leaflet-right"
            >
              <div
                class="leaflet-control"
              >
                <div
                  class="w-100"
                >
                  <button
                    class="c7 Button c14 btn btn-outline-secondary"
                    title="advanced-filter-button"
                    type="button"
                  >
                    <div
                      class="Button__value"
                    >
                      <svg
                        fill="currentColor"
                        height="1.6em"
                        stroke="currentColor"
                        stroke-width="0"
                        viewBox="0 0 512 512"
                        width="1.6em"
                        xmlns="http://www.w3.org/2000/svg"
                      >
                        <path
                          d="M487.976 0H24.028C2.71 0-8.047 25.866 7.058 40.971L192 225.941V432c0 7.831 3.821 15.17 10.237 19.662l80 55.98C298.02 518.69 320 507.493 320 487.98V225.941l184.947-184.97C520.021 25.896 509.338 0 487.976 0z"
                        />
                      </svg>
                    </div>
                  </button>
                </div>
              </div>
              <div
                class="leaflet-control"
              >
                <div
                  class="c15 closed"
                  id="layersContainer"
                >
                  <button
                    class="c7 Button c16 btn btn-outline-secondary"
                    id="layersControlButton"
                    type="button"
                  >
                    <div
                      class="Button__value"
                    >
                      <svg
                        class="c17"
                        fill="currentColor"
                        height="1em"
                        stroke="currentColor"
                        stroke-width="0"
                        viewBox="0 0 512 512"
                        width="1em"
                        xmlns="http://www.w3.org/2000/svg"
                      >
                        <path
                          d="M12.41 148.02l232.94 105.67c6.8 3.09 14.49 3.09 21.29 0l232.94-105.67c16.55-7.51 16.55-32.52 0-40.03L266.65 2.31a25.607 25.607 0 0 0-21.29 0L12.41 107.98c-16.55 7.51-16.55 32.53 0 40.04zm487.18 88.28l-58.09-26.33-161.64 73.27c-7.56 3.43-15.59 5.17-23.86 5.17s-16.29-1.74-23.86-5.17L70.51 209.97l-58.1 26.33c-16.55 7.5-16.55 32.5 0 40l232.94 105.59c6.8 3.08 14.49 3.08 21.29 0L499.59 276.3c16.55-7.5 16.55-32.5 0-40zm0 127.8l-57.87-26.23-161.86 73.37c-7.56 3.43-15.59 5.17-23.86 5.17s-16.29-1.74-23.86-5.17L70.29 337.87 12.41 364.1c-16.55 7.5-16.55 32.5 0 40l232.94 105.59c6.8 3.08 14.49 3.08 21.29 0L499.59 404.1c16.55-7.5 16.55-32.5 0-40z"
                        />
                      </svg>
                    </div>
                  </button>
                  <div
                    class="c18"
                  >
                    <form
                      action="#"
                    >
                      <div
                        tabindex="0"
                      >
                        <div
                          class="list-group"
                        >
                          <div
                            class="c19 list-group-item"
                            id="Administrative Boundaries"
                          >
                            <svg
                              class="c20"
                              fill="currentColor"
                              height="1em"
                              stroke="currentColor"
                              stroke-width="0"
                              viewBox="0 0 256 512"
                              width="1em"
                              xmlns="http://www.w3.org/2000/svg"
                            >
                              <path
                                d="M224.3 273l-136 136c-9.4 9.4-24.6 9.4-33.9 0l-22.6-22.6c-9.4-9.4-9.4-24.6 0-33.9l96.4-96.4-96.4-96.4c-9.4-9.4-9.4-24.6 0-33.9L54.3 103c9.4-9.4 24.6-9.4 33.9 0l136 136c9.5 9.4 9.5 24.6.1 34z"
                              />
                            </svg>
                            <div
                              class="c21 form-group"
                            >
                              <div
                                class="form-check"
                              >
                                <input
                                  class="form-check-input"
                                  type="checkbox"
                                />
                                <label
                                  class="form-check-label"
                                  title=""
                                >
                                  Administrative Boundaries
                                </label>
                              </div>
                            </div>
                          </div>
                          <div
                            class="c19 list-group-item"
                            id="firstNations"
                          >
                            <svg
                              class="c20"
                              fill="currentColor"
                              height="1em"
                              stroke="currentColor"
                              stroke-width="0"
                              viewBox="0 0 256 512"
                              width="1em"
                              xmlns="http://www.w3.org/2000/svg"
                            >
                              <path
                                d="M224.3 273l-136 136c-9.4 9.4-24.6 9.4-33.9 0l-22.6-22.6c-9.4-9.4-9.4-24.6 0-33.9l96.4-96.4-96.4-96.4c-9.4-9.4-9.4-24.6 0-33.9L54.3 103c9.4-9.4 24.6-9.4 33.9 0l136 136c9.5 9.4 9.5 24.6.1 34z"
                              />
                            </svg>
                            <div
                              class="c21 form-group"
                            >
                              <div
                                class="form-check"
                              >
                                <input
                                  class="form-check-input"
                                  type="checkbox"
                                />
                                <label
                                  class="form-check-label"
                                  title=""
                                >
                                  First Nations
                                </label>
                              </div>
                            </div>
                          </div>
                          <div
                            class="c19 list-group-item"
                            id="landOwnership"
                          >
                            <svg
                              class="c20"
                              fill="currentColor"
                              height="1em"
                              stroke="currentColor"
                              stroke-width="0"
                              viewBox="0 0 256 512"
                              width="1em"
                              xmlns="http://www.w3.org/2000/svg"
                            >
                              <path
                                d="M224.3 273l-136 136c-9.4 9.4-24.6 9.4-33.9 0l-22.6-22.6c-9.4-9.4-9.4-24.6 0-33.9l96.4-96.4-96.4-96.4c-9.4-9.4-9.4-24.6 0-33.9L54.3 103c9.4-9.4 24.6-9.4 33.9 0l136 136c9.5 9.4 9.5 24.6.1 34z"
                              />
                            </svg>
                            <div
                              class="c21 form-group"
                            >
                              <div
                                class="form-check"
                              >
                                <input
                                  class="form-check-input"
                                  type="checkbox"
                                />
                                <label
                                  class="form-check-label"
                                  title=""
                                >
                                  Land Ownership
                                </label>
                              </div>
                            </div>
                          </div>
                          <div
                            class="c19 list-group-item"
                            id="zoning"
                          >
                            <svg
                              class="c20"
                              fill="currentColor"
                              height="1em"
                              stroke="currentColor"
                              stroke-width="0"
                              viewBox="0 0 256 512"
                              width="1em"
                              xmlns="http://www.w3.org/2000/svg"
                            >
                              <path
                                d="M224.3 273l-136 136c-9.4 9.4-24.6 9.4-33.9 0l-22.6-22.6c-9.4-9.4-9.4-24.6 0-33.9l96.4-96.4-96.4-96.4c-9.4-9.4-9.4-24.6 0-33.9L54.3 103c9.4-9.4 24.6-9.4 33.9 0l136 136c9.5 9.4 9.5 24.6.1 34z"
                              />
                            </svg>
                            <div
                              class="c21 form-group"
                            >
                              <div
                                class="form-check"
                              >
                                <input
                                  class="form-check-input"
                                  type="checkbox"
                                />
                                <label
                                  class="form-check-label"
                                  title=""
                                >
                                  Zoning
                                </label>
                              </div>
                            </div>
                          </div>
                          <div
                            class="c19 list-group-item"
                            id="electoral"
                          >
                            <svg
                              class="c20"
                              fill="currentColor"
                              height="1em"
                              stroke="currentColor"
                              stroke-width="0"
                              viewBox="0 0 256 512"
                              width="1em"
                              xmlns="http://www.w3.org/2000/svg"
                            >
                              <path
                                d="M224.3 273l-136 136c-9.4 9.4-24.6 9.4-33.9 0l-22.6-22.6c-9.4-9.4-9.4-24.6 0-33.9l96.4-96.4-96.4-96.4c-9.4-9.4-9.4-24.6 0-33.9L54.3 103c9.4-9.4 24.6-9.4 33.9 0l136 136c9.5 9.4 9.5 24.6.1 34z"
                              />
                            </svg>
                            <div
                              class="c21 form-group"
                            >
                              <div
                                class="form-check"
                              >
                                <input
                                  class="form-check-input"
                                  type="checkbox"
                                />
                                <label
                                  class="form-check-label"
                                  title=""
                                >
                                  Electoral
                                </label>
                              </div>
                            </div>
                          </div>
                          <div
                            class="c19 list-group-item"
                            id="federal_bc_parks"
                          >
                            <svg
                              class="c20"
                              fill="currentColor"
                              height="1em"
                              stroke="currentColor"
                              stroke-width="0"
                              viewBox="0 0 256 512"
                              width="1em"
                              xmlns="http://www.w3.org/2000/svg"
                            >
                              <path
                                d="M224.3 273l-136 136c-9.4 9.4-24.6 9.4-33.9 0l-22.6-22.6c-9.4-9.4-9.4-24.6 0-33.9l96.4-96.4-96.4-96.4c-9.4-9.4-9.4-24.6 0-33.9L54.3 103c9.4-9.4 24.6-9.4 33.9 0l136 136c9.5 9.4 9.5 24.6.1 34z"
                              />
                            </svg>
                            <div
                              class="c21 form-group"
                            >
                              <div
                                class="form-check"
                              >
                                <input
                                  class="form-check-input"
                                  type="checkbox"
                                />
                                <label
                                  class="form-check-label"
                                  title=""
                                >
                                  Federal/BC Parks
                                </label>
                              </div>
                            </div>
                          </div>
                        </div>
                      </div>
                    </form>
                  </div>
                </div>
              </div>
            </div>
            <div
              class="leaflet-bottom leaflet-left"
            />
            <div
              class="leaflet-bottom leaflet-right"
            >
              <div
                class="leaflet-control-attribution leaflet-control"
              >
                <a
                  href="https://leafletjs.com"
                  title="A JavaScript library for interactive maps"
                >
                  <svg
                    aria-hidden="true"
                    class="leaflet-attribution-flag"
                    height="8"
                    viewBox="0 0 12 8"
                    width="12"
                    xmlns="http://www.w3.org/2000/svg"
                  >
                    <path
                      d="M0 0h12v4H0z"
                      fill="#4C7BE1"
                    />
                    <path
                      d="M0 4h12v3H0z"
                      fill="#FFD500"
                    />
                    <path
                      d="M0 7h12v1H0z"
                      fill="#E0BC00"
                    />
                  </svg>
                   Leaflet
                </a>
                 
                <span
                  aria-hidden="true"
                >
                  |
                </span>
                 © Government of British Columbia, DataBC, GeoBC
              </div>
            </div>
          </div>
        </div>
      </div>
    </div>
    <div
      class="c22"
      data-testid="advanced-filter-sidebar"
    >
      <div
        class="c23"
      >
        <p
          class="c24"
        >
          Filter By:
        </p>
        <svg
          class="c25"
          fill="currentColor"
          height="1em"
          stroke="currentColor"
          stroke-width="0"
          viewBox="0 0 512 512"
          width="1em"
          xmlns="http://www.w3.org/2000/svg"
        >
          <title>
            close
          </title>
          <path
            d="M464 32H48C21.5 32 0 53.5 0 80v352c0 26.5 21.5 48 48 48h416c26.5 0 48-21.5 48-48V80c0-26.5-21.5-48-48-48zm-83.6 290.5c4.8 4.8 4.8 12.6 0 17.4l-40.5 40.5c-4.8 4.8-12.6 4.8-17.4 0L256 313.3l-66.5 67.1c-4.8 4.8-12.6 4.8-17.4 0l-40.5-40.5c-4.8-4.8-4.8-12.6 0-17.4l67.1-66.5-67.1-66.5c-4.8-4.8-4.8-12.6 0-17.4l40.5-40.5c4.8-4.8 12.6-4.8 17.4 0l66.5 67.1 66.5-67.1c4.8-4.8 12.6-4.8 17.4 0l40.5 40.5c4.8 4.8 4.8 12.6 0 17.4L313.3 256l67.1 66.5z"
          />
        </svg>
      </div>
      <div
        class="c26"
      />
    </div>
  </div>
</DocumentFragment>
`;
