// Vitest Snapshot v1, https://vitest.dev/guide/snapshot.html

exports[`Contact Search Results Table > matches snapshot 1`] = `
<DocumentFragment>
  <div
    class="Toastify"
  />
  <div />
  .c6.btn {
  display: -webkit-box;
  display: -webkit-flex;
  display: -ms-flexbox;
  display: flex;
  -webkit-align-items: center;
  -webkit-box-align: center;
  -ms-flex-align: center;
  align-items: center;
  -webkit-box-pack: center;
  -webkit-justify-content: center;
  -ms-flex-pack: center;
  justify-content: center;
  padding: 0.4rem 1.2rem;
  min-height: 3rem;
  border: 0.2rem solid transparent;
  border-radius: 0.4rem;
  text-align: center;
  -webkit-text-decoration: none;
  text-decoration: none;
  font-size: 1.8rem;
  font-family: 'BCSans','Noto Sans',Verdana,Arial,sans-serif;
  font-weight: 700;
  -webkit-letter-spacing: 0.1rem;
  -moz-letter-spacing: 0.1rem;
  -ms-letter-spacing: 0.1rem;
  letter-spacing: 0.1rem;
  cursor: pointer;
  height: 3.8rem;
}

.c6.btn:hover {
  -webkit-text-decoration: underline;
  text-decoration: underline;
  opacity: 0.8;
}

.c6.btn:focus {
  outline-width: 0.4rem;
  outline-style: solid;
  outline-offset: 1px;
  box-shadow: none;
}

.c6.btn.btn-primary {
  border: none;
}

.c6.btn.btn-secondary {
  background: none;
}

.c6.btn.btn-info {
  border: none;
  background: none;
  padding-left: 0.6rem;
  padding-right: 0.6rem;
}

.c6.btn.btn-info:hover,
.c6.btn.btn-info:active,
.c6.btn.btn-info:focus {
  background: none;
}

.c6.btn.btn-light {
  border: none;
}

.c6.btn.btn-dark {
  border: none;
}

.c6.btn.btn-link {
  font-size: 1.6rem;
  font-weight: 400;
  background: none;
  border: none;
  -webkit-text-decoration: none;
  text-decoration: none;
  min-height: 2.5rem;
  line-height: 3rem;
  -webkit-box-pack: left;
  -webkit-justify-content: left;
  -ms-flex-pack: left;
  justify-content: left;
  -webkit-letter-spacing: unset;
  -moz-letter-spacing: unset;
  -ms-letter-spacing: unset;
  letter-spacing: unset;
  text-align: left;
  padding: 0;
}

.c6.btn.btn-link:hover,
.c6.btn.btn-link:active,
.c6.btn.btn-link:focus {
  -webkit-text-decoration: underline;
  text-decoration: underline;
  border: none;
  background: none;
  box-shadow: none;
  outline: none;
}

.c6.btn.btn-link:disabled,
.c6.btn.btn-link.disabled {
  background: none;
  pointer-events: none;
}

.c6.btn:disabled,
.c6.btn:disabled:hover {
  box-shadow: none;
  -webkit-user-select: none;
  -moz-user-select: none;
  -ms-user-select: none;
  user-select: none;
  pointer-events: none;
  cursor: not-allowed;
  opacity: 0.65;
}

.c6.Button .Button__icon {
  margin-right: 1.6rem;
}

.c6.Button--icon-only:focus {
  outline: none;
}

.c6.Button--icon-only .Button__icon {
  margin-right: 0;
}

.c7.c7.btn {
  background-color: unset;
  border: none;
}

.c7.c7.btn:hover,
.c7.c7.btn:focus,
.c7.c7.btn:active {
  background-color: unset;
  outline: none;
  box-shadow: none;
}

.c7.c7.btn svg {
  -webkit-transition: all 0.3s ease-out;
  transition: all 0.3s ease-out;
}

.c7.c7.btn svg:hover {
  -webkit-transition: all 0.3s ease-in;
  transition: all 0.3s ease-in;
}

.c4 {
  display: -webkit-box;
  display: -webkit-flex;
  display: -ms-flexbox;
  display: flex;
  -webkit-flex-wrap: nowrap;
  -ms-flex-wrap: nowrap;
  flex-wrap: nowrap;
}

.c0 {
  display: -webkit-box;
  display: -webkit-flex;
  display: -ms-flexbox;
  display: flex;
  -webkit-flex-direction: column;
  -ms-flex-direction: column;
  flex-direction: column;
  -webkit-align-items: center;
  -webkit-box-align: center;
  -ms-flex-align: center;
  align-items: center;
  -webkit-box-pack: center;
  -webkit-justify-content: center;
  -ms-flex-pack: center;
  justify-content: center;
  margin-left: 0.5rem;
}

.c2 {
  width: 1.6rem;
  height: 1.6rem;
}

.c1 {
  width: 1.6rem;
  height: 1.6rem;
}

.c5 {
  -webkit-box-pack: space-around;
  -webkit-justify-content: space-around;
  -ms-flex-pack: space-around;
  justify-content: space-around;
  width: 100%;
}

.c3 a {
  font-weight: bold;
  color: !important;
}

<div
    class="table"
    data-testid="contactsTable"
    role="table"
  >
    <div
      class="thead thead-light"
    >
      <div
        class="tr"
        role="row"
        style="display: flex; flex: 1 0 auto; min-width: 440px;"
      >
        <div
          class="th"
          colspan="1"
          role="columnheader"
          style="box-sizing: border-box; flex: 10 0 auto; min-width: 10px; width: 10px; justify-content: left; text-align: left; flex-wrap: wrap; align-items: center; display: flex;"
        >
          <div
            class="sortable-column"
          >
            <div>
              <input
                data-testid="selectrow-parent"
                name=""
                style="cursor: pointer;"
                title="Click to deselect all."
                type="checkbox"
              />
            </div>
          </div>
        </div>
        <div
          class="th"
          colspan="1"
          role="columnheader"
          style="box-sizing: border-box; flex: 10 0 auto; min-width: 10px; width: 10px; justify-content: right; text-align: right; flex-wrap: wrap; align-items: center; display: flex;"
        >
          <div
            class="sortable-column"
          />
        </div>
        <div
          class="th"
          colspan="1"
          role="columnheader"
          style="box-sizing: border-box; flex: 20 0 auto; min-width: 30px; width: 20px; justify-content: center; text-align: center; flex-wrap: wrap; align-items: center; display: flex;"
        >
          <div
            class="sortable-column"
          />
        </div>
        <div
          class="th"
          colspan="1"
          role="columnheader"
          style="box-sizing: border-box; flex: 80 0 auto; min-width: 30px; width: 80px; justify-content: left; text-align: left; flex-wrap: wrap; align-items: center; display: flex;"
        >
          <div
            class="sortable-column"
          >
            Summary
            <div
              class="c0"
              data-testid="sort-column-summary"
            >
              <svg
                class="c1"
                fill="currentColor"
                height="1em"
                stroke="currentColor"
                stroke-width="0"
                style="margin-bottom: -8px;"
                viewBox="0 0 512 512"
                width="1em"
                xmlns="http://www.w3.org/2000/svg"
              >
                <path
                  d="M128 320l128-128 128 128z"
                />
              </svg>
              <svg
                class="c2"
                fill="currentColor"
                height="1em"
                stroke="currentColor"
                stroke-width="0"
                viewBox="0 0 512 512"
                width="1em"
                xmlns="http://www.w3.org/2000/svg"
              >
                <path
                  d="M128 192l128 128 128-128z"
                />
              </svg>
            </div>
          </div>
        </div>
        <div
          class="th"
          colspan="1"
          role="columnheader"
          style="box-sizing: border-box; flex: 60 0 auto; min-width: 30px; width: 60px; justify-content: left; text-align: left; flex-wrap: wrap; align-items: center; display: flex;"
        >
          <div
            class="sortable-column"
          >
            First name
            <div
              class="c0"
              data-testid="sort-column-firstName"
            >
              <svg
                class="c1"
                fill="currentColor"
                height="1em"
                stroke="currentColor"
                stroke-width="0"
                style="margin-bottom: -8px;"
                viewBox="0 0 512 512"
                width="1em"
                xmlns="http://www.w3.org/2000/svg"
              >
                <path
                  d="M128 320l128-128 128 128z"
                />
              </svg>
              <svg
                class="c2"
                fill="currentColor"
                height="1em"
                stroke="currentColor"
                stroke-width="0"
                viewBox="0 0 512 512"
                width="1em"
                xmlns="http://www.w3.org/2000/svg"
              >
                <path
                  d="M128 192l128 128 128-128z"
                />
              </svg>
            </div>
          </div>
        </div>
        <div
          class="th"
          colspan="1"
          role="columnheader"
          style="box-sizing: border-box; flex: 60 0 auto; min-width: 30px; width: 60px; justify-content: left; text-align: left; flex-wrap: wrap; align-items: center; display: flex;"
        >
          <div
            class="sortable-column"
          >
            Last name
            <div
              class="c0"
              data-testid="sort-column-surname"
            >
              <svg
                class="c1"
                fill="currentColor"
                height="1em"
                stroke="currentColor"
                stroke-width="0"
                style="margin-bottom: -8px;"
                viewBox="0 0 512 512"
                width="1em"
                xmlns="http://www.w3.org/2000/svg"
              >
                <path
                  d="M128 320l128-128 128 128z"
                />
              </svg>
              <svg
                class="c2"
                fill="currentColor"
                height="1em"
                stroke="currentColor"
                stroke-width="0"
                viewBox="0 0 512 512"
                width="1em"
                xmlns="http://www.w3.org/2000/svg"
              >
                <path
                  d="M128 192l128 128 128-128z"
                />
              </svg>
            </div>
          </div>
        </div>
        <div
          class="th"
          colspan="1"
          role="columnheader"
          style="box-sizing: border-box; flex: 80 0 auto; min-width: 30px; width: 80px; justify-content: left; text-align: left; flex-wrap: wrap; align-items: center; display: flex;"
        >
          <div
            class="sortable-column"
          >
            Organization
            <div
              class="c0"
              data-testid="sort-column-organizationName"
            >
              <svg
                class="c1"
                fill="currentColor"
                height="1em"
                stroke="currentColor"
                stroke-width="0"
                style="margin-bottom: -8px;"
                viewBox="0 0 512 512"
                width="1em"
                xmlns="http://www.w3.org/2000/svg"
              >
                <path
                  d="M128 320l128-128 128 128z"
                />
              </svg>
              <svg
                class="c2"
                fill="currentColor"
                height="1em"
                stroke="currentColor"
                stroke-width="0"
                viewBox="0 0 512 512"
                width="1em"
                xmlns="http://www.w3.org/2000/svg"
              >
                <path
                  d="M128 192l128 128 128-128z"
                />
              </svg>
            </div>
          </div>
        </div>
        <div
          class="th"
          colspan="1"
          role="columnheader"
          style="box-sizing: border-box; flex: 100 0 auto; min-width: 80px; width: 100px; justify-content: left; text-align: left; flex-wrap: wrap; align-items: center; display: flex;"
        >
          <div
            class="sortable-column"
          >
            E-mail
          </div>
        </div>
        <div
          class="th"
          colspan="1"
          role="columnheader"
          style="box-sizing: border-box; flex: 100 0 auto; min-width: 80px; width: 100px; justify-content: left; text-align: left; flex-wrap: wrap; align-items: center; display: flex;"
        >
          <div
            class="sortable-column"
          >
            Mailing address
          </div>
        </div>
        <div
          class="th"
          colspan="1"
          role="columnheader"
          style="box-sizing: border-box; flex: 70 0 auto; min-width: 50px; width: 70px; justify-content: left; text-align: left; flex-wrap: wrap; align-items: center; display: flex;"
        >
          <div
            class="sortable-column"
          >
            City
            <div
              class="c0"
              data-testid="sort-column-municipalityName"
            >
              <svg
                class="c1"
                fill="currentColor"
                height="1em"
                stroke="currentColor"
                stroke-width="0"
                style="margin-bottom: -8px;"
                viewBox="0 0 512 512"
                width="1em"
                xmlns="http://www.w3.org/2000/svg"
              >
                <path
                  d="M128 320l128-128 128 128z"
                />
              </svg>
              <svg
                class="c2"
                fill="currentColor"
                height="1em"
                stroke="currentColor"
                stroke-width="0"
                viewBox="0 0 512 512"
                width="1em"
                xmlns="http://www.w3.org/2000/svg"
              >
                <path
                  d="M128 192l128 128 128-128z"
                />
              </svg>
            </div>
          </div>
        </div>
        <div
          class="th"
          colspan="1"
          role="columnheader"
          style="box-sizing: border-box; flex: 30 0 auto; min-width: 30px; width: 30px; justify-content: left; text-align: left; flex-wrap: wrap; align-items: center; display: flex;"
        >
          <div
            class="sortable-column"
          >
            Prov
          </div>
        </div>
        <div
          class="th"
          colspan="1"
          role="columnheader"
          style="box-sizing: border-box; flex: 50 0 auto; min-width: 30px; width: 50px; justify-content: left; text-align: left; flex-wrap: wrap; align-items: center; display: flex;"
        >
          <div
            class="sortable-column"
          >
            Update/View
          </div>
        </div>
      </div>
    </div>
    <div
      class="tbody"
      role="rowgroup"
    >
      <div
        class="tr-wrapper"
      >
        <div
          class="tr"
          role="row"
          style="display: flex; flex: 1 0 auto; min-width: 440px;"
        >
          <div
            class="td"
            role="cell"
            style="box-sizing: border-box; flex: 10 0 auto; min-width: 10px; width: 10px; justify-content: left; text-align: left; flex-wrap: wrap; align-items: center; display: flex;"
            title=""
          >
            <div>
              <input
                data-testid="selectrow-1"
                name=""
                style="cursor: pointer;"
                title="Toggle Row Selected"
                type="checkbox"
              />
            </div>
          </div>
          <div
            class="td"
            role="cell"
            style="box-sizing: border-box; flex: 10 0 auto; min-width: 10px; width: 10px; justify-content: right; text-align: right; flex-wrap: wrap; align-items: center; display: flex;"
            title=""
          >
            <div
              class="active"
            >
              <svg
                class="mr-2"
                fill="currentColor"
                height="10"
                stroke="currentColor"
                stroke-width="0"
                viewBox="0 0 512 512"
                width="10"
                xmlns="http://www.w3.org/2000/svg"
              >
                <path
                  d="M256 8C119 8 8 119 8 256s111 248 248 248 248-111 248-248S393 8 256 8z"
                />
              </svg>
            </div>
          </div>
          <div
            class="td"
            role="cell"
            style="box-sizing: border-box; flex: 20 0 auto; min-width: 30px; width: 20px; justify-content: center; text-align: center; flex-wrap: wrap; align-items: center; display: flex;"
            title=""
          >
            <div
              class="active"
            >
              <svg
                fill="currentColor"
                height="20"
                stroke="currentColor"
                stroke-width="0"
                viewBox="0 0 448 512"
                width="20"
                xmlns="http://www.w3.org/2000/svg"
              >
                <path
                  d="M128 148v-40c0-6.6 5.4-12 12-12h40c6.6 0 12 5.4 12 12v40c0 6.6-5.4 12-12 12h-40c-6.6 0-12-5.4-12-12zm140 12h40c6.6 0 12-5.4 12-12v-40c0-6.6-5.4-12-12-12h-40c-6.6 0-12 5.4-12 12v40c0 6.6 5.4 12 12 12zm-128 96h40c6.6 0 12-5.4 12-12v-40c0-6.6-5.4-12-12-12h-40c-6.6 0-12 5.4-12 12v40c0 6.6 5.4 12 12 12zm128 0h40c6.6 0 12-5.4 12-12v-40c0-6.6-5.4-12-12-12h-40c-6.6 0-12 5.4-12 12v40c0 6.6 5.4 12 12 12zm-76 84v-40c0-6.6-5.4-12-12-12h-40c-6.6 0-12 5.4-12 12v40c0 6.6 5.4 12 12 12h40c6.6 0 12-5.4 12-12zm76 12h40c6.6 0 12-5.4 12-12v-40c0-6.6-5.4-12-12-12h-40c-6.6 0-12 5.4-12 12v40c0 6.6 5.4 12 12 12zm180 124v36H0v-36c0-6.6 5.4-12 12-12h19.5V24c0-13.3 10.7-24 24-24h337c13.3 0 24 10.7 24 24v440H436c6.6 0 12 5.4 12 12zM79.5 463H192v-67c0-6.6 5.4-12 12-12h40c6.6 0 12 5.4 12 12v67h112.5V49L80 48l-.5 415z"
                />
              </svg>
            </div>
          </div>
          <div
            class="td clickable"
            role="cell"
            style="box-sizing: border-box; flex: 80 0 auto; min-width: 30px; width: 80px; justify-content: left; text-align: left; flex-wrap: wrap; align-items: center; display: flex;"
            title=""
          >
            <div
              class="c3"
            >
              <a
                href="/contact/1"
              >
                summary
              </a>
            </div>
          </div>
          <div
            class="td"
            role="cell"
            style="box-sizing: border-box; flex: 60 0 auto; min-width: 30px; width: 60px; justify-content: left; text-align: left; flex-wrap: wrap; align-items: center; display: flex;"
            title=""
          >
            first
          </div>
          <div
            class="td"
            role="cell"
            style="box-sizing: border-box; flex: 60 0 auto; min-width: 30px; width: 60px; justify-content: left; text-align: left; flex-wrap: wrap; align-items: center; display: flex;"
            title=""
          >
            last
          </div>
          <div
            class="td"
            role="cell"
            style="box-sizing: border-box; flex: 80 0 auto; min-width: 30px; width: 80px; justify-content: left; text-align: left; flex-wrap: wrap; align-items: center; display: flex;"
            title=""
          />
          <div
            class="td text-break"
            role="cell"
            style="box-sizing: border-box; flex: 100 0 auto; min-width: 80px; width: 100px; justify-content: left; text-align: left; flex-wrap: wrap; align-items: center; display: flex;"
            title=""
          >
            email
          </div>
          <div
            class="td"
            role="cell"
            style="box-sizing: border-box; flex: 100 0 auto; min-width: 80px; width: 100px; justify-content: left; text-align: left; flex-wrap: wrap; align-items: center; display: flex;"
            title=""
          >
            123 mock st
          </div>
          <div
            class="td"
            role="cell"
            style="box-sizing: border-box; flex: 70 0 auto; min-width: 50px; width: 70px; justify-content: left; text-align: left; flex-wrap: wrap; align-items: center; display: flex;"
            title=""
          >
            city
          </div>
          <div
            class="td"
            role="cell"
            style="box-sizing: border-box; flex: 30 0 auto; min-width: 30px; width: 30px; justify-content: left; text-align: left; flex-wrap: wrap; align-items: center; display: flex;"
            title=""
          >
            province
          </div>
          <div
            class="td"
            role="cell"
            style="box-sizing: border-box; flex: 50 0 auto; min-width: 30px; width: 50px; justify-content: left; text-align: left; flex-wrap: wrap; align-items: center; display: flex;"
            title=""
          >
            <div
              class="c4 c5"
            >
              <button
                class="c6 Button c7 btn btn-light"
                title="View Contact"
                type="button"
              >
                <div
                  class="Button__value"
                >
                  <svg
                    fill="currentColor"
                    height="22"
                    stroke="currentColor"
                    stroke-width="0"
                    viewBox="0 0 24 24"
                    width="22"
                    xmlns="http://www.w3.org/2000/svg"
                  >
                    <path
                      d="M0 0h24v24H0z"
                      fill="none"
                    />
                    <path
                      d="M0 0h24v24H0z"
                      fill="none"
                    />
                    <path
                      d="M21 8V7l-3 2-3-2v1l3 2 3-2zm1-5H2C.9 3 0 3.9 0 5v14c0 1.1.9 2 2 2h20c1.1 0 1.99-.9 1.99-2L24 5c0-1.1-.9-2-2-2zM8 6c1.66 0 3 1.34 3 3s-1.34 3-3 3-3-1.34-3-3 1.34-3 3-3zm6 12H2v-1c0-2 4-3.1 6-3.1s6 1.1 6 3.1v1zm8-6h-8V6h8v6z"
                    />
                  </svg>
                </div>
              </button>
            </div>
          </div>
        </div>
      </div>
      <div
        class="tr-wrapper"
      >
        <div
          class="tr"
          role="row"
          style="display: flex; flex: 1 0 auto; min-width: 440px;"
        >
          <div
            class="td"
            role="cell"
            style="box-sizing: border-box; flex: 10 0 auto; min-width: 10px; width: 10px; justify-content: left; text-align: left; flex-wrap: wrap; align-items: center; display: flex;"
            title=""
          >
            <div>
              <input
                data-testid="selectrow-2"
                name=""
                style="cursor: pointer;"
                title="Toggle Row Selected"
                type="checkbox"
              />
            </div>
          </div>
          <div
            class="td"
            role="cell"
            style="box-sizing: border-box; flex: 10 0 auto; min-width: 10px; width: 10px; justify-content: right; text-align: right; flex-wrap: wrap; align-items: center; display: flex;"
            title=""
          >
            <div
              class="active"
            >
              <svg
                class="mr-2"
                fill="currentColor"
                height="10"
                stroke="currentColor"
                stroke-width="0"
                viewBox="0 0 512 512"
                width="10"
                xmlns="http://www.w3.org/2000/svg"
              >
                <path
                  d="M256 8C119 8 8 119 8 256s111 248 248 248 248-111 248-248S393 8 256 8z"
                />
              </svg>
            </div>
          </div>
          <div
            class="td"
            role="cell"
            style="box-sizing: border-box; flex: 20 0 auto; min-width: 30px; width: 20px; justify-content: center; text-align: center; flex-wrap: wrap; align-items: center; display: flex;"
            title=""
          >
            <div
              class="active"
            >
              <svg
                fill="currentColor"
                height="20"
                stroke="currentColor"
                stroke-width="0"
                viewBox="0 0 448 512"
                width="20"
                xmlns="http://www.w3.org/2000/svg"
              >
                <path
                  d="M128 148v-40c0-6.6 5.4-12 12-12h40c6.6 0 12 5.4 12 12v40c0 6.6-5.4 12-12 12h-40c-6.6 0-12-5.4-12-12zm140 12h40c6.6 0 12-5.4 12-12v-40c0-6.6-5.4-12-12-12h-40c-6.6 0-12 5.4-12 12v40c0 6.6 5.4 12 12 12zm-128 96h40c6.6 0 12-5.4 12-12v-40c0-6.6-5.4-12-12-12h-40c-6.6 0-12 5.4-12 12v40c0 6.6 5.4 12 12 12zm128 0h40c6.6 0 12-5.4 12-12v-40c0-6.6-5.4-12-12-12h-40c-6.6 0-12 5.4-12 12v40c0 6.6 5.4 12 12 12zm-76 84v-40c0-6.6-5.4-12-12-12h-40c-6.6 0-12 5.4-12 12v40c0 6.6 5.4 12 12 12h40c6.6 0 12-5.4 12-12zm76 12h40c6.6 0 12-5.4 12-12v-40c0-6.6-5.4-12-12-12h-40c-6.6 0-12 5.4-12 12v40c0 6.6 5.4 12 12 12zm180 124v36H0v-36c0-6.6 5.4-12 12-12h19.5V24c0-13.3 10.7-24 24-24h337c13.3 0 24 10.7 24 24v440H436c6.6 0 12 5.4 12 12zM79.5 463H192v-67c0-6.6 5.4-12 12-12h40c6.6 0 12 5.4 12 12v67h112.5V49L80 48l-.5 415z"
                />
              </svg>
            </div>
          </div>
          <div
            class="td clickable"
            role="cell"
            style="box-sizing: border-box; flex: 80 0 auto; min-width: 30px; width: 80px; justify-content: left; text-align: left; flex-wrap: wrap; align-items: center; display: flex;"
            title=""
          >
            <div
              class="c3"
            >
              <a
                href="/contact/2"
              >
                summary
              </a>
            </div>
          </div>
          <div
            class="td"
            role="cell"
            style="box-sizing: border-box; flex: 60 0 auto; min-width: 30px; width: 60px; justify-content: left; text-align: left; flex-wrap: wrap; align-items: center; display: flex;"
            title=""
          >
            first
          </div>
          <div
            class="td"
            role="cell"
            style="box-sizing: border-box; flex: 60 0 auto; min-width: 30px; width: 60px; justify-content: left; text-align: left; flex-wrap: wrap; align-items: center; display: flex;"
            title=""
          >
            last
          </div>
          <div
            class="td"
            role="cell"
            style="box-sizing: border-box; flex: 80 0 auto; min-width: 30px; width: 80px; justify-content: left; text-align: left; flex-wrap: wrap; align-items: center; display: flex;"
            title=""
          />
          <div
            class="td text-break"
            role="cell"
            style="box-sizing: border-box; flex: 100 0 auto; min-width: 80px; width: 100px; justify-content: left; text-align: left; flex-wrap: wrap; align-items: center; display: flex;"
            title=""
          >
            email
          </div>
          <div
            class="td"
            role="cell"
            style="box-sizing: border-box; flex: 100 0 auto; min-width: 80px; width: 100px; justify-content: left; text-align: left; flex-wrap: wrap; align-items: center; display: flex;"
            title=""
          >
            123 mock st
          </div>
          <div
            class="td"
            role="cell"
            style="box-sizing: border-box; flex: 70 0 auto; min-width: 50px; width: 70px; justify-content: left; text-align: left; flex-wrap: wrap; align-items: center; display: flex;"
            title=""
          >
            city
          </div>
          <div
            class="td"
            role="cell"
            style="box-sizing: border-box; flex: 30 0 auto; min-width: 30px; width: 30px; justify-content: left; text-align: left; flex-wrap: wrap; align-items: center; display: flex;"
            title=""
          >
            province
          </div>
          <div
            class="td"
            role="cell"
            style="box-sizing: border-box; flex: 50 0 auto; min-width: 30px; width: 50px; justify-content: left; text-align: left; flex-wrap: wrap; align-items: center; display: flex;"
            title=""
          >
            <div
              class="c4 c5"
            >
              <button
                class="c6 Button c7 btn btn-light"
                title="View Contact"
                type="button"
              >
                <div
                  class="Button__value"
                >
                  <svg
                    fill="currentColor"
                    height="22"
                    stroke="currentColor"
                    stroke-width="0"
                    viewBox="0 0 24 24"
                    width="22"
                    xmlns="http://www.w3.org/2000/svg"
                  >
                    <path
                      d="M0 0h24v24H0z"
                      fill="none"
                    />
                    <path
                      d="M0 0h24v24H0z"
                      fill="none"
                    />
                    <path
                      d="M21 8V7l-3 2-3-2v1l3 2 3-2zm1-5H2C.9 3 0 3.9 0 5v14c0 1.1.9 2 2 2h20c1.1 0 1.99-.9 1.99-2L24 5c0-1.1-.9-2-2-2zM8 6c1.66 0 3 1.34 3 3s-1.34 3-3 3-3-1.34-3-3 1.34-3 3-3zm6 12H2v-1c0-2 4-3.1 6-3.1s6 1.1 6 3.1v1zm8-6h-8V6h8v6z"
                    />
                  </svg>
                </div>
              </button>
            </div>
          </div>
        </div>
      </div>
      <div
        class="tr-wrapper"
      >
        <div
          class="tr"
          role="row"
          style="display: flex; flex: 1 0 auto; min-width: 440px;"
        >
          <div
            class="td"
            role="cell"
            style="box-sizing: border-box; flex: 10 0 auto; min-width: 10px; width: 10px; justify-content: left; text-align: left; flex-wrap: wrap; align-items: center; display: flex;"
            title=""
          >
            <div>
              <input
                data-testid="selectrow-3"
                name=""
                style="cursor: pointer;"
                title="Toggle Row Selected"
                type="checkbox"
              />
            </div>
          </div>
          <div
            class="td"
            role="cell"
            style="box-sizing: border-box; flex: 10 0 auto; min-width: 10px; width: 10px; justify-content: right; text-align: right; flex-wrap: wrap; align-items: center; display: flex;"
            title=""
          >
            <div
              class="inactive"
            >
              <svg
                class="mr-2"
                fill="currentColor"
                height="10"
                stroke="currentColor"
                stroke-width="0"
                viewBox="0 0 512 512"
                width="10"
                xmlns="http://www.w3.org/2000/svg"
              >
                <path
                  d="M256 8C119 8 8 119 8 256s111 248 248 248 248-111 248-248S393 8 256 8z"
                />
              </svg>
            </div>
          </div>
          <div
            class="td"
            role="cell"
            style="box-sizing: border-box; flex: 20 0 auto; min-width: 30px; width: 20px; justify-content: center; text-align: center; flex-wrap: wrap; align-items: center; display: flex;"
            title=""
          >
            <div
              class="inactive"
            >
              <svg
                fill="currentColor"
                height="20"
                stroke="currentColor"
                stroke-width="0"
                viewBox="0 0 448 512"
                width="20"
                xmlns="http://www.w3.org/2000/svg"
              >
                <path
                  d="M128 148v-40c0-6.6 5.4-12 12-12h40c6.6 0 12 5.4 12 12v40c0 6.6-5.4 12-12 12h-40c-6.6 0-12-5.4-12-12zm140 12h40c6.6 0 12-5.4 12-12v-40c0-6.6-5.4-12-12-12h-40c-6.6 0-12 5.4-12 12v40c0 6.6 5.4 12 12 12zm-128 96h40c6.6 0 12-5.4 12-12v-40c0-6.6-5.4-12-12-12h-40c-6.6 0-12 5.4-12 12v40c0 6.6 5.4 12 12 12zm128 0h40c6.6 0 12-5.4 12-12v-40c0-6.6-5.4-12-12-12h-40c-6.6 0-12 5.4-12 12v40c0 6.6 5.4 12 12 12zm-76 84v-40c0-6.6-5.4-12-12-12h-40c-6.6 0-12 5.4-12 12v40c0 6.6 5.4 12 12 12h40c6.6 0 12-5.4 12-12zm76 12h40c6.6 0 12-5.4 12-12v-40c0-6.6-5.4-12-12-12h-40c-6.6 0-12 5.4-12 12v40c0 6.6 5.4 12 12 12zm180 124v36H0v-36c0-6.6 5.4-12 12-12h19.5V24c0-13.3 10.7-24 24-24h337c13.3 0 24 10.7 24 24v440H436c6.6 0 12 5.4 12 12zM79.5 463H192v-67c0-6.6 5.4-12 12-12h40c6.6 0 12 5.4 12 12v67h112.5V49L80 48l-.5 415z"
                />
              </svg>
            </div>
          </div>
          <div
            class="td clickable"
            role="cell"
            style="box-sizing: border-box; flex: 80 0 auto; min-width: 30px; width: 80px; justify-content: left; text-align: left; flex-wrap: wrap; align-items: center; display: flex;"
            title=""
          >
            <div
              class="c3"
            >
              <a
                href="/contact/3"
              >
                summary
              </a>
            </div>
          </div>
          <div
            class="td"
            role="cell"
            style="box-sizing: border-box; flex: 60 0 auto; min-width: 30px; width: 60px; justify-content: left; text-align: left; flex-wrap: wrap; align-items: center; display: flex;"
            title=""
          >
            first
          </div>
          <div
            class="td"
            role="cell"
            style="box-sizing: border-box; flex: 60 0 auto; min-width: 30px; width: 60px; justify-content: left; text-align: left; flex-wrap: wrap; align-items: center; display: flex;"
            title=""
          >
            last
          </div>
          <div
            class="td"
            role="cell"
            style="box-sizing: border-box; flex: 80 0 auto; min-width: 30px; width: 80px; justify-content: left; text-align: left; flex-wrap: wrap; align-items: center; display: flex;"
            title=""
          />
          <div
            class="td text-break"
            role="cell"
            style="box-sizing: border-box; flex: 100 0 auto; min-width: 80px; width: 100px; justify-content: left; text-align: left; flex-wrap: wrap; align-items: center; display: flex;"
            title=""
          >
            email
          </div>
          <div
            class="td"
            role="cell"
            style="box-sizing: border-box; flex: 100 0 auto; min-width: 80px; width: 100px; justify-content: left; text-align: left; flex-wrap: wrap; align-items: center; display: flex;"
            title=""
          >
            123 mock st
          </div>
          <div
            class="td"
            role="cell"
            style="box-sizing: border-box; flex: 70 0 auto; min-width: 50px; width: 70px; justify-content: left; text-align: left; flex-wrap: wrap; align-items: center; display: flex;"
            title=""
          >
            city
          </div>
          <div
            class="td"
            role="cell"
            style="box-sizing: border-box; flex: 30 0 auto; min-width: 30px; width: 30px; justify-content: left; text-align: left; flex-wrap: wrap; align-items: center; display: flex;"
            title=""
          >
            province
          </div>
          <div
            class="td"
            role="cell"
            style="box-sizing: border-box; flex: 50 0 auto; min-width: 30px; width: 50px; justify-content: left; text-align: left; flex-wrap: wrap; align-items: center; display: flex;"
            title=""
          >
            <div
              class="c4 c5"
            >
              <button
                class="c6 Button c7 btn btn-light"
                title="View Contact"
                type="button"
              >
                <div
                  class="Button__value"
                >
                  <svg
                    fill="currentColor"
                    height="22"
                    stroke="currentColor"
                    stroke-width="0"
                    viewBox="0 0 24 24"
                    width="22"
                    xmlns="http://www.w3.org/2000/svg"
                  >
                    <path
                      d="M0 0h24v24H0z"
                      fill="none"
                    />
                    <path
                      d="M0 0h24v24H0z"
                      fill="none"
                    />
                    <path
                      d="M21 8V7l-3 2-3-2v1l3 2 3-2zm1-5H2C.9 3 0 3.9 0 5v14c0 1.1.9 2 2 2h20c1.1 0 1.99-.9 1.99-2L24 5c0-1.1-.9-2-2-2zM8 6c1.66 0 3 1.34 3 3s-1.34 3-3 3-3-1.34-3-3 1.34-3 3-3zm6 12H2v-1c0-2 4-3.1 6-3.1s6 1.1 6 3.1v1zm8-6h-8V6h8v6z"
                    />
                  </svg>
                </div>
              </button>
            </div>
          </div>
        </div>
      </div>
    </div>
  </div>
  .c0 {
  font-size: 1.4rem;
}

.c1 {
  margin-top: 0.3rem;
}

.c2 {
  width: 7.5rem;
  margin-left: 1rem;
  margin-right: 1rem;
}

.c2:disabled {
  background: white;
}

<div
    class="row"
  >
    <div
      class="align-self-center col-auto"
    >
      <span>
        1 - 3 of 3
      </span>
    </div>
    <div
      class="ml-auto align-self-center col-auto"
    >
      <p
        class="c0"
      >
        0 selected
      </p>
    </div>
    <div
      class="align-self-center col-auto"
    >
      <div
        class="Menu-root"
      >
        <div
          class="Menu-button"
        >
          <div
            class="d-flex"
          >
            <span
              class="c1"
            >
              Show
            </span>
            <input
              class="c2 form-control form-control-sm"
              disabled=""
              type="number"
              value="10"
            />
            <span
              class="c1"
            >
              Entries
            </span>
          </div>
        </div>
        <div
          class="Menu-items"
          style="width: 10.0rem;"
        >
          <div
            class="Menu-options scrollable list-group"
          >
            <div
              class="Menu-item list-group-item"
              title="menu-item-5"
            >
              5
            </div>
            <div
              class="Menu-item list-group-item"
              title="menu-item-10"
            >
              10
            </div>
            <div
              class="Menu-item list-group-item"
              title="menu-item-20"
            >
              20
            </div>
            <div
              class="Menu-item list-group-item"
              title="menu-item-50"
            >
              50
            </div>
            <div
              class="Menu-item list-group-item"
              title="menu-item-100"
            >
              100
            </div>
          </div>
        </div>
      </div>
    </div>
    <div
      class="align-self-center col-auto"
    >
      <ul
        class="pagination"
      >
        <li
          class="page-item disabled"
        >
          <a
            aria-disabled="true"
            aria-label="Previous page"
            class="page-link "
            rel="prev"
            role="button"
            tabindex="-1"
          >
            &lt;
          </a>
        </li>
        <li
          class="page-item active"
        >
          <a
            aria-current="page"
            aria-label="Page 1 is your current page"
            class="page-link"
            rel="canonical"
            role="button"
            tabindex="-1"
          >
            1
          </a>
        </li>
        <li
          class="page-item disabled"
        >
          <a
            aria-disabled="true"
            aria-label="Next page"
            class="page-link "
            rel="next"
            role="button"
            tabindex="-1"
          >
            &gt;
          </a>
        </li>
      </ul>
    </div>
  </div>
</DocumentFragment>
`;
