// Jest Snapshot v1, https://goo.gl/fbAQLP

exports[`Page size selector Snapshot matches 1`] = `
.c0 {
  margin-top: 0.3rem;
}

<div>
  <div
    className="Menu-root"
    onClick={[Function]}
    onFocus={[Function]}
    onTouchEnd={[Function]}
  >
    <div
      className="Menu-button"
      onClick={[Function]}
    >
      <div
        style={
          Object {
            "display": "flex",
          }
        }
      >
        <span
          className="c0"
        >
          Show
        </span>
        <input
          className="form-control form-control-sm"
          onChange={[Function]}
          style={
            Object {
              "marginLeft": 10,
              "marginRight": 10,
              "width": 50,
            }
          }
          type="number"
          value="1"
        />
        <span
          className="c0"
        >
          Entries
        </span>
      </div>
    </div>
    <div
      className="Menu-items top"
      style={
        Object {
          "width": "10.0rem",
        }
      }
    >
      <div
        className="Menu-options scrollable list-group"
        onKeyDown={[Function]}
      >
        <div
          className="Menu-item list-group-item"
          data-rb-event-key={null}
          disabled={false}
          onClick={[Function]}
          title="menu-item-1"
        >
          1
        </div>
        <div
          className="Menu-item list-group-item"
          data-rb-event-key={null}
          disabled={false}
          onClick={[Function]}
          title="menu-item-2"
        >
          2
        </div>
        <div
          className="Menu-item list-group-item"
          data-rb-event-key={null}
          disabled={false}
          onClick={[Function]}
          title="menu-item-3"
        >
          3
        </div>
        <div
          className="Menu-item list-group-item"
          data-rb-event-key={null}
          disabled={false}
          onClick={[Function]}
          title="menu-item-4"
        >
          4
        </div>
        <div
          className="Menu-item list-group-item"
          data-rb-event-key={null}
          disabled={false}
          onClick={[Function]}
          title="menu-item-5"
        >
          5
        </div>
      </div>
    </div>
  </div>
</div>
`;
