// Jest Snapshot v1, https://goo.gl/fbAQLP

exports[`NoteDetailsFormModal component renders as expected 1`] = `
.c4.btn {
  display: -webkit-box;
  display: -webkit-flex;
  display: -ms-flexbox;
  display: flex;
  -webkit-align-items: center;
  -webkit-box-align: center;
  -ms-flex-align: center;
  align-items: center;
  -webkit-box-pack: center;
  -webkit-justify-content: center;
  -ms-flex-pack: center;
  justify-content: center;
  padding: 0.4rem 1.2rem;
  min-height: 3rem;
  border: 0.2rem solid transparent;
  border-radius: 0.4rem;
  text-align: center;
  -webkit-text-decoration: none;
  text-decoration: none;
  font-size: 1.8rem;
  font-family: 'BCSans','Noto Sans',Verdana,Arial,sans-serif;
  font-weight: 700;
  -webkit-letter-spacing: 0.1rem;
  -moz-letter-spacing: 0.1rem;
  -ms-letter-spacing: 0.1rem;
  letter-spacing: 0.1rem;
  cursor: pointer;
}

.c4.btn:hover {
  -webkit-text-decoration: underline;
  text-decoration: underline;
  opacity: 0.8;
}

.c4.btn:focus {
  outline-width: 0.4rem;
  outline-style: solid;
  outline-offset: 1px;
  box-shadow: none;
}

.c4.btn.btn-primary {
  border: none;
}

.c4.btn.btn-secondary {
  background: none;
}

.c4.btn.btn-info {
  border: none;
  background: none;
  padding-left: 0.6rem;
  padding-right: 0.6rem;
}

.c4.btn.btn-info:hover,
.c4.btn.btn-info:active,
.c4.btn.btn-info:focus {
  background: none;
}

.c4.btn.btn-light {
  border: none;
}

.c4.btn.btn-dark {
  border: none;
}

.c4.btn.btn-link {
  font-size: 1.6rem;
  font-weight: 400;
  background: none;
  border: none;
  -webkit-text-decoration: none;
  text-decoration: none;
  min-height: 2.5rem;
  line-height: 3rem;
  -webkit-box-pack: left;
  -webkit-justify-content: left;
  -ms-flex-pack: left;
  justify-content: left;
  -webkit-letter-spacing: unset;
  -moz-letter-spacing: unset;
  -ms-letter-spacing: unset;
  letter-spacing: unset;
  padding: 0;
}

.c4.btn.btn-link:hover,
.c4.btn.btn-link:active,
.c4.btn.btn-link:focus {
  -webkit-text-decoration: underline;
  text-decoration: underline;
  border: none;
  background: none;
  box-shadow: none;
  outline: none;
}

.c4.btn.btn-link:disabled,
.c4.btn.btn-link.disabled {
  background: none;
  pointer-events: none;
}

.c4.btn:disabled,
.c4.btn:disabled:hover {
  box-shadow: none;
  -webkit-user-select: none;
  -moz-user-select: none;
  -ms-user-select: none;
  user-select: none;
  pointer-events: none;
  cursor: not-allowed;
  opacity: 0.65;
}

.c4.Button .Button__icon {
  margin-right: 1.6rem;
}

.c4.Button--icon-only:focus {
  outline: none;
}

.c4.Button--icon-only .Button__icon {
  margin-right: 0;
}

.c0 .modal-header {
  height: 3.8rem;
  padding: 0 1rem;
}

.c0 .modal-header .h4 {
  color: white;
  font-family: BcSans-Bold;
  font-size: 2.2rem;
  height: 2.75rem;
}

.c0 .modal-header .close {
  color: white;
  opacity: 1;
}

.c2 {
  font-weight: bold;
}

.c3 {
  display: -webkit-box;
  display: -webkit-flex;
  display: -ms-flexbox;
  display: flex;
  -webkit-box-pack: end;
  -webkit-justify-content: end;
  -ms-flex-pack: end;
  justify-content: end;
}

.c1 {
  min-width: 70rem;
}

.c1 .modal-body {
  padding-left: 2rem;
  padding-right: 2rem;
}

.c1 .modal-footer {
  padding-left: 2rem;
  padding-right: 2rem;
}

.c1 .form-group label {
  font-family: BcSans-Bold;
  line-height: 2rem;
}

<body
  class="modal-open"
  style="padding-right: 0px;"
>
  <div
    aria-hidden="true"
  >
    <div
      class="Toastify"
    />
    <div
      class="Toastify"
    />
    <div
      class="container"
    />
  </div>
  <div
    class="fade modal-backdrop show"
  />
  <div
    aria-modal="true"
    class="fade c0 c1 modal show"
    role="dialog"
    style="display: block;"
    tabindex="-1"
  >
    <div
      class="modal-dialog c1"
    >
      <div
        class="modal-content"
      >
        <div
          class="modal-header"
        >
          <div
            class="modal-title h4"
          >
            Notes
          </div>
          <button
            class="close"
            type="button"
          >
            <span
              aria-hidden="true"
            >
              Ã—
            </span>
            <span
              class="sr-only"
            >
              Close
            </span>
          </button>
        </div>
        <div
          class="modal-body"
        >
          <div
            class="container"
          >
            <div
              class="no-gutters row"
            >
              <div
                class="mr-2 col-md-2"
              >
                Created:
              </div>
              <div
                class="col"
              >
                <span>
                  <strong>
                    Jul 20, 2022
                  </strong>
                   by
                   
                  <span
                    class="tooltip-icon"
                    data-testid="tooltip-icon"
                    id="userNameTooltip"
                  >
                    <span
                      class="c2"
                    >
                      admin
                    </span>
                  </span>
                </span>
              </div>
            </div>
            <div
              class="no-gutters row"
            >
              <div
                class="mr-2 col-md-2"
              >
                Last updated:
              </div>
              <div
                class="col"
              >
                <span>
                  <strong>
                    Jul 20, 2022
                  </strong>
                   by
                   
                  <span
                    class="tooltip-icon"
                    data-testid="tooltip-icon"
                    id="userNameTooltip"
                  >
                    <span
                      class="c2"
                    >
                      admin
                    </span>
                  </span>
                </span>
              </div>
              <div
                class="c3 col"
              />
            </div>
            <div
              class="no-gutters row"
            >
              <div
                class="col"
              >
                <textarea
                  class="form-control"
                  readonly=""
                  rows="15"
                  title="Note"
                >
                  Test Note
                </textarea>
              </div>
            </div>
          </div>
        </div>
        <div
          class="modal-footer"
        >
          <button
            class="c4 Button btn btn-primary"
            title="ok-modal"
            type="button"
          >
            <div
              class="Button__value"
            >
              Close
            </div>
          </button>
        </div>
      </div>
    </div>
  </div>
</body>
`;
