// Jest Snapshot v1, https://goo.gl/fbAQLP

exports[`Layer Popup links Renders correctly 1`] = `
<DocumentFragment>
  <div
    class="Toastify"
  />
  <div
    class="container"
  />
  <div
    class="Toastify"
  />
  .c1.btn {
  display: -webkit-box;
  display: -webkit-flex;
  display: -ms-flexbox;
  display: flex;
  -webkit-align-items: center;
  -webkit-box-align: center;
  -ms-flex-align: center;
  align-items: center;
  -webkit-box-pack: center;
  -webkit-justify-content: center;
  -ms-flex-pack: center;
  justify-content: center;
  padding: 0.4rem 1.2rem;
  min-height: 3rem;
  border: 0.2rem solid transparent;
  border-radius: 0.4rem;
  text-align: center;
  -webkit-text-decoration: none;
  text-decoration: none;
  font-size: 1.8rem;
  font-family: 'BCSans','Noto Sans',Verdana,Arial,sans-serif;
  font-weight: 700;
  -webkit-letter-spacing: 0.1rem;
  -moz-letter-spacing: 0.1rem;
  -ms-letter-spacing: 0.1rem;
  letter-spacing: 0.1rem;
  cursor: pointer;
}

.c1.btn:hover {
  -webkit-text-decoration: underline;
  text-decoration: underline;
  opacity: 0.8;
}

.c1.btn:focus {
  outline-width: 0.4rem;
  outline-style: solid;
  outline-offset: 1px;
  box-shadow: none;
}

.c1.btn.btn-primary {
  border: none;
}

.c1.btn.btn-secondary {
  background: none;
}

.c1.btn.btn-info {
  border: none;
  background: none;
  padding-left: 0.6rem;
  padding-right: 0.6rem;
}

.c1.btn.btn-info:hover,
.c1.btn.btn-info:active,
.c1.btn.btn-info:focus {
  background: none;
}

.c1.btn.btn-light {
  border: none;
}

.c1.btn.btn-dark {
  border: none;
}

.c1.btn.btn-link {
  font-size: 1.6rem;
  font-weight: 400;
  background: none;
  border: none;
  -webkit-text-decoration: none;
  text-decoration: none;
  min-height: 2.5rem;
  line-height: 3rem;
  -webkit-box-pack: left;
  -webkit-justify-content: left;
  -ms-flex-pack: left;
  justify-content: left;
  -webkit-letter-spacing: unset;
  -moz-letter-spacing: unset;
  -ms-letter-spacing: unset;
  letter-spacing: unset;
  text-align: left;
  padding: 0;
}

.c1.btn.btn-link:hover,
.c1.btn.btn-link:active,
.c1.btn.btn-link:focus {
  -webkit-text-decoration: underline;
  text-decoration: underline;
  border: none;
  background: none;
  box-shadow: none;
  outline: none;
}

.c1.btn.btn-link:disabled,
.c1.btn.btn-link.disabled {
  background: none;
  pointer-events: none;
}

.c1.btn:disabled,
.c1.btn:disabled:hover {
  box-shadow: none;
  -webkit-user-select: none;
  -moz-user-select: none;
  -ms-user-select: none;
  user-select: none;
  pointer-events: none;
  cursor: not-allowed;
  opacity: 0.65;
}

.c1.Button .Button__icon {
  margin-right: 1.6rem;
}

.c1.Button--icon-only:focus {
  outline: none;
}

.c1.Button--icon-only .Button__icon {
  margin-right: 0;
}

.c0 {
  display: -webkit-box;
  display: -webkit-flex;
  display: -ms-flexbox;
  display: flex;
  -webkit-align-items: center;
  -webkit-box-align: center;
  -ms-flex-align: center;
  align-items: center;
  -webkit-box-pack: justify;
  -webkit-justify-content: space-between;
  -ms-flex-pack: justify;
  justify-content: space-between;
  border-top: 1px solid #bcbec5;
  margin-top: 0.8rem;
}

<div
    class="c0"
  >
    <button
      class="c1 Button btn btn-link"
      type="button"
    >
      <div
        class="Button__value"
      >
        Zoom map
      </div>
    </button>
    <button
      class="c1 Button btn btn-link"
      data-testid="fly-out-ellipsis"
      type="button"
    >
      <div
        class="Button__value"
      >
        <svg
          fill="currentColor"
          height="1em"
          stroke="currentColor"
          stroke-width="0"
          viewBox="0 0 512 512"
          width="1em"
          xmlns="http://www.w3.org/2000/svg"
        >
          <path
            d="M328 256c0 39.8-32.2 72-72 72s-72-32.2-72-72 32.2-72 72-72 72 32.2 72 72zm104-72c-39.8 0-72 32.2-72 72s32.2 72 72 72 72-32.2 72-72-32.2-72-72-72zm-352 0c-39.8 0-72 32.2-72 72s32.2 72 72 72 72-32.2 72-72-32.2-72-72-72z"
          />
        </svg>
      </div>
    </button>
  </div>
</DocumentFragment>
`;
