// Vitest Snapshot v1, https://vitest.dev/guide/snapshot.html

exports[`ProjectHeader component > renders as expected 1`] = `
<DocumentFragment>
  <div
    class="Toastify"
  />
  <div />
  .c4 {
  font-size: 0.87em;
  line-height: 1.9;
}

.c2 {
  font-weight: bold;
  white-space: nowrap;
}

.c6 {
  display: -webkit-box;
  display: -webkit-flex;
  display: -ms-flexbox;
  display: flex;
  -webkit-flex-wrap: nowrap;
  -ms-flex-wrap: nowrap;
  flex-wrap: nowrap;
}

.c7 {
  font-family: 'BCSans-Bold';
  font-size: 1.4rem;
  border-radius: 0.4rem;
  -webkit-letter-spacing: 0.1rem;
  -moz-letter-spacing: 0.1rem;
  -ms-letter-spacing: 0.1rem;
  letter-spacing: 0.1rem;
  -webkit-align-items: center;
  -webkit-box-align: center;
  -ms-flex-align: center;
  align-items: center;
  padding: 0.2rem 0.5rem;
  margin-left: 0.4rem;
  gap: 0.5rem;
  color: #2e8540;
  background-color: #dff0d8;
}

.c5 {
  margin-top: auto;
  padding-top: 1rem;
  padding-bottom: 1rem;
}

.c0 {
  margin-top: 0.5rem;
  margin-bottom: 1.5rem;
  border-bottom-style: solid;
  border-bottom-color: grey;
  border-bottom-width: 0.1rem;
}

.c3 {
  height: 100%;
  display: -webkit-box;
  display: -webkit-flex;
  display: -ms-flexbox;
  display: flex;
  -webkit-flex-direction: column;
  -ms-flex-direction: column;
  flex-direction: column;
}

.c1 {
  max-width: 60rem;
}

<div
    class="c0 no-gutters row"
  >
    <div
      class="c1 col-7"
    >
      <div
        class="row"
      >
        <div
          class="pr-0 text-left col-3"
        >
          <label
            class="c2"
          >
            Project:
          </label>
        </div>
        <div
          class="pl-1 text-left col-9"
        >
          771 Project Cool A
        </div>
      </div>
      <div
        class="row"
      >
        <div
          class="pr-0 text-left col-3"
        >
          <label
            class="c2"
          >
            MoTI region:
          </label>
        </div>
        <div
          class="pl-1 text-left col-9"
        >
          South Coast Region
        </div>
      </div>
    </div>
    <div
      class="col"
    >
      <div
        class="c3"
      >
        <div
          class="no-gutters row"
        >
          <div
            class="text-right col"
          >
            <span
              class="c4"
            >
              <strong>
                Created: 
              </strong>
              Jan 31, 2023 by 
              <span
                class="tooltip-icon"
                data-testid="tooltip-icon-userNameTooltip"
                id="userNameTooltip"
              >
                <strong>
                  USER_B
                </strong>
              </span>
            </span>
          </div>
        </div>
        <div
          class="no-gutters row"
        >
          <div
            class="text-right col"
          >
            <span
              class="c4"
            >
              <strong>
                Updated: 
              </strong>
              Feb 1, 2023 by 
              <span
                class="tooltip-icon"
                data-testid="tooltip-icon-userNameTooltip"
                id="userNameTooltip"
              >
                <strong>
                  USER_A
                </strong>
              </span>
            </span>
          </div>
        </div>
        <div
          class="c5"
        >
          <div
            class="no-gutters justify-content-end align-items-end row"
          >
            <div
              class="col"
            />
            <div
              class="align-self-end d-flex col-auto"
            >
              <span
                class="c4"
              >
                <b />
              </span>
              <div
                class="c6 c7"
              >
                <svg
                  fill="currentColor"
                  height="16"
                  stroke="currentColor"
                  stroke-width="0"
                  viewBox="0 0 24 24"
                  width="16"
                  xmlns="http://www.w3.org/2000/svg"
                >
                  <path
                    d="M0 0h24v24H0z"
                    fill="none"
                  />
                  <path
                    d="M12 2C6.47 2 2 6.47 2 12s4.47 10 10 10 10-4.47 10-10S17.53 2 12 2z"
                  />
                </svg>
                ACTIVE (AC)
              </div>
            </div>
          </div>
        </div>
      </div>
    </div>
  </div>
</DocumentFragment>
`;
