// Jest Snapshot v1, https://goo.gl/fbAQLP

exports[`ReturnedDepositModal component renders as expected 1`] = `
<DocumentFragment>
  <div
    class="Toastify"
  />
  <div />
  <div />
</DocumentFragment>
`;

exports[`ReturnedDepositModal component renders with data as expected 1`] = `
<DocumentFragment>
  <div
    class="Toastify"
  />
  <div />
  <div />
</DocumentFragment>
`;
